###############################################################################
#
# IAR ELF Linker V9.40.1.364/W64 for ARM                  24/Apr/2025  16:30:17
# Copyright 2007-2023 IAR Systems AB.
#
#    Output file  =
#        C:\Users\jty\Desktop\CYT4BB7_Library-master\CYT4BB7_Library-master\Example\Coreboard_Demo\Car01\iar\Debug_m7_0\Exe\cyt4bb7_cm_7_0.out
#    Map file     =
#        C:\Users\jty\Desktop\CYT4BB7_Library-master\CYT4BB7_Library-master\Example\Coreboard_Demo\Car01\iar\Debug_m7_0\List\cyt4bb7_cm_7_0.map
#    Command line =
#        -f
#        C:\Users\jty\Desktop\CYT4BB7_Library-master\CYT4BB7_Library-master\Example\Coreboard_Demo\Car01\iar\Debug_m7_0\Exe\cyt4bb7_cm_7_0.out.rsp
#        (C:\Users\jty\Desktop\CYT4BB7_Library-master\CYT4BB7_Library-master\Example\Coreboard_Demo\Car01\iar\Debug_m7_0\Obj\code_17896468042025673432.dir\Camera.o
#        C:\Users\jty\Desktop\CYT4BB7_Library-master\CYT4BB7_Library-master\Example\Coreboard_Demo\Car01\iar\Debug_m7_0\Obj\user_8514941877209965082.dir\cm7_0_isr.o
#        C:\Users\jty\Desktop\CYT4BB7_Library-master\CYT4BB7_Library-master\Example\Coreboard_Demo\Car01\iar\Debug_m7_0\Obj\code_17896468042025673432.dir\control.o
#        C:\Users\jty\Desktop\CYT4BB7_Library-master\CYT4BB7_Library-master\Example\Coreboard_Demo\Car01\iar\Debug_m7_0\Obj\adc_11722776235721520015.dir\cy_adc.o
#        C:\Users\jty\Desktop\CYT4BB7_Library-master\CYT4BB7_Library-master\Example\Coreboard_Demo\Car01\iar\Debug_m7_0\Obj\button_4990804375159372270.dir\cy_button.o
#        C:\Users\jty\Desktop\CYT4BB7_Library-master\CYT4BB7_Library-master\Example\Coreboard_Demo\Car01\iar\Debug_m7_0\Obj\canfd_1800690984773873875.dir\cy_canfd.o
#        C:\Users\jty\Desktop\CYT4BB7_Library-master\CYT4BB7_Library-master\Example\Coreboard_Demo\Car01\iar\Debug_m7_0\Obj\cpu_15938736945165268644.dir\cy_cpu.o
#        C:\Users\jty\Desktop\CYT4BB7_Library-master\CYT4BB7_Library-master\Example\Coreboard_Demo\Car01\iar\Debug_m7_0\Obj\crypto_1190170608956581615.dir\cy_crypto_config.o
#        C:\Users\jty\Desktop\CYT4BB7_Library-master\CYT4BB7_Library-master\Example\Coreboard_Demo\Car01\iar\Debug_m7_0\Obj\eth_phy_18133017486186456677.dir\cy_dp83867.o
#        C:\Users\jty\Desktop\CYT4BB7_Library-master\CYT4BB7_Library-master\Example\Coreboard_Demo\Car01\iar\Debug_m7_0\Obj\ethernet_6029839089178797009.dir\cy_ethif.o
#        C:\Users\jty\Desktop\CYT4BB7_Library-master\CYT4BB7_Library-master\Example\Coreboard_Demo\Car01\iar\Debug_m7_0\Obj\evtgen_3404189088603873129.dir\cy_evtgen.o
#        C:\Users\jty\Desktop\CYT4BB7_Library-master\CYT4BB7_Library-master\Example\Coreboard_Demo\Car01\iar\Debug_m7_0\Obj\flash_8529866181315662935.dir\cy_flash.o
#        C:\Users\jty\Desktop\CYT4BB7_Library-master\CYT4BB7_Library-master\Example\Coreboard_Demo\Car01\iar\Debug_m7_0\Obj\gpio_3999404635324069351.dir\cy_gpio.o
#        C:\Users\jty\Desktop\CYT4BB7_Library-master\CYT4BB7_Library-master\Example\Coreboard_Demo\Car01\iar\Debug_m7_0\Obj\audioss_1346650047966882938.dir\cy_i2s.o
#        C:\Users\jty\Desktop\CYT4BB7_Library-master\CYT4BB7_Library-master\Example\Coreboard_Demo\Car01\iar\Debug_m7_0\Obj\rev_b_6162237342861132223.dir\cy_interrupt_map.o
#        C:\Users\jty\Desktop\CYT4BB7_Library-master\CYT4BB7_Library-master\Example\Coreboard_Demo\Car01\iar\Debug_m7_0\Obj\ipc_10145506163450686023.dir\cy_ipc_drv.o
#        C:\Users\jty\Desktop\CYT4BB7_Library-master\CYT4BB7_Library-master\Example\Coreboard_Demo\Car01\iar\Debug_m7_0\Obj\ipc_10145506163450686023.dir\cy_ipc_pipe.o
#        C:\Users\jty\Desktop\CYT4BB7_Library-master\CYT4BB7_Library-master\Example\Coreboard_Demo\Car01\iar\Debug_m7_0\Obj\ipc_10145506163450686023.dir\cy_ipc_sema.o
#        C:\Users\jty\Desktop\CYT4BB7_Library-master\CYT4BB7_Library-master\Example\Coreboard_Demo\Car01\iar\Debug_m7_0\Obj\lin_18429031207028094880.dir\cy_lin.o
#        C:\Users\jty\Desktop\CYT4BB7_Library-master\CYT4BB7_Library-master\Example\Coreboard_Demo\Car01\iar\Debug_m7_0\Obj\lvd_6353935867039560245.dir\cy_lvd.o
#        C:\Users\jty\Desktop\CYT4BB7_Library-master\CYT4BB7_Library-master\Example\Coreboard_Demo\Car01\iar\Debug_m7_0\Obj\mcwdt_4052485907822033969.dir\cy_mcwdt.o
#        C:\Users\jty\Desktop\CYT4BB7_Library-master\CYT4BB7_Library-master\Example\Coreboard_Demo\Car01\iar\Debug_m7_0\Obj\dma_12106025507578611576.dir\cy_mdma.o
#        C:\Users\jty\Desktop\CYT4BB7_Library-master\CYT4BB7_Library-master\Example\Coreboard_Demo\Car01\iar\Debug_m7_0\Obj\mpu_5663187252346826382.dir\cy_mpu.o
#        C:\Users\jty\Desktop\CYT4BB7_Library-master\CYT4BB7_Library-master\Example\Coreboard_Demo\Car01\iar\Debug_m7_0\Obj\flash_864493325053435817.dir\cy_mw_flash.o
#        C:\Users\jty\Desktop\CYT4BB7_Library-master\CYT4BB7_Library-master\Example\Coreboard_Demo\Car01\iar\Debug_m7_0\Obj\dma_12106025507578611576.dir\cy_pdma.o
#        C:\Users\jty\Desktop\CYT4BB7_Library-master\CYT4BB7_Library-master\Example\Coreboard_Demo\Car01\iar\Debug_m7_0\Obj\power_14453085144426420577.dir\cy_power.o
#        C:\Users\jty\Desktop\CYT4BB7_Library-master\CYT4BB7_Library-master\Example\Coreboard_Demo\Car01\iar\Debug_m7_0\Obj\prot_10722960861768657883.dir\cy_prot.o
#        C:\Users\jty\Desktop\CYT4BB7_Library-master\CYT4BB7_Library-master\Example\Coreboard_Demo\Car01\iar\Debug_m7_0\Obj\scb_15490842639181808494.dir\cy_scb_common.o
#        C:\Users\jty\Desktop\CYT4BB7_Library-master\CYT4BB7_Library-master\Example\Coreboard_Demo\Car01\iar\Debug_m7_0\Obj\scb_15490842639181808494.dir\cy_scb_ezi2c.o
#        C:\Users\jty\Desktop\CYT4BB7_Library-master\CYT4BB7_Library-master\Example\Coreboard_Demo\Car01\iar\Debug_m7_0\Obj\scb_15490842639181808494.dir\cy_scb_i2c.o
#        C:\Users\jty\Desktop\CYT4BB7_Library-master\CYT4BB7_Library-master\Example\Coreboard_Demo\Car01\iar\Debug_m7_0\Obj\scb_15490842639181808494.dir\cy_scb_spi.o
#        C:\Users\jty\Desktop\CYT4BB7_Library-master\CYT4BB7_Library-master\Example\Coreboard_Demo\Car01\iar\Debug_m7_0\Obj\scb_15490842639181808494.dir\cy_scb_uart.o
#        C:\Users\jty\Desktop\CYT4BB7_Library-master\CYT4BB7_Library-master\Example\Coreboard_Demo\Car01\iar\Debug_m7_0\Obj\sd_host_2982766354293506895.dir\cy_sd_host.o
#        C:\Users\jty\Desktop\CYT4BB7_Library-master\CYT4BB7_Library-master\Example\Coreboard_Demo\Car01\iar\Debug_m7_0\Obj\semihosting_143864889731838620.dir\cy_semihosting.o
#        C:\Users\jty\Desktop\CYT4BB7_Library-master\CYT4BB7_Library-master\Example\Coreboard_Demo\Car01\iar\Debug_m7_0\Obj\smartio_5451710003740070188.dir\cy_smartio.o
#        C:\Users\jty\Desktop\CYT4BB7_Library-master\CYT4BB7_Library-master\Example\Coreboard_Demo\Car01\iar\Debug_m7_0\Obj\smif_427648126384146252.dir\cy_smif.o
#        C:\Users\jty\Desktop\CYT4BB7_Library-master\CYT4BB7_Library-master\Example\Coreboard_Demo\Car01\iar\Debug_m7_0\Obj\smif_mem_6470536964353725183.dir\cy_smif_device_common.o
#        C:\Users\jty\Desktop\CYT4BB7_Library-master\CYT4BB7_Library-master\Example\Coreboard_Demo\Car01\iar\Debug_m7_0\Obj\smif_mem_6470536964353725183.dir\cy_smif_hb_flash.o
#        C:\Users\jty\Desktop\CYT4BB7_Library-master\CYT4BB7_Library-master\Example\Coreboard_Demo\Car01\iar\Debug_m7_0\Obj\smif_427648126384146252.dir\cy_smif_memslot.o
#        C:\Users\jty\Desktop\CYT4BB7_Library-master\CYT4BB7_Library-master\Example\Coreboard_Demo\Car01\iar\Debug_m7_0\Obj\smif_mem_6470536964353725183.dir\cy_smif_s25fl.o
#        C:\Users\jty\Desktop\CYT4BB7_Library-master\CYT4BB7_Library-master\Example\Coreboard_Demo\Car01\iar\Debug_m7_0\Obj\smif_mem_6470536964353725183.dir\cy_smif_s25fs.o
#        C:\Users\jty\Desktop\CYT4BB7_Library-master\CYT4BB7_Library-master\Example\Coreboard_Demo\Car01\iar\Debug_m7_0\Obj\smif_mem_6470536964353725183.dir\cy_smif_semp.o
#        C:\Users\jty\Desktop\CYT4BB7_Library-master\CYT4BB7_Library-master\Example\Coreboard_Demo\Car01\iar\Debug_m7_0\Obj\smif_427648126384146252.dir\cy_smif_ver_specific.o
#        C:\Users\jty\Desktop\CYT4BB7_Library-master\CYT4BB7_Library-master\Example\Coreboard_Demo\Car01\iar\Debug_m7_0\Obj\srom_13018798572330080582.dir\cy_srom.o
#        C:\Users\jty\Desktop\CYT4BB7_Library-master\CYT4BB7_Library-master\Example\Coreboard_Demo\Car01\iar\Debug_m7_0\Obj\sw_timer_4215635015939382130.dir\cy_sw_tmr.o
#        C:\Users\jty\Desktop\CYT4BB7_Library-master\CYT4BB7_Library-master\Example\Coreboard_Demo\Car01\iar\Debug_m7_0\Obj\sysclk_16149231235676103872.dir\cy_sysclk.o
#        C:\Users\jty\Desktop\CYT4BB7_Library-master\CYT4BB7_Library-master\Example\Coreboard_Demo\Car01\iar\Debug_m7_0\Obj\sysflt_12293435975120599261.dir\cy_sysflt.o
#        C:\Users\jty\Desktop\CYT4BB7_Library-master\CYT4BB7_Library-master\Example\Coreboard_Demo\Car01\iar\Debug_m7_0\Obj\sysint_7435970359207984181.dir\cy_sysint.o
#        C:\Users\jty\Desktop\CYT4BB7_Library-master\CYT4BB7_Library-master\Example\Coreboard_Demo\Car01\iar\Debug_m7_0\Obj\syslib_16330585751512546975.dir\cy_syslib.o
#        C:\Users\jty\Desktop\CYT4BB7_Library-master\CYT4BB7_Library-master\Example\Coreboard_Demo\Car01\iar\Debug_m7_0\Obj\syslib_16330585751512546975.dir\cy_syslib_iar.o
#        C:\Users\jty\Desktop\CYT4BB7_Library-master\CYT4BB7_Library-master\Example\Coreboard_Demo\Car01\iar\Debug_m7_0\Obj\syspm_10887939769544754770.dir\cy_syspm.o
#        C:\Users\jty\Desktop\CYT4BB7_Library-master\CYT4BB7_Library-master\Example\Coreboard_Demo\Car01\iar\Debug_m7_0\Obj\sysreghc_17676636058511625587.dir\cy_sysreghc.o
#        C:\Users\jty\Desktop\CYT4BB7_Library-master\CYT4BB7_Library-master\Example\Coreboard_Demo\Car01\iar\Debug_m7_0\Obj\sysreset_14586141425677365288.dir\cy_sysreset.o
#        C:\Users\jty\Desktop\CYT4BB7_Library-master\CYT4BB7_Library-master\Example\Coreboard_Demo\Car01\iar\Debug_m7_0\Obj\sysrtc_10747768817563771611.dir\cy_sysrtc.o
#        C:\Users\jty\Desktop\CYT4BB7_Library-master\CYT4BB7_Library-master\Example\Coreboard_Demo\Car01\iar\Debug_m7_0\Obj\systick_16016591671695740695.dir\cy_systick.o
#        C:\Users\jty\Desktop\CYT4BB7_Library-master\CYT4BB7_Library-master\Example\Coreboard_Demo\Car01\iar\Debug_m7_0\Obj\syswdt_9118657615806274156.dir\cy_syswdt.o
#        C:\Users\jty\Desktop\CYT4BB7_Library-master\CYT4BB7_Library-master\Example\Coreboard_Demo\Car01\iar\Debug_m7_0\Obj\tcpwm_422923530147891246.dir\cy_tcpwm.o
#        C:\Users\jty\Desktop\CYT4BB7_Library-master\CYT4BB7_Library-master\Example\Coreboard_Demo\Car01\iar\Debug_m7_0\Obj\tcpwm_422923530147891246.dir\cy_tcpwm_counter.o
#        C:\Users\jty\Desktop\CYT4BB7_Library-master\CYT4BB7_Library-master\Example\Coreboard_Demo\Car01\iar\Debug_m7_0\Obj\tcpwm_422923530147891246.dir\cy_tcpwm_pwm.o
#        C:\Users\jty\Desktop\CYT4BB7_Library-master\CYT4BB7_Library-master\Example\Coreboard_Demo\Car01\iar\Debug_m7_0\Obj\tcpwm_422923530147891246.dir\cy_tcpwm_quaddec.o
#        C:\Users\jty\Desktop\CYT4BB7_Library-master\CYT4BB7_Library-master\Example\Coreboard_Demo\Car01\iar\Debug_m7_0\Obj\tcpwm_422923530147891246.dir\cy_tcpwm_sr.o
#        C:\Users\jty\Desktop\CYT4BB7_Library-master\CYT4BB7_Library-master\Example\Coreboard_Demo\Car01\iar\Debug_m7_0\Obj\trigmux_9729677290734583340.dir\cy_trigmux.o
#        C:\Users\jty\Desktop\CYT4BB7_Library-master\CYT4BB7_Library-master\Example\Coreboard_Demo\Car01\iar\Debug_m7_0\Obj\ethernet_6029839089178797009.dir\edd.o
#        C:\Users\jty\Desktop\CYT4BB7_Library-master\CYT4BB7_Library-master\Example\Coreboard_Demo\Car01\iar\Debug_m7_0\Obj\ethernet_6029839089178797009.dir\edd_rx.o
#        C:\Users\jty\Desktop\CYT4BB7_Library-master\CYT4BB7_Library-master\Example\Coreboard_Demo\Car01\iar\Debug_m7_0\Obj\ethernet_6029839089178797009.dir\edd_tx.o
#        C:\Users\jty\Desktop\CYT4BB7_Library-master\CYT4BB7_Library-master\Example\Coreboard_Demo\Car01\iar\Debug_m7_0\Obj\code_17896468042025673432.dir\GET_ANGLE.o
#        C:\Users\jty\Desktop\CYT4BB7_Library-master\CYT4BB7_Library-master\Example\Coreboard_Demo\Car01\iar\Debug_m7_0\Obj\user_8514941877209965082.dir\main_cm7_0.o
#        C:\Users\jty\Desktop\CYT4BB7_Library-master\CYT4BB7_Library-master\Example\Coreboard_Demo\Car01\iar\Debug_m7_0\Obj\code_17896468042025673432.dir\motor.o
#        C:\Users\jty\Desktop\CYT4BB7_Library-master\CYT4BB7_Library-master\Example\Coreboard_Demo\Car01\iar\Debug_m7_0\Obj\zf_components_14936052685886095442.dir\seekfree_assistant.o
#        C:\Users\jty\Desktop\CYT4BB7_Library-master\CYT4BB7_Library-master\Example\Coreboard_Demo\Car01\iar\Debug_m7_0\Obj\zf_components_14936052685886095442.dir\seekfree_assistant_interface.o
#        C:\Users\jty\Desktop\CYT4BB7_Library-master\CYT4BB7_Library-master\Example\Coreboard_Demo\Car01\iar\Debug_m7_0\Obj\startup_479057977785470282.dir\startup.o
#        C:\Users\jty\Desktop\CYT4BB7_Library-master\CYT4BB7_Library-master\Example\Coreboard_Demo\Car01\iar\Debug_m7_0\Obj\startup_479057977785470282.dir\startup_cm7.o
#        C:\Users\jty\Desktop\CYT4BB7_Library-master\CYT4BB7_Library-master\Example\Coreboard_Demo\Car01\iar\Debug_m7_0\Obj\rev_b_4986922561640112550.dir\system_tviibh4m_cm7.o
#        C:\Users\jty\Desktop\CYT4BB7_Library-master\CYT4BB7_Library-master\Example\Coreboard_Demo\Car01\iar\Debug_m7_0\Obj\zf_common_1201165462030747823.dir\zf_common_clock.o
#        C:\Users\jty\Desktop\CYT4BB7_Library-master\CYT4BB7_Library-master\Example\Coreboard_Demo\Car01\iar\Debug_m7_0\Obj\zf_common_1201165462030747823.dir\zf_common_debug.o
#        C:\Users\jty\Desktop\CYT4BB7_Library-master\CYT4BB7_Library-master\Example\Coreboard_Demo\Car01\iar\Debug_m7_0\Obj\zf_common_1201165462030747823.dir\zf_common_fifo.o
#        C:\Users\jty\Desktop\CYT4BB7_Library-master\CYT4BB7_Library-master\Example\Coreboard_Demo\Car01\iar\Debug_m7_0\Obj\zf_common_1201165462030747823.dir\zf_common_font.o
#        C:\Users\jty\Desktop\CYT4BB7_Library-master\CYT4BB7_Library-master\Example\Coreboard_Demo\Car01\iar\Debug_m7_0\Obj\zf_common_1201165462030747823.dir\zf_common_function.o
#        C:\Users\jty\Desktop\CYT4BB7_Library-master\CYT4BB7_Library-master\Example\Coreboard_Demo\Car01\iar\Debug_m7_0\Obj\zf_common_1201165462030747823.dir\zf_common_interrupt.o
#        C:\Users\jty\Desktop\CYT4BB7_Library-master\CYT4BB7_Library-master\Example\Coreboard_Demo\Car01\iar\Debug_m7_0\Obj\zf_device_6570275422786408770.dir\zf_device_ble6a20.o
#        C:\Users\jty\Desktop\CYT4BB7_Library-master\CYT4BB7_Library-master\Example\Coreboard_Demo\Car01\iar\Debug_m7_0\Obj\zf_device_6570275422786408770.dir\zf_device_dl1a.o
#        C:\Users\jty\Desktop\CYT4BB7_Library-master\CYT4BB7_Library-master\Example\Coreboard_Demo\Car01\iar\Debug_m7_0\Obj\zf_device_6570275422786408770.dir\zf_device_dl1b.o
#        C:\Users\jty\Desktop\CYT4BB7_Library-master\CYT4BB7_Library-master\Example\Coreboard_Demo\Car01\iar\Debug_m7_0\Obj\zf_device_6570275422786408770.dir\zf_device_gnss.o
#        C:\Users\jty\Desktop\CYT4BB7_Library-master\CYT4BB7_Library-master\Example\Coreboard_Demo\Car01\iar\Debug_m7_0\Obj\zf_device_6570275422786408770.dir\zf_device_icm20602.o
#        C:\Users\jty\Desktop\CYT4BB7_Library-master\CYT4BB7_Library-master\Example\Coreboard_Demo\Car01\iar\Debug_m7_0\Obj\zf_device_6570275422786408770.dir\zf_device_imu660ra.o
#        C:\Users\jty\Desktop\CYT4BB7_Library-master\CYT4BB7_Library-master\Example\Coreboard_Demo\Car01\iar\Debug_m7_0\Obj\zf_device_6570275422786408770.dir\zf_device_imu963ra.o
#        C:\Users\jty\Desktop\CYT4BB7_Library-master\CYT4BB7_Library-master\Example\Coreboard_Demo\Car01\iar\Debug_m7_0\Obj\zf_device_6570275422786408770.dir\zf_device_ips114.o
#        C:\Users\jty\Desktop\CYT4BB7_Library-master\CYT4BB7_Library-master\Example\Coreboard_Demo\Car01\iar\Debug_m7_0\Obj\zf_device_6570275422786408770.dir\zf_device_ips200.o
#        C:\Users\jty\Desktop\CYT4BB7_Library-master\CYT4BB7_Library-master\Example\Coreboard_Demo\Car01\iar\Debug_m7_0\Obj\zf_device_6570275422786408770.dir\zf_device_key.o
#        C:\Users\jty\Desktop\CYT4BB7_Library-master\CYT4BB7_Library-master\Example\Coreboard_Demo\Car01\iar\Debug_m7_0\Obj\zf_device_6570275422786408770.dir\zf_device_menc15a.o
#        C:\Users\jty\Desktop\CYT4BB7_Library-master\CYT4BB7_Library-master\Example\Coreboard_Demo\Car01\iar\Debug_m7_0\Obj\zf_device_6570275422786408770.dir\zf_device_mt9v03x.o
#        C:\Users\jty\Desktop\CYT4BB7_Library-master\CYT4BB7_Library-master\Example\Coreboard_Demo\Car01\iar\Debug_m7_0\Obj\zf_device_6570275422786408770.dir\zf_device_oled.o
#        C:\Users\jty\Desktop\CYT4BB7_Library-master\CYT4BB7_Library-master\Example\Coreboard_Demo\Car01\iar\Debug_m7_0\Obj\zf_device_6570275422786408770.dir\zf_device_tft180.o
#        C:\Users\jty\Desktop\CYT4BB7_Library-master\CYT4BB7_Library-master\Example\Coreboard_Demo\Car01\iar\Debug_m7_0\Obj\zf_device_6570275422786408770.dir\zf_device_tsl1401.o
#        C:\Users\jty\Desktop\CYT4BB7_Library-master\CYT4BB7_Library-master\Example\Coreboard_Demo\Car01\iar\Debug_m7_0\Obj\zf_device_6570275422786408770.dir\zf_device_type.o
#        C:\Users\jty\Desktop\CYT4BB7_Library-master\CYT4BB7_Library-master\Example\Coreboard_Demo\Car01\iar\Debug_m7_0\Obj\zf_device_6570275422786408770.dir\zf_device_uart_receiver.o
#        C:\Users\jty\Desktop\CYT4BB7_Library-master\CYT4BB7_Library-master\Example\Coreboard_Demo\Car01\iar\Debug_m7_0\Obj\zf_device_6570275422786408770.dir\zf_device_wifi_spi.o
#        C:\Users\jty\Desktop\CYT4BB7_Library-master\CYT4BB7_Library-master\Example\Coreboard_Demo\Car01\iar\Debug_m7_0\Obj\zf_device_6570275422786408770.dir\zf_device_wifi_uart.o
#        C:\Users\jty\Desktop\CYT4BB7_Library-master\CYT4BB7_Library-master\Example\Coreboard_Demo\Car01\iar\Debug_m7_0\Obj\zf_device_6570275422786408770.dir\zf_device_wireless_uart.o
#        C:\Users\jty\Desktop\CYT4BB7_Library-master\CYT4BB7_Library-master\Example\Coreboard_Demo\Car01\iar\Debug_m7_0\Obj\zf_driver_11922370083829174090.dir\zf_driver_adc.o
#        C:\Users\jty\Desktop\CYT4BB7_Library-master\CYT4BB7_Library-master\Example\Coreboard_Demo\Car01\iar\Debug_m7_0\Obj\zf_driver_11922370083829174090.dir\zf_driver_delay.o
#        C:\Users\jty\Desktop\CYT4BB7_Library-master\CYT4BB7_Library-master\Example\Coreboard_Demo\Car01\iar\Debug_m7_0\Obj\zf_driver_11922370083829174090.dir\zf_driver_dma.o
#        C:\Users\jty\Desktop\CYT4BB7_Library-master\CYT4BB7_Library-master\Example\Coreboard_Demo\Car01\iar\Debug_m7_0\Obj\zf_driver_11922370083829174090.dir\zf_driver_encoder.o
#        C:\Users\jty\Desktop\CYT4BB7_Library-master\CYT4BB7_Library-master\Example\Coreboard_Demo\Car01\iar\Debug_m7_0\Obj\zf_driver_11922370083829174090.dir\zf_driver_exti.o
#        C:\Users\jty\Desktop\CYT4BB7_Library-master\CYT4BB7_Library-master\Example\Coreboard_Demo\Car01\iar\Debug_m7_0\Obj\zf_driver_11922370083829174090.dir\zf_driver_flash.o
#        C:\Users\jty\Desktop\CYT4BB7_Library-master\CYT4BB7_Library-master\Example\Coreboard_Demo\Car01\iar\Debug_m7_0\Obj\zf_driver_11922370083829174090.dir\zf_driver_gpio.o
#        C:\Users\jty\Desktop\CYT4BB7_Library-master\CYT4BB7_Library-master\Example\Coreboard_Demo\Car01\iar\Debug_m7_0\Obj\zf_driver_11922370083829174090.dir\zf_driver_ipc.o
#        C:\Users\jty\Desktop\CYT4BB7_Library-master\CYT4BB7_Library-master\Example\Coreboard_Demo\Car01\iar\Debug_m7_0\Obj\zf_driver_11922370083829174090.dir\zf_driver_pit.o
#        C:\Users\jty\Desktop\CYT4BB7_Library-master\CYT4BB7_Library-master\Example\Coreboard_Demo\Car01\iar\Debug_m7_0\Obj\zf_driver_11922370083829174090.dir\zf_driver_pwm.o
#        C:\Users\jty\Desktop\CYT4BB7_Library-master\CYT4BB7_Library-master\Example\Coreboard_Demo\Car01\iar\Debug_m7_0\Obj\zf_driver_11922370083829174090.dir\zf_driver_soft_iic.o
#        C:\Users\jty\Desktop\CYT4BB7_Library-master\CYT4BB7_Library-master\Example\Coreboard_Demo\Car01\iar\Debug_m7_0\Obj\zf_driver_11922370083829174090.dir\zf_driver_soft_spi.o
#        C:\Users\jty\Desktop\CYT4BB7_Library-master\CYT4BB7_Library-master\Example\Coreboard_Demo\Car01\iar\Debug_m7_0\Obj\zf_driver_11922370083829174090.dir\zf_driver_spi.o
#        C:\Users\jty\Desktop\CYT4BB7_Library-master\CYT4BB7_Library-master\Example\Coreboard_Demo\Car01\iar\Debug_m7_0\Obj\zf_driver_11922370083829174090.dir\zf_driver_timer.o
#        C:\Users\jty\Desktop\CYT4BB7_Library-master\CYT4BB7_Library-master\Example\Coreboard_Demo\Car01\iar\Debug_m7_0\Obj\zf_driver_11922370083829174090.dir\zf_driver_uart.o
#        --no_out_extension -o
#        C:\Users\jty\Desktop\CYT4BB7_Library-master\CYT4BB7_Library-master\Example\Coreboard_Demo\Car01\iar\Debug_m7_0\Exe\cyt4bb7_cm_7_0.out
#        --config_def _CORE_cm7_0_=0 --config_def _LINK_flash_=0 --map
#        C:\Users\jty\Desktop\CYT4BB7_Library-master\CYT4BB7_Library-master\Example\Coreboard_Demo\Car01\iar\Debug_m7_0\List\cyt4bb7_cm_7_0.map
#        --config
#        C:\Users\jty\Desktop\CYT4BB7_Library-master\CYT4BB7_Library-master\Example\Coreboard_Demo\Car01\iar\project_config\..\icf\linker_directives_tviibh.icf
#        --semihosting
#        C:\Users\jty\Desktop\CYT4BB7_Library-master\CYT4BB7_Library-master\Example\Coreboard_Demo\Car01\iar\project_config\..\..\..\libraries\sdk\tviibh4m\src\drivers\crypto\libs\libcrypto_server_cm0plus_iar.a
#        C:\Users\jty\Desktop\CYT4BB7_Library-master\CYT4BB7_Library-master\Example\Coreboard_Demo\Car01\iar\project_config\..\..\..\libraries\zf_device\zf_device_config.a
#        C:\Users\jty\Desktop\CYT4BB7_Library-master\CYT4BB7_Library-master\Example\Coreboard_Demo\Car01\iar\project_config\..\..\..\libraries\sdk\common\hdr\cmsis\dsp\iar_cortexM7lf_math.a
#        --entry __iar_program_start --vfe --text_out locale --cpu=Cortex-M7
#        --fpu=VFPv5_d16) --dependencies=n
#        C:\Users\jty\Desktop\CYT4BB7_Library-master\CYT4BB7_Library-master\Example\Coreboard_Demo\Car01\iar\Debug_m7_0\Exe\cyt4bb7_cm_7_0.out.iar_deps
#
###############################################################################

*******************************************************************************
*** RUNTIME MODEL ATTRIBUTES
***

CppFlavor       = *
__CPP_Runtime   = 1
__SystemLibrary = DLib
__dlib_version  = 6


*******************************************************************************
*** HEAP SELECTION
***

The basic heap was selected because --advanced_heap
was not specified and the application did not appear to
be primarily optimized for speed.


*******************************************************************************
*** PLACEMENT SUMMARY
***

"A0":  place at start of [from 0x1008'0000 to 0x1027'ffff] { section .intvec };
"P1":  place in [from 0x1008'0000 to 0x1027'ffff] { ro };
"P2":  place in [from 0x2802'0000 to 0x2807'ffff] { rw };
define block HEAP with size = 1K, alignment = 8 { };
define block CSTACK with size = 8K, alignment = 8 { };
define block HEAP_STACK { block HEAP, last block CSTACK };
"A1":  place at end of [from 0x2802'0000 to 0x2807'ffff] { block HEAP_STACK };
do not initialize { section .intvec_ram };
initialize by copy { rw };

No sections matched the following patterns:

  ro section .sflash_app_prot  in "P6"
  ro section .sflash_nar       in "P4"
  ro section .sflash_pkey      in "P5"
  ro section .sflash_toc2      in "P7"
  ro section .sflash_uf_rows   in "P3"
  ro section .work_flash       in "P8"
  section .global_ram_data     in "P9"


  Section            Kind         Address    Size  Object
  -------            ----         -------    ----  ------
"A0":                                        0x80
  .intvec            ro code  0x1008'0000    0x80  startup_cm7.o [31]
                            - 0x1008'0080    0x80

"P1":                                      0xd3d3
  .rodata            const    0x1008'0080  0x2000  zf_device_config.o [54]
  .text              ro code  0x1008'2080  0x135c  GET_ANGLE.o [5]
  .text              ro code  0x1008'33dc   0x1a4  tan32.o [51]
  .text              ro code  0x1008'3580   0x1d0  cos_sin32.o [51]
  .text              ro code  0x1008'3750   0x16c  zf_device_imu963ra.o [48]
  .text              ro code  0x1008'38bc   0x284  zf_driver_delay.o [49]
  .text              ro code  0x1008'3b40   0x258  zf_device_imu660ra.o [48]
  .text              ro code  0x1008'3d98    0x6a  atan2f.o [51]
  .text              ro code  0x1008'3e02    0x7e  lz77_init_single.o [52]
  .text              ro code  0x1008'3e80    0x5c  asinf.o [51]
  .text              ro code  0x1008'3edc    0x1e  sqrtf.o [51]
  .text              ro code  0x1008'3efa     0xa  xsprout.o [50]
  .text              ro code  0x1008'3f04   0xc8c  zf_driver_spi.o [49]
  .text              ro code  0x1008'4b90   0x1ae  cy_tcpwm_counter.o [43]
  .text              ro code  0x1008'4d40    0x66  ABImemset.o [52]
  .text              ro code  0x1008'4da6     0xc  cy_tcpwm.o [43]
  .text              ro code  0x1008'4db4   0x17c  zf_driver_gpio.o [49]
  .text              ro code  0x1008'4f30   0x444  zf_common_debug.o [46]
  .text              ro code  0x1008'5374    0xa4  xatanf.o [51]
  .text              ro code  0x1008'5418   0x230  I64DivMod.o [52]
  .text              ro code  0x1008'5648   0x194  cy_gpio.o [14]
  .text              ro code  0x1008'57dc   0x1f0  cy_scb_spi.o [24]
  .text              ro code  0x1008'59cc   0x808  zf_driver_uart.o [49]
  .text              ro code  0x1008'61d4    0x36  strlen.o [52]
  .text              ro code  0x1008'620c    0x40  sprintf.o [50]
  .text              ro code  0x1008'624c   0x448  zf_common_fifo.o [46]
  .text              ro code  0x1008'6694    0xe2  zf_common_interrupt.o [46]
  .text              ro code  0x1008'6778     0x2  I64DivZer.o [52]
  .text              ro code  0x1008'677c     0x6  ABImemclr4.o [52]
  .text              ro code  0x1008'6784   0x314  cy_scb_uart.o [24]
  .text              ro code  0x1008'6a98   0x13c  xprintftiny.o [50]
  .text              ro code  0x1008'6bd4    0xa6  ABImemcpy.o [52]
  .text              ro code  0x1008'6c7c   0xe18  zf_driver_pwm.o [49]
  .text              ro code  0x1008'7a94    0xac  cy_sysint.o [35]
  .text              ro code  0x1008'7b40    0x32  ABImemset48.o [52]
  .text              ro code  0x1008'7b74   0x20a  cy_tcpwm_pwm.o [43]
  .text              ro code  0x1008'7d80   0xc70  zf_device_tft180.o [48]
  .text              ro code  0x1008'89f0   0x220  zf_common_function.o [46]
  .text              ro code  0x1008'8c10   0x8e8  cy_sysclk.o [33]
  .text              ro code  0x1008'94f8    0x70  strncpy.o [52]
  .text              ro code  0x1008'9568    0xa8  cy_syslib.o [36]
  .text              ro code  0x1008'9610     0x2  cy_syslib.o [36]
  .text              ro code  0x1008'9614   0x860  zf_device_config_mt9v03x.o [54]
  .text              ro code  0x1008'9e74   0x5fc  zf_driver_soft_iic.o [49]
  .rodata            const    0x1008'a470   0x5f0  zf_common_font.o [46]
  .text              ro code  0x1008'aa60   0x414  zf_driver_encoder.o [49]
  .text              ro code  0x1008'ae74     0x8  cy_tcpwm_quaddec.o [43]
  .text              ro code  0x1008'ae7c   0x3b8  Camera.o [5]
  .text              ro code  0x1008'b234   0x398  zf_driver_pit.o [49]
  .text              ro code  0x1008'b5cc   0x330  zf_device_mt9v03x.o [48]
  .rodata            const    0x1008'b8fc   0x228  zf_common_font.o [46]
  .text              ro code  0x1008'bb24   0x204  startup.o [31]
  .text              ro code  0x1008'bd28   0x150  system_tviibh4m_cm7.o [22]
  .text              ro code  0x1008'be78     0x8  startup_cm7.o [31]
  .text              ro code  0x1008'be80     0x6  startup_cm7.o [31]
  .text              ro code  0x1008'be88   0x1f0  cm7_0_isr.o [45]
  .text              ro code  0x1008'c078    0x7c  zf_device_tsl1401.o [48]
  .text              ro code  0x1008'c0f4   0x114  zf_device_gnss.o [48]
  .text              ro code  0x1008'c208    0x74  zf_driver_adc.o [49]
  .text              ro code  0x1008'c27c    0x2a  strncmp.o [50]
  .text              ro code  0x1008'c2a8   0x1dc  control.o [5]
  .text              ro code  0x1008'c484    0xac  motor.o [5]
  .text              ro code  0x1008'c530   0x198  cy_interrupt_map.o [23]
  .text              ro code  0x1008'c6c8   0x192  main_cm7_0.o [45]
  .text              ro code  0x1008'c85c    0x1c  zf_common_clock.o [46]
  .text              ro code  0x1008'c878    0xb0  startup_cm7.o [31]
  .rodata            const    0x1008'c928    0x94  system_tviibh4m_cm7.o [22]
  .rodata            const    0x1008'c9bc    0x90  cy_sysclk.o [33]
  .rodata            const    0x1008'ca4c    0x90  cy_sysclk.o [33]
  .rodata            const    0x1008'cadc    0x84  zf_common_function.o [46]
  .rodata            const    0x1008'cb60    0x84  zf_device_imu660ra.o [48]
  .rodata            const    0x1008'cbe4    0x84  zf_device_tft180.o [48]
  .rodata            const    0x1008'cc68    0x84  zf_driver_encoder.o [49]
  .rodata            const    0x1008'ccec    0x84  zf_driver_soft_iic.o [49]
  .rodata            const    0x1008'cd70    0x80  zf_common_fifo.o [46]
  .rodata            const    0x1008'cdf0    0x80  zf_driver_pwm.o [49]
  .rodata            const    0x1008'ce70    0x80  zf_driver_spi.o [49]
  .rodata            const    0x1008'cef0    0x80  zf_driver_uart.o [49]
  .text              ro code  0x1008'cf70    0x38  zero_init3.o [52]
  .rodata            const    0x1008'cfa8    0x28  zf_device_mt9v03x.o [48]
  .text              ro code  0x1008'cfd0    0x28  data_init.o [52]
  .text              ro code  0x1008'cff8    0x22  fpinit_M.o [51]
  .iar.init_table    const    0x1008'd01c    0x20  - Linker created -
  .text              ro code  0x1008'd03c    0x20  startup_cm7.o [31]
  .text              ro code  0x1008'd060    0x1e  cy_syslib_iar.o [36]
  .text              ro code  0x1008'd080    0x1e  cmain.o [52]
  .text              ro code  0x1008'd0a0     0x4  startup_cm7.o [31]
  .text              ro code  0x1008'd0a4     0x4  exit.o [50]
  .text              ro code  0x1008'd0a8     0xa  cexit.o [52]
  .text              ro code  0x1008'd0b4    0x14  exit.o [53]
  .rodata            const    0x1008'd0c8    0x1c  zf_common_debug.o [46]
  .rodata            const    0x1008'd0e4    0x1c  zf_device_imu660ra.o [48]
  .text              ro code  0x1008'd100    0x1c  startup_cm7.o [31]
  .text              ro code  0x1008'd11c    0x1c  cstartup_M.o [52]
  .rodata            const    0x1008'd138    0x18  startup.o [31]
  .rodata            const    0x1008'd150    0x18  system_tviibh4m_cm7.o [22]
  .rodata            const    0x1008'd168    0x18  zf_common_debug.o [46]
  .rodata            const    0x1008'd180    0x18  zf_device_imu660ra.o [48]
  .rodata            const    0x1008'd198    0x10  zf_common_debug.o [46]
  .rodata            const    0x1008'd1a8    0x10  zf_common_debug.o [46]
  .rodata            const    0x1008'd1b8     0xc  zf_common_debug.o [46]
  .rodata            const    0x1008'd1c4     0xc  zf_common_debug.o [46]
  .rodata            const    0x1008'd1d0     0xc  zf_common_debug.o [46]
  .text              ro code  0x1008'd1dc     0xc  cy_syslib.o [36]
  .rodata            const    0x1008'd1e8     0x8  cy_sysclk.o [33]
  .rodata            const    0x1008'd1f0     0x4  cy_interrupt_map.o [23]
  .rodata            const    0x1008'd1f4     0x4  cy_interrupt_map.o [23]
  .rodata            const    0x1008'd1f8     0x4  cy_interrupt_map.o [23]
  .rodata            const    0x1008'd1fc     0x4  cy_interrupt_map.o [23]
  .rodata            const    0x1008'd200     0x4  cy_interrupt_map.o [23]
  .rodata            const    0x1008'd204     0x4  cy_interrupt_map.o [23]
  .rodata            const    0x1008'd208     0x4  cy_interrupt_map.o [23]
  .rodata            const    0x1008'd20c     0x4  cy_interrupt_map.o [23]
  .rodata            const    0x1008'd210     0x4  cy_scb_spi.o [24]
  .rodata            const    0x1008'd214     0x4  cy_scb_spi.o [24]
  .rodata            const    0x1008'd218     0x4  cy_scb_spi.o [24]
  .rodata            const    0x1008'd21c     0x4  cy_scb_spi.o [24]
  .rodata            const    0x1008'd220     0x4  cy_scb_uart.o [24]
  .rodata            const    0x1008'd224     0x4  cy_scb_uart.o [24]
  .rodata            const    0x1008'd228     0x4  cy_scb_uart.o [24]
  .rodata            const    0x1008'd22c     0x4  cy_scb_uart.o [24]
  .rodata            const    0x1008'd230     0x4  cy_scb_uart.o [24]
  .rodata            const    0x1008'd234     0x4  cy_scb_uart.o [24]
  .rodata            const    0x1008'd238     0x4  cy_scb_uart.o [24]
  .rodata            const    0x1008'd23c     0x4  cy_scb_uart.o [24]
  .rodata            const    0x1008'd240     0x4  cy_scb_uart.o [24]
  .rodata            const    0x1008'd244     0x4  cy_scb_uart.o [24]
  .rodata            const    0x1008'd248     0x4  cy_sysint.o [35]
  .rodata            const    0x1008'd24c     0x4  cy_sysint.o [35]
  .rodata            const    0x1008'd250     0x4  cy_tcpwm_counter.o [43]
  .rodata            const    0x1008'd254     0x4  cy_tcpwm_counter.o [43]
  .rodata            const    0x1008'd258     0x4  cy_tcpwm_counter.o [43]
  .rodata            const    0x1008'd25c     0x4  cy_tcpwm_counter.o [43]
  .rodata            const    0x1008'd260     0x4  cy_tcpwm_counter.o [43]
  .rodata            const    0x1008'd264     0x4  cy_tcpwm_pwm.o [43]
  .rodata            const    0x1008'd268     0x4  cy_tcpwm_pwm.o [43]
  .rodata            const    0x1008'd26c     0x4  cy_tcpwm_pwm.o [43]
  .rodata            const    0x1008'd270     0x4  cy_tcpwm_pwm.o [43]
  .rodata            const    0x1008'd274     0x4  cy_tcpwm_pwm.o [43]
  .rodata            const    0x1008'd278     0x4  cy_tcpwm_pwm.o [43]
  .rodata            const    0x1008'd27c     0x4  cy_tcpwm_pwm.o [43]
  .text              ro code  0x1008'd280     0x4  startup_cm7.o [31]
  .text              ro code  0x1008'd284     0x4  startup_cm7.o [31]
  .text              ro code  0x1008'd288     0x4  startup_cm7.o [31]
  .text              ro code  0x1008'd28c     0x4  startup_cm7.o [31]
  .text              ro code  0x1008'd290     0x4  startup_cm7.o [31]
  .text              ro code  0x1008'd294     0x4  startup_cm7.o [31]
  .text              ro code  0x1008'd298     0x4  startup_cm7.o [31]
  .text              ro code  0x1008'd29c     0x4  startup_cm7.o [31]
  .text              ro code  0x1008'd2a0     0x4  startup_cm7.o [31]
  .text              ro code  0x1008'd2a4     0x4  startup_cm7.o [31]
  .text              ro code  0x1008'd2a8     0x4  startup_cm7.o [31]
  .text              ro code  0x1008'd2ac     0x4  startup_cm7.o [31]
  .text              ro code  0x1008'd2b0     0x4  startup_cm7.o [31]
  .text              ro code  0x1008'd2b4     0x4  startup_cm7.o [31]
  .text              ro code  0x1008'd2b8     0x4  startup_cm7.o [31]
  .text              ro code  0x1008'd2bc     0x2  zf_device_type.o [48]
  .rodata            const    0x1008'd2be     0x0  zero_init3.o [52]
  .rodata            const    0x1008'd2be     0x0  lz77_init_single.o [52]
  Initializer bytes  const    0x1008'd2be    0xe1  <for P2-1>
                            - 0x1008'd39f  0xd31f

Absolute sections:                         0x5820
  .noinit            uninit   0x2802'6024  0x5820  zf_device_mt9v03x.o [48]
                            - 0x2802'b844  0x5820

"P2", part 1 of 3:                          0x7dd
  P2-1                        0x2802'b848   0x7dd  <Init block>
    .data            inited   0x2802'b848     0x8  GET_ANGLE.o [5]
    .data            inited   0x2802'b850     0x4  control.o [5]
    .data            inited   0x2802'b854   0x6ec  cy_interrupt_map.o [23]
    .data            inited   0x2802'bf40     0x4  cy_interrupt_map.o [23]
    .data            inited   0x2802'bf44    0x20  GET_ANGLE.o [5]
    .data            inited   0x2802'bf64     0x8  zf_device_imu660ra.o [48]
    .data            inited   0x2802'bf6c     0xc  zf_device_imu963ra.o [48]
    .data            inited   0x2802'bf78     0x4  zf_device_type.o [48]
    .data            inited   0x2802'bf7c     0x4  zf_device_type.o [48]
    .data            inited   0x2802'bf80     0xc  zf_driver_adc.o [49]
    .data            inited   0x2802'bf8c     0x8  zf_driver_encoder.o [49]
    .data            inited   0x2802'bf94    0x10  zf_driver_encoder.o [49]
    .data            inited   0x2802'bfa4    0x3c  zf_driver_pit.o [49]
    .data            inited   0x2802'bfe0    0x10  zf_driver_spi.o [49]
    .data            inited   0x2802'bff0    0x14  zf_driver_uart.o [49]
    .data            inited   0x2802'c004    0x14  zf_driver_uart.o [49]
    .data            inited   0x2802'c018     0x2  zf_device_tft180.o [48]
    .data            inited   0x2802'c01a     0x2  zf_device_tft180.o [48]
    .data            inited   0x2802'c01c     0x2  zf_device_tft180.o [48]
    .data            inited   0x2802'c01e     0x2  zf_device_tft180.o [48]
    .data            inited   0x2802'c020     0x2  zf_driver_delay.o [49]
    .data            inited   0x2802'c022     0x1  zf_common_debug.o [46]
    .data            inited   0x2802'c023     0x1  zf_device_tft180.o [48]
    .data            inited   0x2802'c024     0x1  zf_driver_delay.o [49]
                            - 0x2802'c025   0x7dd

"P2", part 2 of 3:                         0xa258
  .bss               zero     0x2802'c028  0x5820  zf_device_mt9v03x.o [48]
  .bss               zero     0x2803'1848  0x1608  Camera.o [5]
  .bss               zero     0x2803'2e50  0x1608  Camera.o [5]
  .bss               zero     0x2803'4458  0x1608  Camera.o [5]
  .bss               zero     0x2803'5a60   0x200  zf_device_tsl1401.o [48]
  .bss               zero     0x2803'5c60   0x118  zf_driver_uart.o [49]
  .bss               zero     0x2803'5d78    0x94  GET_ANGLE.o [5]
  .bss               zero     0x2803'5e0c    0x80  zf_device_gnss.o [48]
  .bss               zero     0x2803'5e8c    0x80  zf_device_gnss.o [48]
  .bss               zero     0x2803'5f0c    0x80  zf_device_gnss.o [48]
  .bss               zero     0x2803'5f8c    0x70  cy_syslib.o [36]
  .bss               zero     0x2803'5ffc    0x48  GET_ANGLE.o [5]
  .bss               zero     0x2803'6044    0x48  GET_ANGLE.o [5]
  .bss               zero     0x2803'608c    0x48  zf_driver_adc.o [49]
  .bss               zero     0x2803'60d4    0x40  zf_common_debug.o [46]
  .bss               zero     0x2803'6114    0x18  cy_sysclk.o [33]
  .bss               zero     0x2803'612c    0x18  cy_syslib.o [36]
  .bss               zero     0x2803'6144    0x18  GET_ANGLE.o [5]
  .bss               zero     0x2803'615c    0x18  GET_ANGLE.o [5]
  .bss               zero     0x2803'6174    0x18  zf_common_debug.o [46]
  .bss               zero     0x2803'618c    0x18  zf_device_gnss.o [48]
  .bss               zero     0x2803'61a4    0x14  zf_common_debug.o [46]
  .bss               zero     0x2803'61b8    0x10  GET_ANGLE.o [5]
  .bss               zero     0x2803'61c8    0x10  zf_device_config_mt9v03x.o [54]
  .bss               zero     0x2803'61d8     0x8  motor.o [5]
  .bss               zero     0x2803'61e0     0x4  control.o [5]
  .bss               zero     0x2803'61e4     0x4  control.o [5]
  .bss               zero     0x2803'61e8     0x4  control.o [5]
  .bss               zero     0x2803'61ec     0x4  control.o [5]
  .bss               zero     0x2803'61f0     0x4  control.o [5]
  .bss               zero     0x2803'61f4     0x4  control.o [5]
  .bss               zero     0x2803'61f8     0x4  control.o [5]
  .bss               zero     0x2803'61fc     0x4  control.o [5]
  .bss               zero     0x2803'6200     0x4  control.o [5]
  .bss               zero     0x2803'6204     0x4  control.o [5]
  .bss               zero     0x2803'6208     0x4  control.o [5]
  .bss               zero     0x2803'620c     0x4  control.o [5]
  .bss               zero     0x2803'6210     0x4  control.o [5]
  .bss               zero     0x2803'6214     0x4  cy_syslib.o [36]
  .bss               zero     0x2803'6218     0x4  GET_ANGLE.o [5]
  .bss               zero     0x2803'621c     0x4  system_tviibh4m_cm7.o [22]
  .bss               zero     0x2803'6220     0x4  system_tviibh4m_cm7.o [22]
  .bss               zero     0x2803'6224     0x4  system_tviibh4m_cm7.o [22]
  .bss               zero     0x2803'6228     0x4  system_tviibh4m_cm7.o [22]
  .bss               zero     0x2803'622c     0x4  system_tviibh4m_cm7.o [22]
  .bss               zero     0x2803'6230     0x4  zf_common_clock.o [46]
  .bss               zero     0x2803'6234     0x4  zf_common_interrupt.o [46]
  .bss               zero     0x2803'6238     0x4  zf_driver_encoder.o [49]
  .bss               zero     0x2803'623c     0x4  zf_driver_spi.o [49]
  .bss               zero     0x2803'6240     0x4  zf_device_config_mt9v03x.o [54]
  .bss               zero     0x2803'6244     0x4  zf_device_config_mt9v03x.o [54]
  .bss               zero     0x2803'6248     0x4  zf_device_config_mt9v03x.o [54]
  .bss               zero     0x2803'624c     0x4  zf_device_config_mt9v03x.o [54]
  .bss               zero     0x2803'6250     0x4  zf_device_config_mt9v03x.o [54]
  .bss               zero     0x2803'6254     0x2  zf_device_imu660ra.o [48]
  .bss               zero     0x2803'6256     0x2  zf_device_imu660ra.o [48]
  .bss               zero     0x2803'6258     0x2  zf_device_imu660ra.o [48]
  .bss               zero     0x2803'625a     0x2  zf_device_imu660ra.o [48]
  .bss               zero     0x2803'625c     0x2  zf_device_imu660ra.o [48]
  .bss               zero     0x2803'625e     0x2  zf_device_imu660ra.o [48]
  .bss               zero     0x2803'6260     0x2  zf_device_imu963ra.o [48]
  .bss               zero     0x2803'6262     0x2  zf_device_imu963ra.o [48]
  .bss               zero     0x2803'6264     0x2  zf_device_imu963ra.o [48]
  .bss               zero     0x2803'6266     0x2  zf_device_imu963ra.o [48]
  .bss               zero     0x2803'6268     0x2  zf_device_imu963ra.o [48]
  .bss               zero     0x2803'626a     0x2  zf_device_imu963ra.o [48]
  .bss               zero     0x2803'626c     0x2  zf_device_imu963ra.o [48]
  .bss               zero     0x2803'626e     0x2  zf_device_imu963ra.o [48]
  .bss               zero     0x2803'6270     0x2  zf_device_imu963ra.o [48]
  .bss               zero     0x2803'6272     0x1  cy_sysclk.o [33]
  .bss               zero     0x2803'6273     0x1  zf_common_debug.o [46]
  .bss               zero     0x2803'6274     0x1  zf_common_debug.o [46]
  .bss               zero     0x2803'6275     0x1  zf_common_debug.o [46]
  .bss               zero     0x2803'6276     0x1  zf_device_gnss.o [48]
  .bss               zero     0x2803'6277     0x1  zf_device_gnss.o [48]
  .bss               zero     0x2803'6278     0x1  zf_device_gnss.o [48]
  .bss               zero     0x2803'6279     0x1  zf_device_gnss.o [48]
  .bss               zero     0x2803'627a     0x1  zf_device_gnss.o [48]
  .bss               zero     0x2803'627b     0x1  zf_device_mt9v03x.o [48]
  .bss               zero     0x2803'627c     0x1  zf_device_tft180.o [48]
  .bss               zero     0x2803'627d     0x1  zf_device_tsl1401.o [48]
  .bss               zero     0x2803'627e     0x1  zf_device_tsl1401.o [48]
                            - 0x2803'627f  0xa257

"P2", part 3 of 3:                           0x80
  .intvec_ram        uninit   0x2803'6280    0x80  startup_cm7.o [31]
                            - 0x2803'6300    0x80

"A1":                                      0x2000
  HEAP_STACK                  0x2807'e000  0x2000  <Block>
    CSTACK                    0x2807'e000  0x2000  <Block>
      CSTACK         uninit   0x2807'e000  0x2000  <Block tail>
                            - 0x2808'0000  0x2000

Unused ranges:

         From           To       Size
         ----           --       ----
  0x1008'd453  0x1027'ffff  0x1f'2bad
  0x2802'0000  0x2802'6023     0x6024
  0x2802'b844  0x2802'b847        0x4
  0x2802'c025  0x2802'c027        0x3
  0x2803'6300  0x2807'dfff   0x4'7d00


*******************************************************************************
*** INIT TABLE
***

          Address      Size
          -------      ----
Zero (__iar_zero_init3)
    1 destination range, total size 0xa257:
          0x2802'c028  0xa257

Copy/lz77 (__iar_lz77_init_single3)
    1 source range, total size 0xe1 (11% of destination):
          0x1008'd2be    0xe1
    1 destination range, total size 0x7dd:
          0x2802'b848   0x7dd



*******************************************************************************
*** MODULE SUMMARY
***

    Module                      ro code  ro data  rw data  rw data
                                                            (abs)
    ------                      -------  -------  -------  -------
command line/config:
    --------------------------------------------------------------
    Total:

C:\Users\jty\Desktop\CYT4BB7_Library-master\CYT4BB7_Library-master\Example\Coreboard_Demo\Car01\iar\Debug_m7_0\Obj\adc_11722776235721520015.dir: [1]
    --------------------------------------------------------------
    Total:

C:\Users\jty\Desktop\CYT4BB7_Library-master\CYT4BB7_Library-master\Example\Coreboard_Demo\Car01\iar\Debug_m7_0\Obj\audioss_1346650047966882938.dir: [2]
    --------------------------------------------------------------
    Total:

C:\Users\jty\Desktop\CYT4BB7_Library-master\CYT4BB7_Library-master\Example\Coreboard_Demo\Car01\iar\Debug_m7_0\Obj\button_4990804375159372270.dir: [3]
    --------------------------------------------------------------
    Total:

C:\Users\jty\Desktop\CYT4BB7_Library-master\CYT4BB7_Library-master\Example\Coreboard_Demo\Car01\iar\Debug_m7_0\Obj\canfd_1800690984773873875.dir: [4]
    --------------------------------------------------------------
    Total:

C:\Users\jty\Desktop\CYT4BB7_Library-master\CYT4BB7_Library-master\Example\Coreboard_Demo\Car01\iar\Debug_m7_0\Obj\code_17896468042025673432.dir: [5]
    Camera.o                        952            16'920
    GET_ANGLE.o                   4'956        4      400
    control.o                       476        1       56
    motor.o                         172                 8
    --------------------------------------------------------------
    Total:                        6'556        5   17'384

C:\Users\jty\Desktop\CYT4BB7_Library-master\CYT4BB7_Library-master\Example\Coreboard_Demo\Car01\iar\Debug_m7_0\Obj\cpu_15938736945165268644.dir: [6]
    --------------------------------------------------------------
    Total:

C:\Users\jty\Desktop\CYT4BB7_Library-master\CYT4BB7_Library-master\Example\Coreboard_Demo\Car01\iar\Debug_m7_0\Obj\crypto_1190170608956581615.dir: [7]
    --------------------------------------------------------------
    Total:

C:\Users\jty\Desktop\CYT4BB7_Library-master\CYT4BB7_Library-master\Example\Coreboard_Demo\Car01\iar\Debug_m7_0\Obj\dma_12106025507578611576.dir: [8]
    --------------------------------------------------------------
    Total:

C:\Users\jty\Desktop\CYT4BB7_Library-master\CYT4BB7_Library-master\Example\Coreboard_Demo\Car01\iar\Debug_m7_0\Obj\eth_phy_18133017486186456677.dir: [9]
    --------------------------------------------------------------
    Total:

C:\Users\jty\Desktop\CYT4BB7_Library-master\CYT4BB7_Library-master\Example\Coreboard_Demo\Car01\iar\Debug_m7_0\Obj\ethernet_6029839089178797009.dir: [10]
    --------------------------------------------------------------
    Total:

C:\Users\jty\Desktop\CYT4BB7_Library-master\CYT4BB7_Library-master\Example\Coreboard_Demo\Car01\iar\Debug_m7_0\Obj\evtgen_3404189088603873129.dir: [11]
    --------------------------------------------------------------
    Total:

C:\Users\jty\Desktop\CYT4BB7_Library-master\CYT4BB7_Library-master\Example\Coreboard_Demo\Car01\iar\Debug_m7_0\Obj\flash_8529866181315662935.dir: [12]
    --------------------------------------------------------------
    Total:

C:\Users\jty\Desktop\CYT4BB7_Library-master\CYT4BB7_Library-master\Example\Coreboard_Demo\Car01\iar\Debug_m7_0\Obj\flash_864493325053435817.dir: [13]
    --------------------------------------------------------------
    Total:

C:\Users\jty\Desktop\CYT4BB7_Library-master\CYT4BB7_Library-master\Example\Coreboard_Demo\Car01\iar\Debug_m7_0\Obj\gpio_3999404635324069351.dir: [14]
    cy_gpio.o                       404
    --------------------------------------------------------------
    Total:                          404

C:\Users\jty\Desktop\CYT4BB7_Library-master\CYT4BB7_Library-master\Example\Coreboard_Demo\Car01\iar\Debug_m7_0\Obj\ipc_10145506163450686023.dir: [15]
    --------------------------------------------------------------
    Total:

C:\Users\jty\Desktop\CYT4BB7_Library-master\CYT4BB7_Library-master\Example\Coreboard_Demo\Car01\iar\Debug_m7_0\Obj\lin_18429031207028094880.dir: [16]
    --------------------------------------------------------------
    Total:

C:\Users\jty\Desktop\CYT4BB7_Library-master\CYT4BB7_Library-master\Example\Coreboard_Demo\Car01\iar\Debug_m7_0\Obj\lvd_6353935867039560245.dir: [17]
    --------------------------------------------------------------
    Total:

C:\Users\jty\Desktop\CYT4BB7_Library-master\CYT4BB7_Library-master\Example\Coreboard_Demo\Car01\iar\Debug_m7_0\Obj\mcwdt_4052485907822033969.dir: [18]
    --------------------------------------------------------------
    Total:

C:\Users\jty\Desktop\CYT4BB7_Library-master\CYT4BB7_Library-master\Example\Coreboard_Demo\Car01\iar\Debug_m7_0\Obj\mpu_5663187252346826382.dir: [19]
    --------------------------------------------------------------
    Total:

C:\Users\jty\Desktop\CYT4BB7_Library-master\CYT4BB7_Library-master\Example\Coreboard_Demo\Car01\iar\Debug_m7_0\Obj\power_14453085144426420577.dir: [20]
    --------------------------------------------------------------
    Total:

C:\Users\jty\Desktop\CYT4BB7_Library-master\CYT4BB7_Library-master\Example\Coreboard_Demo\Car01\iar\Debug_m7_0\Obj\prot_10722960861768657883.dir: [21]
    --------------------------------------------------------------
    Total:

C:\Users\jty\Desktop\CYT4BB7_Library-master\CYT4BB7_Library-master\Example\Coreboard_Demo\Car01\iar\Debug_m7_0\Obj\rev_b_4986922561640112550.dir: [22]
    system_tviibh4m_cm7.o           336      172       20
    --------------------------------------------------------------
    Total:                          336      172       20

C:\Users\jty\Desktop\CYT4BB7_Library-master\CYT4BB7_Library-master\Example\Coreboard_Demo\Car01\iar\Debug_m7_0\Obj\rev_b_6162237342861132223.dir: [23]
    cy_interrupt_map.o              408      230    1'776
    --------------------------------------------------------------
    Total:                          408      230    1'776

C:\Users\jty\Desktop\CYT4BB7_Library-master\CYT4BB7_Library-master\Example\Coreboard_Demo\Car01\iar\Debug_m7_0\Obj\scb_15490842639181808494.dir: [24]
    cy_scb_spi.o                    496       16
    cy_scb_uart.o                   788       40
    --------------------------------------------------------------
    Total:                        1'284       56

C:\Users\jty\Desktop\CYT4BB7_Library-master\CYT4BB7_Library-master\Example\Coreboard_Demo\Car01\iar\Debug_m7_0\Obj\sd_host_2982766354293506895.dir: [25]
    --------------------------------------------------------------
    Total:

C:\Users\jty\Desktop\CYT4BB7_Library-master\CYT4BB7_Library-master\Example\Coreboard_Demo\Car01\iar\Debug_m7_0\Obj\semihosting_143864889731838620.dir: [26]
    --------------------------------------------------------------
    Total:

C:\Users\jty\Desktop\CYT4BB7_Library-master\CYT4BB7_Library-master\Example\Coreboard_Demo\Car01\iar\Debug_m7_0\Obj\smartio_5451710003740070188.dir: [27]
    --------------------------------------------------------------
    Total:

C:\Users\jty\Desktop\CYT4BB7_Library-master\CYT4BB7_Library-master\Example\Coreboard_Demo\Car01\iar\Debug_m7_0\Obj\smif_427648126384146252.dir: [28]
    --------------------------------------------------------------
    Total:

C:\Users\jty\Desktop\CYT4BB7_Library-master\CYT4BB7_Library-master\Example\Coreboard_Demo\Car01\iar\Debug_m7_0\Obj\smif_mem_6470536964353725183.dir: [29]
    --------------------------------------------------------------
    Total:

C:\Users\jty\Desktop\CYT4BB7_Library-master\CYT4BB7_Library-master\Example\Coreboard_Demo\Car01\iar\Debug_m7_0\Obj\srom_13018798572330080582.dir: [30]
    --------------------------------------------------------------
    Total:

C:\Users\jty\Desktop\CYT4BB7_Library-master\CYT4BB7_Library-master\Example\Coreboard_Demo\Car01\iar\Debug_m7_0\Obj\startup_479057977785470282.dir: [31]
    startup.o                       516       24
    startup_cm7.o                   442               128
    --------------------------------------------------------------
    Total:                          958       24      128

C:\Users\jty\Desktop\CYT4BB7_Library-master\CYT4BB7_Library-master\Example\Coreboard_Demo\Car01\iar\Debug_m7_0\Obj\sw_timer_4215635015939382130.dir: [32]
    --------------------------------------------------------------
    Total:

C:\Users\jty\Desktop\CYT4BB7_Library-master\CYT4BB7_Library-master\Example\Coreboard_Demo\Car01\iar\Debug_m7_0\Obj\sysclk_16149231235676103872.dir: [33]
    cy_sysclk.o                   2'280      296       25
    --------------------------------------------------------------
    Total:                        2'280      296       25

C:\Users\jty\Desktop\CYT4BB7_Library-master\CYT4BB7_Library-master\Example\Coreboard_Demo\Car01\iar\Debug_m7_0\Obj\sysflt_12293435975120599261.dir: [34]
    --------------------------------------------------------------
    Total:

C:\Users\jty\Desktop\CYT4BB7_Library-master\CYT4BB7_Library-master\Example\Coreboard_Demo\Car01\iar\Debug_m7_0\Obj\sysint_7435970359207984181.dir: [35]
    cy_sysint.o                     172        8
    --------------------------------------------------------------
    Total:                          172        8

C:\Users\jty\Desktop\CYT4BB7_Library-master\CYT4BB7_Library-master\Example\Coreboard_Demo\Car01\iar\Debug_m7_0\Obj\syslib_16330585751512546975.dir: [36]
    cy_syslib.o                     182               140
    cy_syslib_iar.o                  30
    --------------------------------------------------------------
    Total:                          212               140

C:\Users\jty\Desktop\CYT4BB7_Library-master\CYT4BB7_Library-master\Example\Coreboard_Demo\Car01\iar\Debug_m7_0\Obj\syspm_10887939769544754770.dir: [37]
    --------------------------------------------------------------
    Total:

C:\Users\jty\Desktop\CYT4BB7_Library-master\CYT4BB7_Library-master\Example\Coreboard_Demo\Car01\iar\Debug_m7_0\Obj\sysreghc_17676636058511625587.dir: [38]
    --------------------------------------------------------------
    Total:

C:\Users\jty\Desktop\CYT4BB7_Library-master\CYT4BB7_Library-master\Example\Coreboard_Demo\Car01\iar\Debug_m7_0\Obj\sysreset_14586141425677365288.dir: [39]
    --------------------------------------------------------------
    Total:

C:\Users\jty\Desktop\CYT4BB7_Library-master\CYT4BB7_Library-master\Example\Coreboard_Demo\Car01\iar\Debug_m7_0\Obj\sysrtc_10747768817563771611.dir: [40]
    --------------------------------------------------------------
    Total:

C:\Users\jty\Desktop\CYT4BB7_Library-master\CYT4BB7_Library-master\Example\Coreboard_Demo\Car01\iar\Debug_m7_0\Obj\systick_16016591671695740695.dir: [41]
    --------------------------------------------------------------
    Total:

C:\Users\jty\Desktop\CYT4BB7_Library-master\CYT4BB7_Library-master\Example\Coreboard_Demo\Car01\iar\Debug_m7_0\Obj\syswdt_9118657615806274156.dir: [42]
    --------------------------------------------------------------
    Total:

C:\Users\jty\Desktop\CYT4BB7_Library-master\CYT4BB7_Library-master\Example\Coreboard_Demo\Car01\iar\Debug_m7_0\Obj\tcpwm_422923530147891246.dir: [43]
    cy_tcpwm.o                       12
    cy_tcpwm_counter.o              430       20
    cy_tcpwm_pwm.o                  522       28
    cy_tcpwm_quaddec.o                8
    --------------------------------------------------------------
    Total:                          972       48

C:\Users\jty\Desktop\CYT4BB7_Library-master\CYT4BB7_Library-master\Example\Coreboard_Demo\Car01\iar\Debug_m7_0\Obj\trigmux_9729677290734583340.dir: [44]
    --------------------------------------------------------------
    Total:

C:\Users\jty\Desktop\CYT4BB7_Library-master\CYT4BB7_Library-master\Example\Coreboard_Demo\Car01\iar\Debug_m7_0\Obj\user_8514941877209965082.dir: [45]
    cm7_0_isr.o                     496
    main_cm7_0.o                    402
    --------------------------------------------------------------
    Total:                          898

C:\Users\jty\Desktop\CYT4BB7_Library-master\CYT4BB7_Library-master\Example\Coreboard_Demo\Car01\iar\Debug_m7_0\Obj\zf_common_1201165462030747823.dir: [46]
    zf_common_clock.o                28                 4
    zf_common_debug.o             1'092      120      112
    zf_common_fifo.o              1'096      128
    zf_common_font.o                       2'072
    zf_common_function.o            544      132
    zf_common_interrupt.o           226                 4
    --------------------------------------------------------------
    Total:                        2'986    2'452      120

C:\Users\jty\Desktop\CYT4BB7_Library-master\CYT4BB7_Library-master\Example\Coreboard_Demo\Car01\iar\Debug_m7_0\Obj\zf_components_14936052685886095442.dir: [47]
    --------------------------------------------------------------
    Total:

C:\Users\jty\Desktop\CYT4BB7_Library-master\CYT4BB7_Library-master\Example\Coreboard_Demo\Car01\iar\Debug_m7_0\Obj\zf_device_6570275422786408770.dir: [48]
    zf_device_gnss.o                276               413
    zf_device_imu660ra.o            600      185       20
    zf_device_imu963ra.o            364        1       30
    zf_device_mt9v03x.o             816       40   22'561   22'560
    zf_device_tft180.o            3'184      133       10
    zf_device_tsl1401.o             124               514
    zf_device_type.o                  2        1        8
    --------------------------------------------------------------
    Total:                        5'366      360   23'556   22'560

C:\Users\jty\Desktop\CYT4BB7_Library-master\CYT4BB7_Library-master\Example\Coreboard_Demo\Car01\iar\Debug_m7_0\Obj\zf_driver_11922370083829174090.dir: [49]
    zf_driver_adc.o                 116        1       84
    zf_driver_delay.o               644        1        3
    zf_driver_encoder.o           1'044      135       28
    zf_driver_gpio.o                380
    zf_driver_pit.o                 920        7       60
    zf_driver_pwm.o               3'608      128
    zf_driver_soft_iic.o          1'532      132
    zf_driver_spi.o               3'212      130       20
    zf_driver_uart.o              2'056      132      320
    --------------------------------------------------------------
    Total:                       13'512      666      515

dl7M_tln.a: [50]
    exit.o                            4
    sprintf.o                        64
    strncmp.o                        42
    xprintftiny.o                   316
    xsprout.o                        10
    --------------------------------------------------------------
    Total:                          436

m7M_tlv.a: [51]
    asinf.o                          92
    atan2f.o                        106
    cos_sin32.o                     464
    fpinit_M.o                       34
    sqrtf.o                          30
    tan32.o                         420
    xatanf.o                        164
    --------------------------------------------------------------
    Total:                        1'310

rt7M_tl.a: [52]
    ABImemclr4.o                      6
    ABImemcpy.o                     166
    ABImemset.o                     102
    ABImemset48.o                    50
    I64DivMod.o                     560
    I64DivZer.o                       2
    cexit.o                          10
    cmain.o                          30
    cstartup_M.o                     28
    data_init.o                      40
    lz77_init_single.o              126
    strlen.o                         54
    strncpy.o                       112
    zero_init3.o                     56
    --------------------------------------------------------------
    Total:                        1'342

shb_l.a: [53]
    exit.o                           20
    --------------------------------------------------------------
    Total:                           20

zf_device_config.a: [54]
    zf_device_config.o                     8'192
    zf_device_config_mt9v03x.o    2'144                36
    --------------------------------------------------------------
    Total:                        2'144    8'192       36

    Gaps                             36        2
    Linker created                            32    8'192
------------------------------------------------------------------
    Grand Total:                 41'632   12'543   51'892   22'560


*******************************************************************************
*** ENTRY LIST
***

Entry                       Address    Size  Type      Object
-----                       -------    ----  ----      ------
.iar.init_table$$Base   0x1008'd01c           --   Gb  - Linker created -
.iar.init_table$$Limit  0x1008'd03c           --   Gb  - Linker created -
?main                   0x1008'd081          Code  Gb  cmain.o [52]
Accel_Parameter         0x2803'6144    0x18  Data  Gb  GET_ANGLE.o [5]
BETA                    0x2802'b848     0x8  Data  Gb  GET_ANGLE.o [5]
Bin_Image               0x2803'2e50  0x1608  Data  Gb  Camera.o [5]
Bin_Image_Filter        0x1008'b105    0xce  Code  Gb  Camera.o [5]
BusFault_Handler        0x1008'd289          Code  Wk  startup_cm7.o [31]
CSTACK$$Base            0x2807'e000           --   Gb  - Linker created -
CSTACK$$Limit           0x2808'0000           --   Gb  - Linker created -
CopyVectorTable         0x1008'bcc5    0x34  Code  Lc  startup.o [31]
CpuUserInt0_Handler     0x1008'c54f    0x26  Code  Gb  cy_interrupt_map.o [23]
CpuUserInt10_Handler    0x1008'd2a5          Code  Wk  startup_cm7.o [31]
CpuUserInt11_Handler    0x1008'd2a9          Code  Wk  startup_cm7.o [31]
CpuUserInt12_Handler    0x1008'd2ad          Code  Wk  startup_cm7.o [31]
CpuUserInt13_Handler    0x1008'd2b1          Code  Wk  startup_cm7.o [31]
CpuUserInt14_Handler    0x1008'd2b5          Code  Wk  startup_cm7.o [31]
CpuUserInt15_Handler    0x1008'd2b9          Code  Wk  startup_cm7.o [31]
CpuUserInt1_Handler     0x1008'c575    0x26  Code  Gb  cy_interrupt_map.o [23]
CpuUserInt2_Handler     0x1008'c59b    0x26  Code  Gb  cy_interrupt_map.o [23]
CpuUserInt3_Handler     0x1008'c5c1    0x26  Code  Gb  cy_interrupt_map.o [23]
CpuUserInt4_Handler     0x1008'c5e7    0x26  Code  Gb  cy_interrupt_map.o [23]
CpuUserInt5_Handler     0x1008'c60d    0x26  Code  Gb  cy_interrupt_map.o [23]
CpuUserInt6_Handler     0x1008'c633    0x26  Code  Gb  cy_interrupt_map.o [23]
CpuUserInt7_Handler     0x1008'c659    0x26  Code  Gb  cy_interrupt_map.o [23]
CpuUserInt8_Handler     0x1008'd29d          Code  Wk  startup_cm7.o [31]
CpuUserInt9_Handler     0x1008'd2a1          Code  Wk  startup_cm7.o [31]
Cy_DefaultUserHandler   0x1008'c54d     0x2  Code  Gb  cy_interrupt_map.o [23]
Cy_GPIO_ClearInterrupt  0x1008'571b     0xe  Code  Lc  cy_gpio.o [14]
Cy_GPIO_Clr             0x1008'4dc9     0xa  Code  Lc  zf_driver_gpio.o [49]
Cy_GPIO_Pin_Init        0x1008'575f    0x72  Code  Gb  cy_gpio.o [14]
Cy_GPIO_Read            0x1008'4db5     0xa  Code  Lc  zf_driver_gpio.o [49]
Cy_GPIO_Set             0x1008'4dbf     0xa  Code  Lc  zf_driver_gpio.o [49]
Cy_GPIO_SetDriveSel     0x1008'56fd    0x1e  Code  Lc  cy_gpio.o [14]
Cy_GPIO_SetDrivemode    0x1008'56ad    0x1c  Code  Lc  cy_gpio.o [14]
Cy_GPIO_SetDrivemode    0x1008'4dd3    0x1c  Code  Lc  zf_driver_gpio.o [49]
Cy_GPIO_SetHSIOM        0x1008'5649    0x4c  Code  Lc  cy_gpio.o [14]
Cy_GPIO_SetInterruptEdge
                        0x1008'5743    0x1c  Code  Lc  cy_gpio.o [14]
Cy_GPIO_SetInterruptMask
                        0x1008'5729    0x1a  Code  Lc  cy_gpio.o [14]
Cy_GPIO_SetSlewRate     0x1008'56e3    0x1a  Code  Lc  cy_gpio.o [14]
Cy_GPIO_SetVtrip        0x1008'56c9    0x1a  Code  Lc  cy_gpio.o [14]
Cy_GPIO_Write           0x1008'5695    0x18  Code  Lc  cy_gpio.o [14]
Cy_RestoreIRQ           0x1008'be81          Code  Gb  startup_cm7.o [31]
Cy_SCB_ClearRxFifo      0x1008'3f0f    0x1e  Code  Lc  zf_driver_spi.o [49]
Cy_SCB_ClearRxInterrupt
                        0x1008'be8f     0xa  Code  Lc  cm7_0_isr.o [45]
Cy_SCB_ClearTxInterrupt
                        0x1008'be9f     0xa  Code  Lc  cm7_0_isr.o [45]
Cy_SCB_GetFifoSize      0x1008'3f69    0x12  Code  Lc  zf_driver_spi.o [49]
Cy_SCB_GetNumInRxFifo   0x1008'3f05     0xa  Code  Lc  zf_driver_spi.o [49]
Cy_SCB_GetNumInRxFifo   0x1008'5b77     0xa  Code  Lc  zf_driver_uart.o [49]
Cy_SCB_GetNumInTxFifo   0x1008'3f33     0xa  Code  Lc  zf_driver_spi.o [49]
Cy_SCB_GetNumInTxFifo   0x1008'5b87     0xa  Code  Lc  zf_driver_uart.o [49]
Cy_SCB_GetRxInterruptMask
                        0x1008'be89     0x6  Code  Lc  cm7_0_isr.o [45]
Cy_SCB_GetRxInterruptMask
                        0x1008'5bc3     0x6  Code  Lc  zf_driver_uart.o [49]
Cy_SCB_GetTxInterruptMask
                        0x1008'be99     0x6  Code  Lc  cm7_0_isr.o [45]
Cy_SCB_GetTxInterruptMask
                        0x1008'5bcf     0x6  Code  Lc  zf_driver_uart.o [49]
Cy_SCB_GetTxSrValid     0x1008'3f3d     0xa  Code  Lc  zf_driver_spi.o [49]
Cy_SCB_GetTxSrValid     0x1008'5b91     0xa  Code  Lc  zf_driver_uart.o [49]
Cy_SCB_IsTxComplete     0x1008'3f47    0x22  Code  Lc  zf_driver_spi.o [49]
Cy_SCB_IsTxComplete     0x1008'5b9b    0x22  Code  Lc  zf_driver_uart.o [49]
Cy_SCB_ReadRxFifo       0x1008'5b71     0x6  Code  Lc  zf_driver_uart.o [49]
Cy_SCB_SPI_ClearRxFifo  0x1008'3f99     0x8  Code  Lc  zf_driver_spi.o [49]
Cy_SCB_SPI_Enable       0x1008'3f7b     0xa  Code  Lc  zf_driver_spi.o [49]
Cy_SCB_SPI_GetNumInRxFifo
                        0x1008'3f91     0x8  Code  Lc  zf_driver_spi.o [49]
Cy_SCB_SPI_Init         0x1008'57dd   0x1d8  Code  Gb  cy_scb_spi.o [24]
Cy_SCB_SPI_SetActiveSlaveSelect
                        0x1008'3f85     0xc  Code  Lc  zf_driver_spi.o [49]
Cy_SCB_SetRxInterruptMask
                        0x1008'5bbd     0x6  Code  Lc  zf_driver_uart.o [49]
Cy_SCB_SetTxInterruptMask
                        0x1008'5bc9     0x6  Code  Lc  zf_driver_uart.o [49]
Cy_SCB_UART_DeInit      0x1008'6a09    0x5c  Code  Gb  cy_scb_uart.o [24]
Cy_SCB_UART_Enable      0x1008'5bd5     0xa  Code  Lc  zf_driver_uart.o [49]
Cy_SCB_UART_Init        0x1008'6785   0x284  Code  Gb  cy_scb_uart.o [24]
Cy_SCB_WriteTxFifo      0x1008'3f2d     0x6  Code  Lc  zf_driver_spi.o [49]
Cy_SCB_WriteTxFifo      0x1008'5b81     0x6  Code  Lc  zf_driver_uart.o [49]
Cy_SaveIRQ              0x1008'be79          Code  Gb  startup_cm7.o [31]
Cy_SysClk_CheckDividerExisting
                        0x1008'b5cd    0x2a  Code  Lc  zf_device_mt9v03x.o [48]
Cy_SysClk_CheckDividerExisting
                        0x1008'38bd    0x2a  Code  Lc  zf_driver_delay.o [49]
Cy_SysClk_CheckDividerExisting
                        0x1008'aa61    0x2c  Code  Lc  zf_driver_encoder.o [49]
Cy_SysClk_CheckDividerExisting
                        0x1008'b235    0x2c  Code  Lc  zf_driver_pit.o [49]
Cy_SysClk_CheckDividerExisting
                        0x1008'6c7d    0x2c  Code  Lc  zf_driver_pwm.o [49]
Cy_SysClk_CheckDividerExisting
                        0x1008'3fa1    0x2c  Code  Lc  zf_driver_spi.o [49]
Cy_SysClk_CheckDividerExisting
                        0x1008'59cd    0x2c  Code  Lc  zf_driver_uart.o [49]
Cy_SysClk_ClkPathGetSource
                        0x1008'8d85    0x54  Code  Gb  cy_sysclk.o [33]
Cy_SysClk_EcoGetStatus  0x1008'8c11    0x1a  Code  Lc  cy_sysclk.o [33]
Cy_SysClk_Fast0ClkGetDivider
                        0x1008'8d59    0x16  Code  Lc  cy_sysclk.o [33]
Cy_SysClk_Fast1ClkGetDivider
                        0x1008'8d6f    0x16  Code  Lc  cy_sysclk.o [33]
Cy_SysClk_FllGetConfiguration
                        0x1008'8de1    0x7e  Code  Gb  cy_sysclk.o [33]
Cy_SysClk_FllGetLockStatus
                        0x1008'8c2b     0xc  Code  Lc  cy_sysclk.o [33]
Cy_SysClk_GetClockGroup
                        0x1008'b675     0x8  Code  Lc  zf_device_mt9v03x.o [48]
Cy_SysClk_GetClockGroup
                        0x1008'3965     0x8  Code  Lc  zf_driver_delay.o [49]
Cy_SysClk_GetClockGroup
                        0x1008'ab0f     0x8  Code  Lc  zf_driver_encoder.o [49]
Cy_SysClk_GetClockGroup
                        0x1008'b2e3     0x8  Code  Lc  zf_driver_pit.o [49]
Cy_SysClk_GetClockGroup
                        0x1008'6d2b     0x8  Code  Lc  zf_driver_pwm.o [49]
Cy_SysClk_GetClockGroup
                        0x1008'4085     0x8  Code  Lc  zf_driver_spi.o [49]
Cy_SysClk_GetClockGroup
                        0x1008'5ab1     0x8  Code  Lc  zf_driver_uart.o [49]
Cy_SysClk_GetCoreFrequency
                        0x1008'94a5    0x2a  Code  Gb  cy_sysclk.o [33]
Cy_SysClk_GetEcoFrequency
                        0x1008'8fad    0x32  Code  Gb  cy_sysclk.o [33]
Cy_SysClk_GetExtFrequency
                        0x1008'8fe1    0x1e  Code  Gb  cy_sysclk.o [33]
Cy_SysClk_GetFast0Frequency
                        0x1008'93f9    0x56  Code  Gb  cy_sysclk.o [33]
Cy_SysClk_GetFast1Frequency
                        0x1008'944f    0x56  Code  Gb  cy_sysclk.o [33]
Cy_SysClk_GetFllInputFrequency
                        0x1008'9101     0xc  Code  Gb  cy_sysclk.o [33]
Cy_SysClk_GetFllOutputFrequency
                        0x1008'9129    0x78  Code  Gb  cy_sysclk.o [33]
Cy_SysClk_GetHfClkFrequency
                        0x1008'937b    0x7a  Code  Gb  cy_sysclk.o [33]
Cy_SysClk_GetIlo0Frequency
                        0x1008'8fff    0x32  Code  Gb  cy_sysclk.o [33]
Cy_SysClk_GetIlo1Frequency
                        0x1008'9031    0x32  Code  Gb  cy_sysclk.o [33]
Cy_SysClk_GetImoFrequency
                        0x1008'8f7b    0x32  Code  Gb  cy_sysclk.o [33]
Cy_SysClk_GetPathFrequency
                        0x1008'9349    0x32  Code  Gb  cy_sysclk.o [33]
Cy_SysClk_GetPathSourceFrequency
                        0x1008'909d    0x64  Code  Gb  cy_sysclk.o [33]
Cy_SysClk_GetPll400MNo  0x1008'8c75    0x14  Code  Lc  cy_sysclk.o [33]
Cy_SysClk_GetPllInputFrequency
                        0x1008'910d    0x1c  Code  Gb  cy_sysclk.o [33]
Cy_SysClk_GetPllNo      0x1008'8c39    0x12  Code  Lc  cy_sysclk.o [33]
Cy_SysClk_GetPllOutputFrequency
                        0x1008'91a5   0x1a0  Code  Gb  cy_sysclk.o [33]
Cy_SysClk_GetWcoFrequency
                        0x1008'9063    0x32  Code  Gb  cy_sysclk.o [33]
Cy_SysClk_HfClockGetDivider
                        0x1008'8d17    0x42  Code  Lc  cy_sysclk.o [33]
Cy_SysClk_HfClockGetSource
                        0x1008'8cc3    0x54  Code  Lc  cy_sysclk.o [33]
Cy_SysClk_InitGetFreqParams
                        0x1008'8f61    0x1a  Code  Gb  cy_sysclk.o [33]
Cy_SysClk_PeriphAssignDivider
                        0x1008'b67d    0x68  Code  Lc  zf_device_mt9v03x.o [48]
Cy_SysClk_PeriphAssignDivider
                        0x1008'396d    0x68  Code  Lc  zf_driver_delay.o [49]
Cy_SysClk_PeriphAssignDivider
                        0x1008'ab17    0x6a  Code  Lc  zf_driver_encoder.o [49]
Cy_SysClk_PeriphAssignDivider
                        0x1008'b2eb    0x68  Code  Lc  zf_driver_pit.o [49]
Cy_SysClk_PeriphAssignDivider
                        0x1008'6d33    0x6a  Code  Lc  zf_driver_pwm.o [49]
Cy_SysClk_PeriphAssignDivider
                        0x1008'408d    0x6a  Code  Lc  zf_driver_spi.o [49]
Cy_SysClk_PeriphAssignDivider
                        0x1008'5ab9    0x6a  Code  Lc  zf_driver_uart.o [49]
Cy_SysClk_PeriphEnableDivider
                        0x1008'b6e5    0x4c  Code  Lc  zf_device_mt9v03x.o [48]
Cy_SysClk_PeriphEnableDivider
                        0x1008'39d5    0x4c  Code  Lc  zf_driver_delay.o [49]
Cy_SysClk_PeriphEnableDivider
                        0x1008'ab81    0x4e  Code  Lc  zf_driver_encoder.o [49]
Cy_SysClk_PeriphEnableDivider
                        0x1008'b353    0x4c  Code  Lc  zf_driver_pit.o [49]
Cy_SysClk_PeriphEnableDivider
                        0x1008'6d9d    0x4e  Code  Lc  zf_driver_pwm.o [49]
Cy_SysClk_PeriphEnableDivider
                        0x1008'40f7    0x4e  Code  Lc  zf_driver_spi.o [49]
Cy_SysClk_PeriphEnableDivider
                        0x1008'5b23    0x4e  Code  Lc  zf_driver_uart.o [49]
Cy_SysClk_PeriphSetDivider
                        0x1008'b5f7    0x7e  Code  Lc  zf_device_mt9v03x.o [48]
Cy_SysClk_PeriphSetDivider
                        0x1008'38e7    0x7e  Code  Lc  zf_driver_delay.o [49]
Cy_SysClk_PeriphSetDivider
                        0x1008'aa8d    0x82  Code  Lc  zf_driver_encoder.o [49]
Cy_SysClk_PeriphSetDivider
                        0x1008'b261    0x82  Code  Lc  zf_driver_pit.o [49]
Cy_SysClk_PeriphSetDivider
                        0x1008'6ca9    0x82  Code  Lc  zf_driver_pwm.o [49]
Cy_SysClk_PeriphSetFracDivider
                        0x1008'3fcd    0xb8  Code  Lc  zf_driver_spi.o [49]
Cy_SysClk_PeriphSetFracDivider
                        0x1008'59f9    0xb8  Code  Lc  zf_driver_uart.o [49]
Cy_SysClk_Pll400MGetConfiguration
                        0x1008'8ecd    0x84  Code  Gb  cy_sysclk.o [33]
Cy_SysClk_Pll400MGetLockStatus
                        0x1008'8c89    0x2a  Code  Lc  cy_sysclk.o [33]
Cy_SysClk_PllGetConfiguration
                        0x1008'8e79    0x48  Code  Gb  cy_sysclk.o [33]
Cy_SysClk_PllGetLockStatus
                        0x1008'8c4b    0x28  Code  Lc  cy_sysclk.o [33]
Cy_SysClk_WcoOkay       0x1008'8cb5     0xe  Code  Lc  cy_sysclk.o [33]
Cy_SysInt_InitIRQ       0x1008'7a95    0x7e  Code  Gb  cy_sysint.o [35]
Cy_SysInt_SetSystemIrqVector
                        0x1008'7b13    0x12  Code  Gb  cy_sysint.o [35]
Cy_SysInt_SystemIrqUserTableRamPointer
                        0x2802'bf40     0x4  Data  Gb  cy_interrupt_map.o [23]
Cy_SysLib_DelayCycles   0x1008'd061          Code  Gb  cy_syslib_iar.o [36]
Cy_SysLib_EnterCriticalSection
                        0x1008'd071          Code  Gb  cy_syslib_iar.o [36]
Cy_SysLib_ExitCriticalSection
                        0x1008'd079          Code  Gb  cy_syslib_iar.o [36]
Cy_SysLib_FaultHandler  0x1008'956d    0x90  Code  Gb  cy_syslib.o [36]
Cy_SysLib_Halt          0x1008'9569     0x4  Code  Gb  cy_syslib.o [36]
Cy_SysLib_ProcessingFault
                        0x1008'9611     0x2  Code  Wk  cy_syslib.o [36]
Cy_SysLib_SvcHandler    0x1008'd1dd     0xc  Code  Wk  cy_syslib.o [36]
Cy_SystemInitFpuEnable  0x1008'be19    0x1e  Code  Gb  system_tviibh4m_cm7.o [22]
Cy_SystemIrqUserTable   0x2802'b854   0x6ec  Data  Gb  cy_interrupt_map.o [23]
Cy_Tcpwm_Counter_ClearTC_Intr
                        0x1008'4d2f    0x10  Code  Gb  cy_tcpwm_counter.o [43]
Cy_Tcpwm_Counter_Enable
                        0x1008'4d11     0xa  Code  Gb  cy_tcpwm_counter.o [43]
Cy_Tcpwm_Counter_GetCounter
                        0x1008'4d1f     0x4  Code  Gb  cy_tcpwm_counter.o [43]
Cy_Tcpwm_Counter_Init   0x1008'4b91   0x16c  Code  Gb  cy_tcpwm_counter.o [43]
Cy_Tcpwm_Counter_SetCounter
                        0x1008'4d1b     0x4  Code  Gb  cy_tcpwm_counter.o [43]
Cy_Tcpwm_Counter_SetTC_IntrMask
                        0x1008'4d23     0xc  Code  Gb  cy_tcpwm_counter.o [43]
Cy_Tcpwm_Pwm_Enable     0x1008'7d75     0xa  Code  Gb  cy_tcpwm_pwm.o [43]
Cy_Tcpwm_Pwm_Init       0x1008'7b75   0x1e4  Code  Gb  cy_tcpwm_pwm.o [43]
Cy_Tcpwm_QuadDec_GetCounter
                        0x1008'ae79     0x4  Code  Gb  cy_tcpwm_quaddec.o [43]
Cy_Tcpwm_QuadDec_SetCounter
                        0x1008'ae75     0x4  Code  Gb  cy_tcpwm_quaddec.o [43]
Cy_Tcpwm_TriggerStart   0x1008'4da7     0xc  Code  Gb  cy_tcpwm.o [43]
Cy_u32StartupStackEndAddress
                        0x1008'c924          Data  Gb  startup_cm7.o [31]
Cy_u32StartupStackStartAddress
                        0x1008'c920          Data  Gb  startup_cm7.o [31]
DebugMon_Handler        0x1008'd291          Code  Wk  startup_cm7.o [31]
Err_right               0x2803'6208     0x4  Data  Gb  control.o [5]
Error_Angle             0x2803'61b8    0x10  Data  Gb  GET_ANGLE.o [5]
GetOSTU                 0x1008'ae7d   0x1e8  Code  Gb  Camera.o [5]
Get_Bin_Image           0x1008'b065    0xa0  Code  Gb  Camera.o [5]
Get_New_Angle           0x1008'333d    0x30  Code  Gb  GET_ANGLE.o [5]
Get_Use_Image           0x1008'b1d3    0x50  Code  Gb  Camera.o [5]
Get_encoder             0x1008'c4ed    0x3e  Code  Gb  motor.o [5]
Gyro_Parameter          0x2803'615c    0x18  Data  Gb  GET_ANGLE.o [5]
HEAP_STACK$$Base        0x2807'e000           --   Gb  - Linker created -
HEAP_STACK$$Limit       0x2808'0000           --   Gb  - Linker created -
HardFault_Handler       0x1008'd03d          Code  Wk  startup_cm7.o [31]
IMU                     0x2803'5d78    0x94  Data  Gb  GET_ANGLE.o [5]
IMU_Offset_Init         0x1008'226d   0x364  Code  Gb  GET_ANGLE.o [5]
Image_Use               0x2803'1848  0x1608  Data  Gb  Camera.o [5]
InitRamEcc              0x1008'bbb3   0x100  Code  Lc  startup.o [31]
InitRamEccClearArea     0x1008'bcb3    0x12  Code  Lc  startup.o [31]
LPButterworth           0x1008'2131   0x13c  Code  Gb  GET_ANGLE.o [5]
Madgwick_AHRS_6_DOF_Get_Angle
                        0x1008'275d   0x49a  Code  Gb  GET_ANGLE.o [5]
MemManage_Handler       0x1008'd285          Code  Wk  startup_cm7.o [31]
Motor_SetSpeed          0x1008'c485    0x68  Code  Gb  motor.o [5]
NMI_Handler             0x1008'd281          Code  Wk  startup_cm7.o [31]
New_angle               0x2803'6218     0x4  Data  Gb  GET_ANGLE.o [5]
PID_Control             0x1008'c355    0xa0  Code  Gb  control.o [5]
PID_Normal_Right        0x1008'c2e5    0x70  Code  Gb  control.o [5]
PID_Turn                0x1008'c2a9    0x3a  Code  Gb  control.o [5]
PWM_A                   0x2803'61e0     0x4  Data  Gb  control.o [5]
PWM_B                   0x2803'61e4     0x4  Data  Gb  control.o [5]
PendSV_Handler          0x1008'd295          Code  Wk  startup_cm7.o [31]
QuaternionToEuler       0x1008'25e1    0xc4  Code  Gb  GET_ANGLE.o [5]
Region$$Table$$Base     0x1008'd01c           --   Gb  - Linker created -
Region$$Table$$Limit    0x1008'd03c           --   Gb  - Linker created -
Reset_Handler           0x1008'c879          Code  Wk  startup_cm7.o [31]
SVC_Handler             0x1008'd101          Code  Wk  startup_cm7.o [31]
Set_Cutoff_Frequency    0x1008'2081    0xa6  Code  Gb  GET_ANGLE.o [5]
Speed_Limit             0x1008'c3f5    0x32  Code  Gb  control.o [5]
Speed_kd_Left           0x2803'61f8     0x4  Data  Gb  control.o [5]
Speed_kd_Right          0x2803'6204     0x4  Data  Gb  control.o [5]
Speed_ki_Left           0x2803'61f4     0x4  Data  Gb  control.o [5]
Speed_ki_Right          0x2803'6200     0x4  Data  Gb  control.o [5]
Speed_kp_Left           0x2802'b850     0x4  Data  Gb  control.o [5]
Speed_kp_Right          0x2803'61fc     0x4  Data  Gb  control.o [5]
Startup_Init            0x1008'bb25    0x8e  Code  Gb  startup.o [31]
SysTick_Handler         0x1008'd299          Code  Wk  startup_cm7.o [31]
SystemCoreClock         0x2803'621c     0x4  Data  Gb  system_tviibh4m_cm7.o [22]
SystemCoreClockUpdate   0x1008'bd85    0x94  Code  Gb  system_tviibh4m_cm7.o [22]
SystemInit              0x1008'bd29    0x5c  Code  Gb  system_tviibh4m_cm7.o [22]
UsageFault_Handler      0x1008'd28d          Code  Wk  startup_cm7.o [31]
_PrintfTiny             0x1008'6ab1   0x124  Code  Gb  xprintftiny.o [50]
_SProut                 0x1008'3efb     0xa  Code  Gb  xsprout.o [50]
__NVIC_ClearPendingIRQ  0x1008'c531    0x1c  Code  Lc  cy_interrupt_map.o [23]
__NVIC_ClearPendingIRQ  0x1008'66b1    0x1c  Code  Lc  zf_common_interrupt.o [46]
__NVIC_EnableIRQ        0x1008'6695    0x1c  Code  Lc  zf_common_interrupt.o [46]
__NVIC_SetPriority      0x1008'66cd    0x24  Code  Lc  zf_common_interrupt.o [46]
[...]
imu660ra_write_register
                        0x1008'3b41    0x1e  Code  Lc  zf_device_imu660ra.o [48]
imu660ra_write_registers
                        0x1008'3b5f    0x1e  Code  Lc  zf_device_imu660ra.o [48]
imu963ra_acc_x          0x2803'6266     0x2  Data  Gb  zf_device_imu963ra.o [48]
imu963ra_acc_y          0x2803'6268     0x2  Data  Gb  zf_device_imu963ra.o [48]
imu963ra_acc_z          0x2803'626a     0x2  Data  Gb  zf_device_imu963ra.o [48]
imu963ra_get_acc        0x1008'37bf    0x3e  Code  Gb  zf_device_imu963ra.o [48]
imu963ra_get_gyro       0x1008'37fd    0x3e  Code  Gb  zf_device_imu963ra.o [48]
imu963ra_get_mag        0x1008'383b    0x56  Code  Gb  zf_device_imu963ra.o [48]
imu963ra_get_value      0x1008'2c1d   0x3d4  Code  Gb  GET_ANGLE.o [5]
imu963ra_gyro_x         0x2803'6260     0x2  Data  Gb  zf_device_imu963ra.o [48]
imu963ra_gyro_y         0x2803'6262     0x2  Data  Gb  zf_device_imu963ra.o [48]
imu963ra_gyro_z         0x2803'6264     0x2  Data  Gb  zf_device_imu963ra.o [48]
imu963ra_mag_x          0x2803'626c     0x2  Data  Gb  zf_device_imu963ra.o [48]
imu963ra_mag_y          0x2803'626e     0x2  Data  Gb  zf_device_imu963ra.o [48]
imu963ra_mag_z          0x2803'6270     0x2  Data  Gb  zf_device_imu963ra.o [48]
imu963ra_read_acc_gyro_register
                        0x1008'3773    0x26  Code  Lc  zf_device_imu963ra.o [48]
imu963ra_read_acc_gyro_registers
                        0x1008'3799    0x26  Code  Lc  zf_device_imu963ra.o [48]
imu963ra_transition_factor
                        0x2802'bf6c     0xc  Data  Gb  zf_device_imu963ra.o [48]
imu963ra_write_acc_gyro_register
                        0x1008'3751    0x22  Code  Lc  zf_device_imu963ra.o [48]
intFreqInitialized      0x2803'6272     0x1  Data  Gb  cy_sysclk.o [33]
internalBaseFreqInfo    0x2803'6114    0x18  Data  Gb  cy_sysclk.o [33]
interrupt_global_disable
                        0x1008'6701    0x14  Code  Gb  zf_common_interrupt.o [46]
interrupt_global_enable
                        0x1008'66f1    0x10  Code  Gb  zf_common_interrupt.o [46]
interrupt_global_flag   0x2803'6234     0x4  Data  Lc  zf_common_interrupt.o [46]
interrupt_init          0x1008'6741    0x36  Code  Gb  zf_common_interrupt.o [46]
interrupt_set_priority  0x1008'6735     0xc  Code  Gb  zf_common_interrupt.o [46]
invSqrt                 0x1008'26a7    0x18  Code  Gb  GET_ANGLE.o [5]
last_err_right          0x2803'6210     0x4  Data  Gb  control.o [5]
main                    0x1008'c6c9   0x10a  Code  Gb  main_cm7_0.o [45]
mt9v03x_auto_exp        0x2803'6248     0x4  Data  Lc  zf_device_config_mt9v03x.o [54]
mt9v03x_exp_time        0x2803'624c     0x4  Data  Lc  zf_device_config_mt9v03x.o [54]
mt9v03x_finish_flag     0x2803'627b     0x1  Data  Gb  zf_device_mt9v03x.o [48]
mt9v03x_h_blank         0x2803'6244     0x4  Data  Lc  zf_device_config_mt9v03x.o [54]
mt9v03x_iic_inf_struct  0x2803'61c8    0x10  Data  Lc  zf_device_config_mt9v03x.o [54]
mt9v03x_image           0x2802'c028  0x5820  Data  Gb  zf_device_mt9v03x.o [48]
mt9v03x_image_temp      0x2802'6024  0x5820  Data  Wk  zf_device_mt9v03x.o [48]
mt9v03x_init            0x1008'b83b    0x86  Code  Gb  zf_device_mt9v03x.o [48]
mt9v03x_read_word_sccb  0x1008'96d1    0x28  Code  Lc  zf_device_config_mt9v03x.o [54]
mt9v03x_row             0x2803'6250     0x4  Data  Lc  zf_device_config_mt9v03x.o [54]
mt9v03x_sccb_check_id   0x1008'96f9    0x60  Code  Gb  zf_device_config_mt9v03x.o [54]
mt9v03x_sccb_init       0x1008'b7ff    0x3c  Code  Gb  zf_device_mt9v03x.o [48]
mt9v03x_sccb_set_config
                        0x1008'9759   0x6fe  Code  Gb  zf_device_config_mt9v03x.o [54]
mt9v03x_trig_init       0x1008'b74f    0xb0  Code  Lc  zf_device_mt9v03x.o [48]
mt9v03x_v_blank         0x2803'6240     0x4  Data  Lc  zf_device_config_mt9v03x.o [54]
mt9v03x_write_and_check_word_sccb
                        0x1008'963f    0x92  Code  Lc  zf_device_config_mt9v03x.o [54]
mt9v03x_write_word_sccb
                        0x1008'9615    0x2a  Code  Lc  zf_device_config_mt9v03x.o [54]
out                     0x1008'6a99    0x18  Code  Lc  xprintftiny.o [50]
pit0_ch0_isr            0x1008'c7d3    0x54  Code  Gb  main_cm7_0.o [45]
pit0_ch10_isr           0x1008'beb3     0xa  Code  Gb  cm7_0_isr.o [45]
pit0_ch11_isr           0x1008'bebd     0xa  Code  Gb  cm7_0_isr.o [45]
pit0_ch12_isr           0x1008'bec7     0xa  Code  Gb  cm7_0_isr.o [45]
pit0_ch13_isr           0x1008'bed1     0xa  Code  Gb  cm7_0_isr.o [45]
pit0_ch14_isr           0x1008'bedb     0xa  Code  Gb  cm7_0_isr.o [45]
pit0_ch15_isr           0x1008'bee5     0xa  Code  Gb  cm7_0_isr.o [45]
pit0_ch16_isr           0x1008'beef     0xa  Code  Gb  cm7_0_isr.o [45]
pit0_ch17_isr           0x1008'bef9     0xa  Code  Gb  cm7_0_isr.o [45]
pit0_ch18_isr           0x1008'bf03     0xa  Code  Gb  cm7_0_isr.o [45]
pit0_ch19_isr           0x1008'bf0d     0xa  Code  Gb  cm7_0_isr.o [45]
pit0_ch1_isr            0x1008'c849    0x12  Code  Gb  main_cm7_0.o [45]
pit0_ch20_isr           0x1008'bf17     0xa  Code  Gb  cm7_0_isr.o [45]
pit0_ch21_isr           0x1008'bf21     0xe  Code  Gb  cm7_0_isr.o [45]
pit0_ch2_isr            0x1008'bea9     0xa  Code  Gb  cm7_0_isr.o [45]
pit_init                0x1008'b3c9   0x1ee  Code  Gb  zf_driver_pit.o [49]
pit_isr_flag_clear      0x1008'b39f    0x2a  Code  Gb  zf_driver_pit.o [49]
pit_isr_func            0x2802'bfa4    0x3c  Data  Gb  zf_driver_pit.o [49]
pwm_all_channel_close   0x1008'782d    0x1a  Code  Gb  zf_driver_pwm.o [49]
pwm_init                0x1008'78a1   0x1e4  Code  Gb  zf_driver_pwm.o [49]
pwm_set_duty            0x1008'7847    0x5a  Code  Gb  zf_driver_pwm.o [49]
q                       0x2802'bf44    0x20  Data  Gb  GET_ANGLE.o [5]
restrict_the_BETA       0x1008'26c1    0x28  Code  Gb  GET_ANGLE.o [5]
sar_adc                 0x2802'bf80     0xc  Data  Lc  zf_driver_adc.o [49]
scb_module              0x2802'c004    0x14  Data  Gb  zf_driver_uart.o [49]
soft_iic_init           0x1008'a3f5    0x78  Code  Gb  zf_driver_soft_iic.o [49]
soft_iic_read_data      0x1008'a21f   0x10e  Code  Lc  zf_driver_soft_iic.o [49]
soft_iic_sccb_read_register
                        0x1008'a389    0x6c  Code  Gb  zf_driver_soft_iic.o [49]
soft_iic_sccb_write_register
                        0x1008'a339    0x4c  Code  Gb  zf_driver_soft_iic.o [49]
soft_iic_send_ack       0x1008'9fb1    0xc6  Code  Lc  zf_driver_soft_iic.o [49]
soft_iic_send_data      0x1008'a147    0xd8  Code  Lc  zf_driver_soft_iic.o [49]
soft_iic_start          0x1008'9e75    0x9e  Code  Lc  zf_driver_soft_iic.o [49]
soft_iic_stop           0x1008'9f13    0x9e  Code  Lc  zf_driver_soft_iic.o [49]
soft_iic_wait_ack       0x1008'a077    0xd0  Code  Lc  zf_driver_soft_iic.o [49]
spi_get_clk_hsiom       0x1008'4201    0x28  Code  Lc  zf_driver_spi.o [49]
spi_get_clk_pin         0x1008'4145    0x28  Code  Lc  zf_driver_spi.o [49]
spi_get_cs_hsiom        0x1008'4279    0x44  Code  Lc  zf_driver_spi.o [49]
spi_get_cs_pin          0x1008'41bd    0x44  Code  Lc  zf_driver_spi.o [49]
spi_get_miso_hsiom      0x1008'4251    0x28  Code  Lc  zf_driver_spi.o [49]
spi_get_miso_pin        0x1008'4195    0x28  Code  Lc  zf_driver_spi.o [49]
spi_get_mosi_hsiom      0x1008'4229    0x28  Code  Lc  zf_driver_spi.o [49]
spi_get_mosi_pin        0x1008'416d    0x28  Code  Lc  zf_driver_spi.o [49]
spi_init                0x1008'48ed   0x28e  Code  Gb  zf_driver_spi.o [49]
spi_module              0x2802'bfe0    0x10  Data  Gb  zf_driver_spi.o [49]
spi_read_8bit_register  0x1008'4729    0xd0  Code  Gb  zf_driver_spi.o [49]
spi_read_8bit_registers
                        0x1008'47f9    0xe2  Code  Gb  zf_driver_spi.o [49]
spi_write_16bit_array   0x1008'44a3    0xb6  Code  Gb  zf_driver_spi.o [49]
spi_write_8bit          0x1008'43f9    0xaa  Code  Gb  zf_driver_spi.o [49]
spi_write_8bit_register
                        0x1008'4559    0xde  Code  Gb  zf_driver_spi.o [49]
spi_write_8bit_registers
                        0x1008'4637    0xe8  Code  Gb  zf_driver_spi.o [49]
sprintf                 0x1008'620d    0x40  Code  Gb  sprintf.o [50]
sqrtf                   0x1008'3edd          Code  Gb  sqrtf.o [51]
strlen                  0x1008'61d5          Code  Gb  strlen.o [52]
strncmp                 0x1008'c27d    0x2a  Code  Gb  strncmp.o [50]
strncpy                 0x1008'94f9          Code  Gb  strncpy.o [52]
sum_right               0x2803'620c     0x4  Data  Gb  control.o [5]
switch_transition_length
                        0x1008'42bd   0x13c  Code  Lc  zf_driver_spi.o [49]
system_clock            0x2803'6230     0x4  Data  Gb  zf_common_clock.o [46]
system_delay_init       0x1008'3a7f    0xa6  Code  Gb  zf_driver_delay.o [49]
system_delay_ms         0x1008'3a21    0x5e  Code  Gb  zf_driver_delay.o [49]
tanf                    0x1008'33dd   0x1a4  Code  Gb  tan32.o [51]
tft180_bgcolor          0x2802'c01e     0x2  Data  Lc  zf_device_tft180.o [48]
tft180_clear            0x1008'7f69    0x72  Code  Gb  zf_device_tft180.o [48]
tft180_debug_init       0x1008'7eff    0x68  Code  Lc  zf_device_tft180.o [48]
tft180_display_dir      0x2803'627c     0x1  Data  Lc  zf_device_tft180.o [48]
tft180_display_font     0x2802'c023     0x1  Data  Lc  zf_device_tft180.o [48]
tft180_height_max       0x2802'c01a     0x2  Data  Gb  zf_device_tft180.o [48]
tft180_init             0x1008'8669   0x35a  Code  Gb  zf_device_tft180.o [48]
tft180_pencolor         0x2802'c01c     0x2  Data  Lc  zf_device_tft180.o [48]
tft180_set_color        0x1008'8015     0xe  Code  Gb  zf_device_tft180.o [48]
tft180_set_dir          0x1008'7fdb    0x3a  Code  Gb  zf_device_tft180.o [48]
tft180_set_region       0x1008'7d9f   0x160  Code  Lc  zf_device_tft180.o [48]
tft180_show_char        0x1008'8023   0x1f4  Code  Gb  zf_device_tft180.o [48]
tft180_show_float       0x1008'83a1   0x13e  Code  Gb  zf_device_tft180.o [48]
tft180_show_gray_image  0x1008'84f9   0x150  Code  Gb  zf_device_tft180.o [48]
tft180_show_int         0x1008'82c3    0xde  Code  Gb  zf_device_tft180.o [48]
tft180_show_string      0x1008'8219    0xaa  Code  Gb  zf_device_tft180.o [48]
tft180_width_max        0x2802'c018     0x2  Data  Gb  zf_device_tft180.o [48]
tft180_write_index      0x1008'7d81    0x1e  Code  Lc  zf_device_tft180.o [48]
timer_ch                0x2802'c024     0x1  Data  Lc  zf_driver_delay.o [49]
tsl1401_collect_pit_handler
                        0x1008'c079    0x68  Code  Gb  zf_device_tsl1401.o [48]
tsl1401_data            0x2803'5a60   0x200  Data  Gb  zf_device_tsl1401.o [48]
tsl1401_finish_flag     0x2803'627e     0x1  Data  Gb  zf_device_tsl1401.o [48]
tsl1401_init_state      0x2803'627d     0x1  Data  Lc  zf_device_tsl1401.o [48]
turn_kd                 0x2803'61ec     0x4  Data  Gb  control.o [5]
turn_kp                 0x2803'61e8     0x4  Data  Gb  control.o [5]
type_default_callback   0x1008'd2bd     0x2  Code  Lc  zf_device_type.o [48]
uart0_isr               0x1008'bf2f    0x40  Code  Gb  cm7_0_isr.o [45]
uart1_isr               0x1008'bf6f    0x42  Code  Gb  cm7_0_isr.o [45]
uart2_isr               0x1008'bfb1    0x40  Code  Gb  cm7_0_isr.o [45]
uart3_isr               0x1008'bff1    0x3c  Code  Gb  cm7_0_isr.o [45]
uart4_isr               0x1008'c02d    0x42  Code  Gb  cm7_0_isr.o [45]
uart_context            0x2803'5c60   0x118  Data  Gb  zf_driver_uart.o [49]
uart_init               0x1008'5fff   0x190  Code  Gb  zf_driver_uart.o [49]
uart_isr_func           0x2802'bff0    0x14  Data  Gb  zf_driver_uart.o [49]
uart_query_byte         0x1008'5db3    0x32  Code  Gb  zf_driver_uart.o [49]
uart_receiver_handler   0x2802'bf7c     0x4  Data  Gb  zf_device_type.o [48]
uart_rx_interrupt       0x1008'5f01    0xfe  Code  Gb  zf_driver_uart.o [49]
uart_tx_interrupt       0x1008'5de5   0x11c  Code  Gb  zf_driver_uart.o [49]
uart_write_byte         0x1008'5d6f    0x28  Code  Gb  zf_driver_uart.o [49]
uart_write_string       0x1008'5d97    0x1c  Code  Gb  zf_driver_uart.o [49]
wireless_module_uart_handler
                        0x2802'bf78     0x4  Data  Gb  zf_device_type.o [48]
zf_debug_assert_enable  0x2802'c022     0x1  Data  Lc  zf_common_debug.o [46]
zf_debug_init_flag      0x2803'6273     0x1  Data  Lc  zf_common_debug.o [46]


[1] = C:\Users\jty\Desktop\CYT4BB7_Library-master\CYT4BB7_Library-master\Example\Coreboard_Demo\Car01\iar\Debug_m7_0\Obj\adc_11722776235721520015.dir
[2] = C:\Users\jty\Desktop\CYT4BB7_Library-master\CYT4BB7_Library-master\Example\Coreboard_Demo\Car01\iar\Debug_m7_0\Obj\audioss_1346650047966882938.dir
[3] = C:\Users\jty\Desktop\CYT4BB7_Library-master\CYT4BB7_Library-master\Example\Coreboard_Demo\Car01\iar\Debug_m7_0\Obj\button_4990804375159372270.dir
[4] = C:\Users\jty\Desktop\CYT4BB7_Library-master\CYT4BB7_Library-master\Example\Coreboard_Demo\Car01\iar\Debug_m7_0\Obj\canfd_1800690984773873875.dir
[5] = C:\Users\jty\Desktop\CYT4BB7_Library-master\CYT4BB7_Library-master\Example\Coreboard_Demo\Car01\iar\Debug_m7_0\Obj\code_17896468042025673432.dir
[6] = C:\Users\jty\Desktop\CYT4BB7_Library-master\CYT4BB7_Library-master\Example\Coreboard_Demo\Car01\iar\Debug_m7_0\Obj\cpu_15938736945165268644.dir
[7] = C:\Users\jty\Desktop\CYT4BB7_Library-master\CYT4BB7_Library-master\Example\Coreboard_Demo\Car01\iar\Debug_m7_0\Obj\crypto_1190170608956581615.dir
[8] = C:\Users\jty\Desktop\CYT4BB7_Library-master\CYT4BB7_Library-master\Example\Coreboard_Demo\Car01\iar\Debug_m7_0\Obj\dma_12106025507578611576.dir
[9] = C:\Users\jty\Desktop\CYT4BB7_Library-master\CYT4BB7_Library-master\Example\Coreboard_Demo\Car01\iar\Debug_m7_0\Obj\eth_phy_18133017486186456677.dir
[10] = C:\Users\jty\Desktop\CYT4BB7_Library-master\CYT4BB7_Library-master\Example\Coreboard_Demo\Car01\iar\Debug_m7_0\Obj\ethernet_6029839089178797009.dir
[11] = C:\Users\jty\Desktop\CYT4BB7_Library-master\CYT4BB7_Library-master\Example\Coreboard_Demo\Car01\iar\Debug_m7_0\Obj\evtgen_3404189088603873129.dir
[12] = C:\Users\jty\Desktop\CYT4BB7_Library-master\CYT4BB7_Library-master\Example\Coreboard_Demo\Car01\iar\Debug_m7_0\Obj\flash_8529866181315662935.dir
[13] = C:\Users\jty\Desktop\CYT4BB7_Library-master\CYT4BB7_Library-master\Example\Coreboard_Demo\Car01\iar\Debug_m7_0\Obj\flash_864493325053435817.dir
[14] = C:\Users\jty\Desktop\CYT4BB7_Library-master\CYT4BB7_Library-master\Example\Coreboard_Demo\Car01\iar\Debug_m7_0\Obj\gpio_3999404635324069351.dir
[15] = C:\Users\jty\Desktop\CYT4BB7_Library-master\CYT4BB7_Library-master\Example\Coreboard_Demo\Car01\iar\Debug_m7_0\Obj\ipc_10145506163450686023.dir
[16] = C:\Users\jty\Desktop\CYT4BB7_Library-master\CYT4BB7_Library-master\Example\Coreboard_Demo\Car01\iar\Debug_m7_0\Obj\lin_18429031207028094880.dir
[17] = C:\Users\jty\Desktop\CYT4BB7_Library-master\CYT4BB7_Library-master\Example\Coreboard_Demo\Car01\iar\Debug_m7_0\Obj\lvd_6353935867039560245.dir
[18] = C:\Users\jty\Desktop\CYT4BB7_Library-master\CYT4BB7_Library-master\Example\Coreboard_Demo\Car01\iar\Debug_m7_0\Obj\mcwdt_4052485907822033969.dir
[19] = C:\Users\jty\Desktop\CYT4BB7_Library-master\CYT4BB7_Library-master\Example\Coreboard_Demo\Car01\iar\Debug_m7_0\Obj\mpu_5663187252346826382.dir
[20] = C:\Users\jty\Desktop\CYT4BB7_Library-master\CYT4BB7_Library-master\Example\Coreboard_Demo\Car01\iar\Debug_m7_0\Obj\power_14453085144426420577.dir
[21] = C:\Users\jty\Desktop\CYT4BB7_Library-master\CYT4BB7_Library-master\Example\Coreboard_Demo\Car01\iar\Debug_m7_0\Obj\prot_10722960861768657883.dir
[22] = C:\Users\jty\Desktop\CYT4BB7_Library-master\CYT4BB7_Library-master\Example\Coreboard_Demo\Car01\iar\Debug_m7_0\Obj\rev_b_4986922561640112550.dir
[23] = C:\Users\jty\Desktop\CYT4BB7_Library-master\CYT4BB7_Library-master\Example\Coreboard_Demo\Car01\iar\Debug_m7_0\Obj\rev_b_6162237342861132223.dir
[24] = C:\Users\jty\Desktop\CYT4BB7_Library-master\CYT4BB7_Library-master\Example\Coreboard_Demo\Car01\iar\Debug_m7_0\Obj\scb_15490842639181808494.dir
[25] = C:\Users\jty\Desktop\CYT4BB7_Library-master\CYT4BB7_Library-master\Example\Coreboard_Demo\Car01\iar\Debug_m7_0\Obj\sd_host_2982766354293506895.dir
[26] = C:\Users\jty\Desktop\CYT4BB7_Library-master\CYT4BB7_Library-master\Example\Coreboard_Demo\Car01\iar\Debug_m7_0\Obj\semihosting_143864889731838620.dir
[27] = C:\Users\jty\Desktop\CYT4BB7_Library-master\CYT4BB7_Library-master\Example\Coreboard_Demo\Car01\iar\Debug_m7_0\Obj\smartio_5451710003740070188.dir
[28] = C:\Users\jty\Desktop\CYT4BB7_Library-master\CYT4BB7_Library-master\Example\Coreboard_Demo\Car01\iar\Debug_m7_0\Obj\smif_427648126384146252.dir
[29] = C:\Users\jty\Desktop\CYT4BB7_Library-master\CYT4BB7_Library-master\Example\Coreboard_Demo\Car01\iar\Debug_m7_0\Obj\smif_mem_6470536964353725183.dir
[30] = C:\Users\jty\Desktop\CYT4BB7_Library-master\CYT4BB7_Library-master\Example\Coreboard_Demo\Car01\iar\Debug_m7_0\Obj\srom_13018798572330080582.dir
[31] = C:\Users\jty\Desktop\CYT4BB7_Library-master\CYT4BB7_Library-master\Example\Coreboard_Demo\Car01\iar\Debug_m7_0\Obj\startup_479057977785470282.dir
[32] = C:\Users\jty\Desktop\CYT4BB7_Library-master\CYT4BB7_Library-master\Example\Coreboard_Demo\Car01\iar\Debug_m7_0\Obj\sw_timer_4215635015939382130.dir
[33] = C:\Users\jty\Desktop\CYT4BB7_Library-master\CYT4BB7_Library-master\Example\Coreboard_Demo\Car01\iar\Debug_m7_0\Obj\sysclk_16149231235676103872.dir
[34] = C:\Users\jty\Desktop\CYT4BB7_Library-master\CYT4BB7_Library-master\Example\Coreboard_Demo\Car01\iar\Debug_m7_0\Obj\sysflt_12293435975120599261.dir
[35] = C:\Users\jty\Desktop\CYT4BB7_Library-master\CYT4BB7_Library-master\Example\Coreboard_Demo\Car01\iar\Debug_m7_0\Obj\sysint_7435970359207984181.dir
[36] = C:\Users\jty\Desktop\CYT4BB7_Library-master\CYT4BB7_Library-master\Example\Coreboard_Demo\Car01\iar\Debug_m7_0\Obj\syslib_16330585751512546975.dir
[37] = C:\Users\jty\Desktop\CYT4BB7_Library-master\CYT4BB7_Library-master\Example\Coreboard_Demo\Car01\iar\Debug_m7_0\Obj\syspm_10887939769544754770.dir
[38] = C:\Users\jty\Desktop\CYT4BB7_Library-master\CYT4BB7_Library-master\Example\Coreboard_Demo\Car01\iar\Debug_m7_0\Obj\sysreghc_17676636058511625587.dir
[39] = C:\Users\jty\Desktop\CYT4BB7_Library-master\CYT4BB7_Library-master\Example\Coreboard_Demo\Car01\iar\Debug_m7_0\Obj\sysreset_14586141425677365288.dir
[40] = C:\Users\jty\Desktop\CYT4BB7_Library-master\CYT4BB7_Library-master\Example\Coreboard_Demo\Car01\iar\Debug_m7_0\Obj\sysrtc_10747768817563771611.dir
[41] = C:\Users\jty\Desktop\CYT4BB7_Library-master\CYT4BB7_Library-master\Example\Coreboard_Demo\Car01\iar\Debug_m7_0\Obj\systick_16016591671695740695.dir
[42] = C:\Users\jty\Desktop\CYT4BB7_Library-master\CYT4BB7_Library-master\Example\Coreboard_Demo\Car01\iar\Debug_m7_0\Obj\syswdt_9118657615806274156.dir
[43] = C:\Users\jty\Desktop\CYT4BB7_Library-master\CYT4BB7_Library-master\Example\Coreboard_Demo\Car01\iar\Debug_m7_0\Obj\tcpwm_422923530147891246.dir
[44] = C:\Users\jty\Desktop\CYT4BB7_Library-master\CYT4BB7_Library-master\Example\Coreboard_Demo\Car01\iar\Debug_m7_0\Obj\trigmux_9729677290734583340.dir
[45] = C:\Users\jty\Desktop\CYT4BB7_Library-master\CYT4BB7_Library-master\Example\Coreboard_Demo\Car01\iar\Debug_m7_0\Obj\user_8514941877209965082.dir
[46] = C:\Users\jty\Desktop\CYT4BB7_Library-master\CYT4BB7_Library-master\Example\Coreboard_Demo\Car01\iar\Debug_m7_0\Obj\zf_common_1201165462030747823.dir
[47] = C:\Users\jty\Desktop\CYT4BB7_Library-master\CYT4BB7_Library-master\Example\Coreboard_Demo\Car01\iar\Debug_m7_0\Obj\zf_components_14936052685886095442.dir
[48] = C:\Users\jty\Desktop\CYT4BB7_Library-master\CYT4BB7_Library-master\Example\Coreboard_Demo\Car01\iar\Debug_m7_0\Obj\zf_device_6570275422786408770.dir
[49] = C:\Users\jty\Desktop\CYT4BB7_Library-master\CYT4BB7_Library-master\Example\Coreboard_Demo\Car01\iar\Debug_m7_0\Obj\zf_driver_11922370083829174090.dir
[50] = dl7M_tln.a
[51] = m7M_tlv.a
[52] = rt7M_tl.a
[53] = shb_l.a
[54] = zf_device_config.a

  41'632 bytes of readonly  code memory
  12'543 bytes of readonly  data memory
  51'892 bytes of readwrite data memory (+ 22'560 absolute)

Errors: none
Warnings: none
