###############################################################################
#
# IAR ELF Linker V9.40.1.364/W64 for ARM                  23/Apr/2025  17:27:24
# Copyright 2007-2023 IAR Systems AB.
#
#    Output file  =
#        C:\Users\CSH\Desktop\CYT4BB7_Library-master\Example\Motherboard_Demo\Smart_Car
#        CODE\iar\Debug_m7_0\Exe\cyt4bb7_cm_7_0.out
#    Map file     =
#        C:\Users\CSH\Desktop\CYT4BB7_Library-master\Example\Motherboard_Demo\Smart_Car
#        CODE\iar\Debug_m7_0\List\cyt4bb7_cm_7_0.map
#    Command line =
#        -f
#        "C:\Users\CSH\Desktop\CYT4BB7_Library-master\Example\Motherboard_Demo\Smart_Car
#        CODE\iar\Debug_m7_0\Exe\cyt4bb7_cm_7_0.out.rsp"
#        ("C:\Users\CSH\Desktop\CYT4BB7_Library-master\Example\Motherboard_Demo\Smart_Car
#        CODE\iar\Debug_m7_0\Obj\code_17896468042025673432.dir\Camera.o"
#        "C:\Users\CSH\Desktop\CYT4BB7_Library-master\Example\Motherboard_Demo\Smart_Car
#        CODE\iar\Debug_m7_0\Obj\user_8514941877209965082.dir\cm7_0_isr.o"
#        "C:\Users\CSH\Desktop\CYT4BB7_Library-master\Example\Motherboard_Demo\Smart_Car
#        CODE\iar\Debug_m7_0\Obj\adc_11722776235721520015.dir\cy_adc.o"
#        "C:\Users\CSH\Desktop\CYT4BB7_Library-master\Example\Motherboard_Demo\Smart_Car
#        CODE\iar\Debug_m7_0\Obj\button_4990804375159372270.dir\cy_button.o"
#        "C:\Users\CSH\Desktop\CYT4BB7_Library-master\Example\Motherboard_Demo\Smart_Car
#        CODE\iar\Debug_m7_0\Obj\canfd_1800690984773873875.dir\cy_canfd.o"
#        "C:\Users\CSH\Desktop\CYT4BB7_Library-master\Example\Motherboard_Demo\Smart_Car
#        CODE\iar\Debug_m7_0\Obj\cpu_15938736945165268644.dir\cy_cpu.o"
#        "C:\Users\CSH\Desktop\CYT4BB7_Library-master\Example\Motherboard_Demo\Smart_Car
#        CODE\iar\Debug_m7_0\Obj\crypto_1190170608956581615.dir\cy_crypto_config.o"
#        "C:\Users\CSH\Desktop\CYT4BB7_Library-master\Example\Motherboard_Demo\Smart_Car
#        CODE\iar\Debug_m7_0\Obj\eth_phy_18133017486186456677.dir\cy_dp83867.o"
#        "C:\Users\CSH\Desktop\CYT4BB7_Library-master\Example\Motherboard_Demo\Smart_Car
#        CODE\iar\Debug_m7_0\Obj\ethernet_6029839089178797009.dir\cy_ethif.o"
#        "C:\Users\CSH\Desktop\CYT4BB7_Library-master\Example\Motherboard_Demo\Smart_Car
#        CODE\iar\Debug_m7_0\Obj\evtgen_3404189088603873129.dir\cy_evtgen.o"
#        "C:\Users\CSH\Desktop\CYT4BB7_Library-master\Example\Motherboard_Demo\Smart_Car
#        CODE\iar\Debug_m7_0\Obj\flash_8529866181315662935.dir\cy_flash.o"
#        "C:\Users\CSH\Desktop\CYT4BB7_Library-master\Example\Motherboard_Demo\Smart_Car
#        CODE\iar\Debug_m7_0\Obj\gpio_3999404635324069351.dir\cy_gpio.o"
#        "C:\Users\CSH\Desktop\CYT4BB7_Library-master\Example\Motherboard_Demo\Smart_Car
#        CODE\iar\Debug_m7_0\Obj\audioss_1346650047966882938.dir\cy_i2s.o"
#        "C:\Users\CSH\Desktop\CYT4BB7_Library-master\Example\Motherboard_Demo\Smart_Car
#        CODE\iar\Debug_m7_0\Obj\rev_b_6162237342861132223.dir\cy_interrupt_map.o"
#        "C:\Users\CSH\Desktop\CYT4BB7_Library-master\Example\Motherboard_Demo\Smart_Car
#        CODE\iar\Debug_m7_0\Obj\ipc_10145506163450686023.dir\cy_ipc_drv.o"
#        "C:\Users\CSH\Desktop\CYT4BB7_Library-master\Example\Motherboard_Demo\Smart_Car
#        CODE\iar\Debug_m7_0\Obj\ipc_10145506163450686023.dir\cy_ipc_pipe.o"
#        "C:\Users\CSH\Desktop\CYT4BB7_Library-master\Example\Motherboard_Demo\Smart_Car
#        CODE\iar\Debug_m7_0\Obj\ipc_10145506163450686023.dir\cy_ipc_sema.o"
#        "C:\Users\CSH\Desktop\CYT4BB7_Library-master\Example\Motherboard_Demo\Smart_Car
#        CODE\iar\Debug_m7_0\Obj\lin_18429031207028094880.dir\cy_lin.o"
#        "C:\Users\CSH\Desktop\CYT4BB7_Library-master\Example\Motherboard_Demo\Smart_Car
#        CODE\iar\Debug_m7_0\Obj\lvd_6353935867039560245.dir\cy_lvd.o"
#        "C:\Users\CSH\Desktop\CYT4BB7_Library-master\Example\Motherboard_Demo\Smart_Car
#        CODE\iar\Debug_m7_0\Obj\mcwdt_4052485907822033969.dir\cy_mcwdt.o"
#        "C:\Users\CSH\Desktop\CYT4BB7_Library-master\Example\Motherboard_Demo\Smart_Car
#        CODE\iar\Debug_m7_0\Obj\dma_12106025507578611576.dir\cy_mdma.o"
#        "C:\Users\CSH\Desktop\CYT4BB7_Library-master\Example\Motherboard_Demo\Smart_Car
#        CODE\iar\Debug_m7_0\Obj\mpu_5663187252346826382.dir\cy_mpu.o"
#        "C:\Users\CSH\Desktop\CYT4BB7_Library-master\Example\Motherboard_Demo\Smart_Car
#        CODE\iar\Debug_m7_0\Obj\flash_864493325053435817.dir\cy_mw_flash.o"
#        "C:\Users\CSH\Desktop\CYT4BB7_Library-master\Example\Motherboard_Demo\Smart_Car
#        CODE\iar\Debug_m7_0\Obj\dma_12106025507578611576.dir\cy_pdma.o"
#        "C:\Users\CSH\Desktop\CYT4BB7_Library-master\Example\Motherboard_Demo\Smart_Car
#        CODE\iar\Debug_m7_0\Obj\power_14453085144426420577.dir\cy_power.o"
#        "C:\Users\CSH\Desktop\CYT4BB7_Library-master\Example\Motherboard_Demo\Smart_Car
#        CODE\iar\Debug_m7_0\Obj\prot_10722960861768657883.dir\cy_prot.o"
#        "C:\Users\CSH\Desktop\CYT4BB7_Library-master\Example\Motherboard_Demo\Smart_Car
#        CODE\iar\Debug_m7_0\Obj\scb_15490842639181808494.dir\cy_scb_common.o"
#        "C:\Users\CSH\Desktop\CYT4BB7_Library-master\Example\Motherboard_Demo\Smart_Car
#        CODE\iar\Debug_m7_0\Obj\scb_15490842639181808494.dir\cy_scb_ezi2c.o"
#        "C:\Users\CSH\Desktop\CYT4BB7_Library-master\Example\Motherboard_Demo\Smart_Car
#        CODE\iar\Debug_m7_0\Obj\scb_15490842639181808494.dir\cy_scb_i2c.o"
#        "C:\Users\CSH\Desktop\CYT4BB7_Library-master\Example\Motherboard_Demo\Smart_Car
#        CODE\iar\Debug_m7_0\Obj\scb_15490842639181808494.dir\cy_scb_spi.o"
#        "C:\Users\CSH\Desktop\CYT4BB7_Library-master\Example\Motherboard_Demo\Smart_Car
#        CODE\iar\Debug_m7_0\Obj\scb_15490842639181808494.dir\cy_scb_uart.o"
#        "C:\Users\CSH\Desktop\CYT4BB7_Library-master\Example\Motherboard_Demo\Smart_Car
#        CODE\iar\Debug_m7_0\Obj\sd_host_2982766354293506895.dir\cy_sd_host.o"
#        "C:\Users\CSH\Desktop\CYT4BB7_Library-master\Example\Motherboard_Demo\Smart_Car
#        CODE\iar\Debug_m7_0\Obj\semihosting_143864889731838620.dir\cy_semihosting.o"
#        "C:\Users\CSH\Desktop\CYT4BB7_Library-master\Example\Motherboard_Demo\Smart_Car
#        CODE\iar\Debug_m7_0\Obj\smartio_5451710003740070188.dir\cy_smartio.o"
#        "C:\Users\CSH\Desktop\CYT4BB7_Library-master\Example\Motherboard_Demo\Smart_Car
#        CODE\iar\Debug_m7_0\Obj\smif_427648126384146252.dir\cy_smif.o"
#        "C:\Users\CSH\Desktop\CYT4BB7_Library-master\Example\Motherboard_Demo\Smart_Car
#        CODE\iar\Debug_m7_0\Obj\smif_mem_6470536964353725183.dir\cy_smif_device_common.o"
#        "C:\Users\CSH\Desktop\CYT4BB7_Library-master\Example\Motherboard_Demo\Smart_Car
#        CODE\iar\Debug_m7_0\Obj\smif_mem_6470536964353725183.dir\cy_smif_hb_flash.o"
#        "C:\Users\CSH\Desktop\CYT4BB7_Library-master\Example\Motherboard_Demo\Smart_Car
#        CODE\iar\Debug_m7_0\Obj\smif_427648126384146252.dir\cy_smif_memslot.o"
#        "C:\Users\CSH\Desktop\CYT4BB7_Library-master\Example\Motherboard_Demo\Smart_Car
#        CODE\iar\Debug_m7_0\Obj\smif_mem_6470536964353725183.dir\cy_smif_s25fl.o"
#        "C:\Users\CSH\Desktop\CYT4BB7_Library-master\Example\Motherboard_Demo\Smart_Car
#        CODE\iar\Debug_m7_0\Obj\smif_mem_6470536964353725183.dir\cy_smif_s25fs.o"
#        "C:\Users\CSH\Desktop\CYT4BB7_Library-master\Example\Motherboard_Demo\Smart_Car
#        CODE\iar\Debug_m7_0\Obj\smif_mem_6470536964353725183.dir\cy_smif_semp.o"
#        "C:\Users\CSH\Desktop\CYT4BB7_Library-master\Example\Motherboard_Demo\Smart_Car
#        CODE\iar\Debug_m7_0\Obj\smif_427648126384146252.dir\cy_smif_ver_specific.o"
#        "C:\Users\CSH\Desktop\CYT4BB7_Library-master\Example\Motherboard_Demo\Smart_Car
#        CODE\iar\Debug_m7_0\Obj\srom_13018798572330080582.dir\cy_srom.o"
#        "C:\Users\CSH\Desktop\CYT4BB7_Library-master\Example\Motherboard_Demo\Smart_Car
#        CODE\iar\Debug_m7_0\Obj\sw_timer_4215635015939382130.dir\cy_sw_tmr.o"
#        "C:\Users\CSH\Desktop\CYT4BB7_Library-master\Example\Motherboard_Demo\Smart_Car
#        CODE\iar\Debug_m7_0\Obj\sysclk_16149231235676103872.dir\cy_sysclk.o"
#        "C:\Users\CSH\Desktop\CYT4BB7_Library-master\Example\Motherboard_Demo\Smart_Car
#        CODE\iar\Debug_m7_0\Obj\sysflt_12293435975120599261.dir\cy_sysflt.o"
#        "C:\Users\CSH\Desktop\CYT4BB7_Library-master\Example\Motherboard_Demo\Smart_Car
#        CODE\iar\Debug_m7_0\Obj\sysint_7435970359207984181.dir\cy_sysint.o"
#        "C:\Users\CSH\Desktop\CYT4BB7_Library-master\Example\Motherboard_Demo\Smart_Car
#        CODE\iar\Debug_m7_0\Obj\syslib_16330585751512546975.dir\cy_syslib.o"
#        "C:\Users\CSH\Desktop\CYT4BB7_Library-master\Example\Motherboard_Demo\Smart_Car
#        CODE\iar\Debug_m7_0\Obj\syslib_16330585751512546975.dir\cy_syslib_iar.o"
#        "C:\Users\CSH\Desktop\CYT4BB7_Library-master\Example\Motherboard_Demo\Smart_Car
#        CODE\iar\Debug_m7_0\Obj\syspm_10887939769544754770.dir\cy_syspm.o"
#        "C:\Users\CSH\Desktop\CYT4BB7_Library-master\Example\Motherboard_Demo\Smart_Car
#        CODE\iar\Debug_m7_0\Obj\sysreghc_17676636058511625587.dir\cy_sysreghc.o"
#        "C:\Users\CSH\Desktop\CYT4BB7_Library-master\Example\Motherboard_Demo\Smart_Car
#        CODE\iar\Debug_m7_0\Obj\sysreset_14586141425677365288.dir\cy_sysreset.o"
#        "C:\Users\CSH\Desktop\CYT4BB7_Library-master\Example\Motherboard_Demo\Smart_Car
#        CODE\iar\Debug_m7_0\Obj\sysrtc_10747768817563771611.dir\cy_sysrtc.o"
#        "C:\Users\CSH\Desktop\CYT4BB7_Library-master\Example\Motherboard_Demo\Smart_Car
#        CODE\iar\Debug_m7_0\Obj\systick_16016591671695740695.dir\cy_systick.o"
#        "C:\Users\CSH\Desktop\CYT4BB7_Library-master\Example\Motherboard_Demo\Smart_Car
#        CODE\iar\Debug_m7_0\Obj\syswdt_9118657615806274156.dir\cy_syswdt.o"
#        "C:\Users\CSH\Desktop\CYT4BB7_Library-master\Example\Motherboard_Demo\Smart_Car
#        CODE\iar\Debug_m7_0\Obj\tcpwm_422923530147891246.dir\cy_tcpwm.o"
#        "C:\Users\CSH\Desktop\CYT4BB7_Library-master\Example\Motherboard_Demo\Smart_Car
#        CODE\iar\Debug_m7_0\Obj\tcpwm_422923530147891246.dir\cy_tcpwm_counter.o"
#        "C:\Users\CSH\Desktop\CYT4BB7_Library-master\Example\Motherboard_Demo\Smart_Car
#        CODE\iar\Debug_m7_0\Obj\tcpwm_422923530147891246.dir\cy_tcpwm_pwm.o"
#        "C:\Users\CSH\Desktop\CYT4BB7_Library-master\Example\Motherboard_Demo\Smart_Car
#        CODE\iar\Debug_m7_0\Obj\tcpwm_422923530147891246.dir\cy_tcpwm_quaddec.o"
#        "C:\Users\CSH\Desktop\CYT4BB7_Library-master\Example\Motherboard_Demo\Smart_Car
#        CODE\iar\Debug_m7_0\Obj\tcpwm_422923530147891246.dir\cy_tcpwm_sr.o"
#        "C:\Users\CSH\Desktop\CYT4BB7_Library-master\Example\Motherboard_Demo\Smart_Car
#        CODE\iar\Debug_m7_0\Obj\trigmux_9729677290734583340.dir\cy_trigmux.o"
#        "C:\Users\CSH\Desktop\CYT4BB7_Library-master\Example\Motherboard_Demo\Smart_Car
#        CODE\iar\Debug_m7_0\Obj\ethernet_6029839089178797009.dir\edd.o"
#        "C:\Users\CSH\Desktop\CYT4BB7_Library-master\Example\Motherboard_Demo\Smart_Car
#        CODE\iar\Debug_m7_0\Obj\ethernet_6029839089178797009.dir\edd_rx.o"
#        "C:\Users\CSH\Desktop\CYT4BB7_Library-master\Example\Motherboard_Demo\Smart_Car
#        CODE\iar\Debug_m7_0\Obj\ethernet_6029839089178797009.dir\edd_tx.o"
#        "C:\Users\CSH\Desktop\CYT4BB7_Library-master\Example\Motherboard_Demo\Smart_Car
#        CODE\iar\Debug_m7_0\Obj\user_8514941877209965082.dir\main_cm7_0.o"
#        "C:\Users\CSH\Desktop\CYT4BB7_Library-master\Example\Motherboard_Demo\Smart_Car
#        CODE\iar\Debug_m7_0\Obj\zf_components_14936052685886095442.dir\seekfree_assistant.o"
#        "C:\Users\CSH\Desktop\CYT4BB7_Library-master\Example\Motherboard_Demo\Smart_Car
#        CODE\iar\Debug_m7_0\Obj\zf_components_14936052685886095442.dir\seekfree_assistant_interface.o"
#        "C:\Users\CSH\Desktop\CYT4BB7_Library-master\Example\Motherboard_Demo\Smart_Car
#        CODE\iar\Debug_m7_0\Obj\startup_479057977785470282.dir\startup.o"
#        "C:\Users\CSH\Desktop\CYT4BB7_Library-master\Example\Motherboard_Demo\Smart_Car
#        CODE\iar\Debug_m7_0\Obj\startup_479057977785470282.dir\startup_cm7.o"
#        "C:\Users\CSH\Desktop\CYT4BB7_Library-master\Example\Motherboard_Demo\Smart_Car
#        CODE\iar\Debug_m7_0\Obj\rev_b_4986922561640112550.dir\system_tviibh4m_cm7.o"
#        "C:\Users\CSH\Desktop\CYT4BB7_Library-master\Example\Motherboard_Demo\Smart_Car
#        CODE\iar\Debug_m7_0\Obj\zf_common_1201165462030747823.dir\zf_common_clock.o"
#        "C:\Users\CSH\Desktop\CYT4BB7_Library-master\Example\Motherboard_Demo\Smart_Car
#        CODE\iar\Debug_m7_0\Obj\zf_common_1201165462030747823.dir\zf_common_debug.o"
#        "C:\Users\CSH\Desktop\CYT4BB7_Library-master\Example\Motherboard_Demo\Smart_Car
#        CODE\iar\Debug_m7_0\Obj\zf_common_1201165462030747823.dir\zf_common_fifo.o"
#        "C:\Users\CSH\Desktop\CYT4BB7_Library-master\Example\Motherboard_Demo\Smart_Car
#        CODE\iar\Debug_m7_0\Obj\zf_common_1201165462030747823.dir\zf_common_font.o"
#        "C:\Users\CSH\Desktop\CYT4BB7_Library-master\Example\Motherboard_Demo\Smart_Car
#        CODE\iar\Debug_m7_0\Obj\zf_common_1201165462030747823.dir\zf_common_function.o"
#        "C:\Users\CSH\Desktop\CYT4BB7_Library-master\Example\Motherboard_Demo\Smart_Car
#        CODE\iar\Debug_m7_0\Obj\zf_common_1201165462030747823.dir\zf_common_interrupt.o"
#        "C:\Users\CSH\Desktop\CYT4BB7_Library-master\Example\Motherboard_Demo\Smart_Car
#        CODE\iar\Debug_m7_0\Obj\zf_device_6570275422786408770.dir\zf_device_ble6a20.o"
#        "C:\Users\CSH\Desktop\CYT4BB7_Library-master\Example\Motherboard_Demo\Smart_Car
#        CODE\iar\Debug_m7_0\Obj\zf_device_6570275422786408770.dir\zf_device_dl1a.o"
#        "C:\Users\CSH\Desktop\CYT4BB7_Library-master\Example\Motherboard_Demo\Smart_Car
#        CODE\iar\Debug_m7_0\Obj\zf_device_6570275422786408770.dir\zf_device_dl1b.o"
#        "C:\Users\CSH\Desktop\CYT4BB7_Library-master\Example\Motherboard_Demo\Smart_Car
#        CODE\iar\Debug_m7_0\Obj\zf_device_6570275422786408770.dir\zf_device_gnss.o"
#        "C:\Users\CSH\Desktop\CYT4BB7_Library-master\Example\Motherboard_Demo\Smart_Car
#        CODE\iar\Debug_m7_0\Obj\zf_device_6570275422786408770.dir\zf_device_icm20602.o"
#        "C:\Users\CSH\Desktop\CYT4BB7_Library-master\Example\Motherboard_Demo\Smart_Car
#        CODE\iar\Debug_m7_0\Obj\zf_device_6570275422786408770.dir\zf_device_imu660ra.o"
#        "C:\Users\CSH\Desktop\CYT4BB7_Library-master\Example\Motherboard_Demo\Smart_Car
#        CODE\iar\Debug_m7_0\Obj\zf_device_6570275422786408770.dir\zf_device_imu963ra.o"
#        "C:\Users\CSH\Desktop\CYT4BB7_Library-master\Example\Motherboard_Demo\Smart_Car
#        CODE\iar\Debug_m7_0\Obj\zf_device_6570275422786408770.dir\zf_device_ips114.o"
#        "C:\Users\CSH\Desktop\CYT4BB7_Library-master\Example\Motherboard_Demo\Smart_Car
#        CODE\iar\Debug_m7_0\Obj\zf_device_6570275422786408770.dir\zf_device_ips200.o"
#        "C:\Users\CSH\Desktop\CYT4BB7_Library-master\Example\Motherboard_Demo\Smart_Car
#        CODE\iar\Debug_m7_0\Obj\zf_device_6570275422786408770.dir\zf_device_key.o"
#        "C:\Users\CSH\Desktop\CYT4BB7_Library-master\Example\Motherboard_Demo\Smart_Car
#        CODE\iar\Debug_m7_0\Obj\zf_device_6570275422786408770.dir\zf_device_menc15a.o"
#        "C:\Users\CSH\Desktop\CYT4BB7_Library-master\Example\Motherboard_Demo\Smart_Car
#        CODE\iar\Debug_m7_0\Obj\zf_device_6570275422786408770.dir\zf_device_mt9v03x.o"
#        "C:\Users\CSH\Desktop\CYT4BB7_Library-master\Example\Motherboard_Demo\Smart_Car
#        CODE\iar\Debug_m7_0\Obj\zf_device_6570275422786408770.dir\zf_device_oled.o"
#        "C:\Users\CSH\Desktop\CYT4BB7_Library-master\Example\Motherboard_Demo\Smart_Car
#        CODE\iar\Debug_m7_0\Obj\zf_device_6570275422786408770.dir\zf_device_tft180.o"
#        "C:\Users\CSH\Desktop\CYT4BB7_Library-master\Example\Motherboard_Demo\Smart_Car
#        CODE\iar\Debug_m7_0\Obj\zf_device_6570275422786408770.dir\zf_device_tsl1401.o"
#        "C:\Users\CSH\Desktop\CYT4BB7_Library-master\Example\Motherboard_Demo\Smart_Car
#        CODE\iar\Debug_m7_0\Obj\zf_device_6570275422786408770.dir\zf_device_type.o"
#        "C:\Users\CSH\Desktop\CYT4BB7_Library-master\Example\Motherboard_Demo\Smart_Car
#        CODE\iar\Debug_m7_0\Obj\zf_device_6570275422786408770.dir\zf_device_uart_receiver.o"
#        "C:\Users\CSH\Desktop\CYT4BB7_Library-master\Example\Motherboard_Demo\Smart_Car
#        CODE\iar\Debug_m7_0\Obj\zf_device_6570275422786408770.dir\zf_device_wifi_spi.o"
#        "C:\Users\CSH\Desktop\CYT4BB7_Library-master\Example\Motherboard_Demo\Smart_Car
#        CODE\iar\Debug_m7_0\Obj\zf_device_6570275422786408770.dir\zf_device_wifi_uart.o"
#        "C:\Users\CSH\Desktop\CYT4BB7_Library-master\Example\Motherboard_Demo\Smart_Car
#        CODE\iar\Debug_m7_0\Obj\zf_device_6570275422786408770.dir\zf_device_wireless_uart.o"
#        "C:\Users\CSH\Desktop\CYT4BB7_Library-master\Example\Motherboard_Demo\Smart_Car
#        CODE\iar\Debug_m7_0\Obj\zf_driver_11922370083829174090.dir\zf_driver_adc.o"
#        "C:\Users\CSH\Desktop\CYT4BB7_Library-master\Example\Motherboard_Demo\Smart_Car
#        CODE\iar\Debug_m7_0\Obj\zf_driver_11922370083829174090.dir\zf_driver_delay.o"
#        "C:\Users\CSH\Desktop\CYT4BB7_Library-master\Example\Motherboard_Demo\Smart_Car
#        CODE\iar\Debug_m7_0\Obj\zf_driver_11922370083829174090.dir\zf_driver_dma.o"
#        "C:\Users\CSH\Desktop\CYT4BB7_Library-master\Example\Motherboard_Demo\Smart_Car
#        CODE\iar\Debug_m7_0\Obj\zf_driver_11922370083829174090.dir\zf_driver_encoder.o"
#        "C:\Users\CSH\Desktop\CYT4BB7_Library-master\Example\Motherboard_Demo\Smart_Car
#        CODE\iar\Debug_m7_0\Obj\zf_driver_11922370083829174090.dir\zf_driver_exti.o"
#        "C:\Users\CSH\Desktop\CYT4BB7_Library-master\Example\Motherboard_Demo\Smart_Car
#        CODE\iar\Debug_m7_0\Obj\zf_driver_11922370083829174090.dir\zf_driver_flash.o"
#        "C:\Users\CSH\Desktop\CYT4BB7_Library-master\Example\Motherboard_Demo\Smart_Car
#        CODE\iar\Debug_m7_0\Obj\zf_driver_11922370083829174090.dir\zf_driver_gpio.o"
#        "C:\Users\CSH\Desktop\CYT4BB7_Library-master\Example\Motherboard_Demo\Smart_Car
#        CODE\iar\Debug_m7_0\Obj\zf_driver_11922370083829174090.dir\zf_driver_ipc.o"
#        "C:\Users\CSH\Desktop\CYT4BB7_Library-master\Example\Motherboard_Demo\Smart_Car
#        CODE\iar\Debug_m7_0\Obj\zf_driver_11922370083829174090.dir\zf_driver_pit.o"
#        "C:\Users\CSH\Desktop\CYT4BB7_Library-master\Example\Motherboard_Demo\Smart_Car
#        CODE\iar\Debug_m7_0\Obj\zf_driver_11922370083829174090.dir\zf_driver_pwm.o"
#        "C:\Users\CSH\Desktop\CYT4BB7_Library-master\Example\Motherboard_Demo\Smart_Car
#        CODE\iar\Debug_m7_0\Obj\zf_driver_11922370083829174090.dir\zf_driver_soft_iic.o"
#        "C:\Users\CSH\Desktop\CYT4BB7_Library-master\Example\Motherboard_Demo\Smart_Car
#        CODE\iar\Debug_m7_0\Obj\zf_driver_11922370083829174090.dir\zf_driver_soft_spi.o"
#        "C:\Users\CSH\Desktop\CYT4BB7_Library-master\Example\Motherboard_Demo\Smart_Car
#        CODE\iar\Debug_m7_0\Obj\zf_driver_11922370083829174090.dir\zf_driver_spi.o"
#        "C:\Users\CSH\Desktop\CYT4BB7_Library-master\Example\Motherboard_Demo\Smart_Car
#        CODE\iar\Debug_m7_0\Obj\zf_driver_11922370083829174090.dir\zf_driver_timer.o"
#        "C:\Users\CSH\Desktop\CYT4BB7_Library-master\Example\Motherboard_Demo\Smart_Car
#        CODE\iar\Debug_m7_0\Obj\zf_driver_11922370083829174090.dir\zf_driver_uart.o"
#        --no_out_extension -o
#        "C:\Users\CSH\Desktop\CYT4BB7_Library-master\Example\Motherboard_Demo\Smart_Car
#        CODE\iar\Debug_m7_0\Exe\cyt4bb7_cm_7_0.out" --config_def
#        _CORE_cm7_0_=0 --config_def _LINK_flash_=0 --map
#        "C:\Users\CSH\Desktop\CYT4BB7_Library-master\Example\Motherboard_Demo\Smart_Car
#        CODE\iar\Debug_m7_0\List\cyt4bb7_cm_7_0.map" --config
#        "C:\Users\CSH\Desktop\CYT4BB7_Library-master\Example\Motherboard_Demo\Smart_Car
#        CODE\iar\project_config\..\icf\linker_directives_tviibh.icf"
#        --semihosting
#        "C:\Users\CSH\Desktop\CYT4BB7_Library-master\Example\Motherboard_Demo\Smart_Car
#        CODE\iar\project_config\..\..\..\libraries\sdk\tviibh4m\src\drivers\crypto\libs\libcrypto_server_cm0plus_iar.a"
#        "C:\Users\CSH\Desktop\CYT4BB7_Library-master\Example\Motherboard_Demo\Smart_Car
#        CODE\iar\project_config\..\..\..\libraries\zf_device\zf_device_config.a"
#        "C:\Users\CSH\Desktop\CYT4BB7_Library-master\Example\Motherboard_Demo\Smart_Car
#        CODE\iar\project_config\..\..\..\libraries\sdk\common\hdr\cmsis\dsp\iar_cortexM7lf_math.a"
#        --entry __iar_program_start --vfe --text_out locale --cpu=Cortex-M7
#        --fpu=VFPv5_d16) --dependencies=n
#        "C:\Users\CSH\Desktop\CYT4BB7_Library-master\Example\Motherboard_Demo\Smart_Car
#        CODE\iar\Debug_m7_0\Exe\cyt4bb7_cm_7_0.out.iar_deps"
#
###############################################################################

*******************************************************************************
*** RUNTIME MODEL ATTRIBUTES
***

CppFlavor       = *
__CPP_Runtime   = 1
__Heap_Handler  = Basic
__SystemLibrary = DLib
__dlib_version  = 6


*******************************************************************************
*** HEAP SELECTION
***

The basic heap was selected because --advanced_heap
was not specified and the application did not appear to
be primarily optimized for speed.


*******************************************************************************
*** PLACEMENT SUMMARY
***

"A0":  place at start of [from 0x1008'0000 to 0x1027'ffff] { section .intvec };
"P1":  place in [from 0x1008'0000 to 0x1027'ffff] { ro };
"P2":  place in [from 0x2802'0000 to 0x2807'ffff] { rw };
define block HEAP with size = 1K, alignment = 8 { };
define block CSTACK with size = 8K, alignment = 8 { };
define block HEAP_STACK { block HEAP, last block CSTACK };
"A1":  place at end of [from 0x2802'0000 to 0x2807'ffff] { block HEAP_STACK };
do not initialize { section .intvec_ram };
initialize by copy { rw };

No sections matched the following patterns:

  ro section .sflash_app_prot  in "P6"
  ro section .sflash_nar       in "P4"
  ro section .sflash_pkey      in "P5"
  ro section .sflash_toc2      in "P7"
  ro section .sflash_uf_rows   in "P3"
  ro section .work_flash       in "P8"
  section .global_ram_data     in "P9"


  Section            Kind         Address    Size  Object
  -------            ----         -------    ----  ------
"A0":                                        0x80
  .intvec            ro code  0x1008'0000    0x80  startup_cm7.o [31]
                            - 0x1008'0080    0x80

"P1":                                      0x7113
  .text              ro code  0x1008'0080   0xa68  zf_device_tft180.o [48]
  .text              ro code  0x1008'0ae8   0x8d8  zf_driver_spi.o [49]
  .text              ro code  0x1008'13c0   0x420  zf_common_debug.o [46]
  .text              ro code  0x1008'17e0    0x16  vla_alloc.o [50]
  .text              ro code  0x1008'17f6    0x7e  lz77_init_single.o [52]
  .text              ro code  0x1008'1874   0x17c  zf_driver_gpio.o [49]
  .text              ro code  0x1008'19f0   0x284  zf_driver_delay.o [49]
  .text              ro code  0x1008'1c74   0x230  I64DivMod.o [52]
  .text              ro code  0x1008'1ea4    0x66  ABImemset.o [52]
  .text              ro code  0x1008'1f0a     0xa  xsprout.o [50]
  .text              ro code  0x1008'1f14   0x194  cy_gpio.o [14]
  .text              ro code  0x1008'20a8   0x1f0  cy_scb_spi.o [24]
  .text              ro code  0x1008'2298   0x808  zf_driver_uart.o [49]
  .text              ro code  0x1008'2aa0    0x36  strlen.o [52]
  .text              ro code  0x1008'2ad8    0x40  sprintf.o [50]
  .text              ro code  0x1008'2b18   0x448  zf_common_fifo.o [46]
  .text              ro code  0x1008'2f60    0xe2  zf_common_interrupt.o [46]
  .text              ro code  0x1008'3044   0x13c  heap0.o [50]
  .text              ro code  0x1008'3180     0x6  abort.o [50]
  .text              ro code  0x1008'3186     0x4  heaptramp0.o [50]
  .text              ro code  0x1008'318c   0x1ae  cy_tcpwm_counter.o [43]
  .text              ro code  0x1008'333a     0xc  cy_tcpwm.o [43]
  .text              ro code  0x1008'3348     0x2  I64DivZer.o [52]
  .text              ro code  0x1008'334c     0x6  ABImemclr4.o [52]
  .text              ro code  0x1008'3354   0x314  cy_scb_uart.o [24]
  .text              ro code  0x1008'3668   0x13c  xprintftiny.o [50]
  .text              ro code  0x1008'37a4    0xa6  ABImemcpy.o [52]
  .text              ro code  0x1008'384c    0x20  zf_driver_pwm.o [49]
  .text              ro code  0x1008'386c    0xac  cy_sysint.o [35]
  .text              ro code  0x1008'3918    0x2c  xgetmemchunk.o [50]
  .text              ro code  0x1008'3944    0x14  exit.o [53]
  .text              ro code  0x1008'3958    0x32  ABImemset48.o [52]
  .text              ro code  0x1008'398c   0x8e8  cy_sysclk.o [33]
  .text              ro code  0x1008'4274    0x70  strncpy.o [52]
  .text              ro code  0x1008'42e4    0xa8  cy_syslib.o [36]
  .text              ro code  0x1008'438c     0x2  cy_syslib.o [36]
  .text              ro code  0x1008'4390   0x860  zf_device_config_mt9v03x.o [54]
  .text              ro code  0x1008'4bf0   0x5fc  zf_driver_soft_iic.o [49]
  .rodata            const    0x1008'51ec   0x5f0  zf_common_font.o [46]
  .text              ro code  0x1008'57dc   0x3b8  Camera.o [5]
  .text              ro code  0x1008'5b94   0x330  zf_device_mt9v03x.o [48]
  .rodata            const    0x1008'5ec4   0x228  zf_common_font.o [46]
  .text              ro code  0x1008'60ec   0x204  startup.o [31]
  .text              ro code  0x1008'62f0   0x150  system_tviibh4m_cm7.o [22]
  .text              ro code  0x1008'6440     0x8  startup_cm7.o [31]
  .text              ro code  0x1008'6448     0x6  startup_cm7.o [31]
  .text              ro code  0x1008'6450   0x198  cy_interrupt_map.o [23]
  .text              ro code  0x1008'65e8   0x16c  cm7_0_isr.o [45]
  .text              ro code  0x1008'6754   0x114  zf_device_gnss.o [48]
  .text              ro code  0x1008'6868    0x2a  strncmp.o [50]
  .text              ro code  0x1008'6894    0xb0  startup_cm7.o [31]
  .rodata            const    0x1008'6944    0x80  system_tviibh4m_cm7.o [22]
  .rodata            const    0x1008'69c4    0x7c  cy_sysclk.o [33]
  .rodata            const    0x1008'6a40    0x7c  cy_sysclk.o [33]
  .rodata            const    0x1008'6abc    0x70  zf_driver_soft_iic.o [49]
  .rodata            const    0x1008'6b2c    0x6c  zf_common_fifo.o [46]
  .rodata            const    0x1008'6b98    0x6c  zf_device_tft180.o [48]
  .rodata            const    0x1008'6c04    0x6c  zf_driver_spi.o [49]
  .rodata            const    0x1008'6c70    0x6c  zf_driver_uart.o [49]
  .text              ro code  0x1008'6cdc    0x60  main_cm7_0.o [45]
  .text              ro code  0x1008'6d3c    0x1c  zf_common_clock.o [46]
  .text              ro code  0x1008'6d58    0x38  zero_init3.o [52]
  .rodata            const    0x1008'6d90    0x28  zf_device_mt9v03x.o [48]
  .text              ro code  0x1008'6db8    0x28  data_init.o [52]
  .text              ro code  0x1008'6de0    0x22  fpinit_M.o [51]
  .iar.init_table    const    0x1008'6e04    0x20  - Linker created -
  .text              ro code  0x1008'6e24    0x20  startup_cm7.o [31]
  .text              ro code  0x1008'6e50    0x1e  cy_syslib_iar.o [36]
  .text              ro code  0x1008'6e70    0x1e  cmain.o [52]
  .text              ro code  0x1008'6e90     0x4  startup_cm7.o [31]
  .text              ro code  0x1008'6e94     0x4  exit.o [50]
  .text              ro code  0x1008'6e98     0xa  cexit.o [52]
  .rodata            const    0x1008'6ea4    0x1c  zf_common_debug.o [46]
  .text              ro code  0x1008'6ec0    0x1c  startup_cm7.o [31]
  .text              ro code  0x1008'6edc    0x1c  cstartup_M.o [52]
  .rodata            const    0x1008'6ef8    0x18  startup.o [31]
  .rodata            const    0x1008'6f10    0x18  system_tviibh4m_cm7.o [22]
  .rodata            const    0x1008'6f28    0x18  zf_common_debug.o [46]
  .rodata            const    0x1008'6f40    0x10  zf_common_debug.o [46]
  .rodata            const    0x1008'6f50    0x10  zf_common_debug.o [46]
  .rodata            const    0x1008'6f60     0xc  zf_common_debug.o [46]
  .rodata            const    0x1008'6f6c     0xc  zf_common_debug.o [46]
  .text              ro code  0x1008'6f78     0xc  cy_syslib.o [36]
  .rodata            const    0x1008'6f84     0x8  cy_sysclk.o [33]
  .rodata            const    0x1008'6f8c     0x4  cy_interrupt_map.o [23]
  .rodata            const    0x1008'6f90     0x4  cy_interrupt_map.o [23]
  .rodata            const    0x1008'6f94     0x4  cy_interrupt_map.o [23]
  .rodata            const    0x1008'6f98     0x4  cy_interrupt_map.o [23]
  .rodata            const    0x1008'6f9c     0x4  cy_interrupt_map.o [23]
  .rodata            const    0x1008'6fa0     0x4  cy_interrupt_map.o [23]
  .rodata            const    0x1008'6fa4     0x4  cy_interrupt_map.o [23]
  .rodata            const    0x1008'6fa8     0x4  cy_interrupt_map.o [23]
  .rodata            const    0x1008'6fac     0x4  cy_scb_spi.o [24]
  .rodata            const    0x1008'6fb0     0x4  cy_scb_spi.o [24]
  .rodata            const    0x1008'6fb4     0x4  cy_scb_spi.o [24]
  .rodata            const    0x1008'6fb8     0x4  cy_scb_spi.o [24]
  .rodata            const    0x1008'6fbc     0x4  cy_scb_uart.o [24]
  .rodata            const    0x1008'6fc0     0x4  cy_scb_uart.o [24]
  .rodata            const    0x1008'6fc4     0x4  cy_scb_uart.o [24]
  .rodata            const    0x1008'6fc8     0x4  cy_scb_uart.o [24]
  .rodata            const    0x1008'6fcc     0x4  cy_scb_uart.o [24]
  .rodata            const    0x1008'6fd0     0x4  cy_scb_uart.o [24]
  .rodata            const    0x1008'6fd4     0x4  cy_scb_uart.o [24]
  .rodata            const    0x1008'6fd8     0x4  cy_scb_uart.o [24]
  .rodata            const    0x1008'6fdc     0x4  cy_scb_uart.o [24]
  .rodata            const    0x1008'6fe0     0x4  cy_scb_uart.o [24]
  .rodata            const    0x1008'6fe4     0x4  cy_sysint.o [35]
  .rodata            const    0x1008'6fe8     0x4  cy_sysint.o [35]
  .rodata            const    0x1008'6fec     0x4  cy_tcpwm_counter.o [43]
  .rodata            const    0x1008'6ff0     0x4  cy_tcpwm_counter.o [43]
  .rodata            const    0x1008'6ff4     0x4  cy_tcpwm_counter.o [43]
  .rodata            const    0x1008'6ff8     0x4  cy_tcpwm_counter.o [43]
  .rodata            const    0x1008'6ffc     0x4  cy_tcpwm_counter.o [43]
  .text              ro code  0x1008'7000     0x4  startup_cm7.o [31]
  .text              ro code  0x1008'7004     0x4  startup_cm7.o [31]
  .text              ro code  0x1008'7008     0x4  startup_cm7.o [31]
  .text              ro code  0x1008'700c     0x4  startup_cm7.o [31]
  .text              ro code  0x1008'7010     0x4  startup_cm7.o [31]
  .text              ro code  0x1008'7014     0x4  startup_cm7.o [31]
  .text              ro code  0x1008'7018     0x4  startup_cm7.o [31]
  .text              ro code  0x1008'701c     0x4  startup_cm7.o [31]
  .text              ro code  0x1008'7020     0x4  startup_cm7.o [31]
  .text              ro code  0x1008'7024     0x4  startup_cm7.o [31]
  .text              ro code  0x1008'7028     0x4  startup_cm7.o [31]
  .text              ro code  0x1008'702c     0x4  startup_cm7.o [31]
  .text              ro code  0x1008'7030     0x4  startup_cm7.o [31]
  .text              ro code  0x1008'7034     0x4  startup_cm7.o [31]
  .text              ro code  0x1008'7038     0x4  startup_cm7.o [31]
  .text              ro code  0x1008'703c     0x2  zf_device_type.o [48]
  .rodata            const    0x1008'703e     0x0  zero_init3.o [52]
  .rodata            const    0x1008'703e     0x0  lz77_init_single.o [52]
  Initializer bytes  const    0x1008'703e    0x63  <for P2-1>
                            - 0x1008'70a1  0x7021

Absolute sections:                         0x5820
  .noinit            uninit   0x2802'6024  0x5820  zf_device_mt9v03x.o [48]
                            - 0x2802'b844  0x5820

"P2", part 1 of 3:                          0x73d
  P2-1                        0x2802'b844   0x73d  <Init block>
    .data            inited   0x2802'b844   0x6ec  cy_interrupt_map.o [23]
    .data            inited   0x2802'bf30     0x4  cy_interrupt_map.o [23]
    .data            inited   0x2802'bf34     0x4  zf_device_type.o [48]
    .data            inited   0x2802'bf38     0x4  zf_device_type.o [48]
    .data            inited   0x2802'bf3c    0x10  zf_driver_spi.o [49]
    .data            inited   0x2802'bf4c    0x14  zf_driver_uart.o [49]
    .data            inited   0x2802'bf60    0x14  zf_driver_uart.o [49]
    .data            inited   0x2802'bf74     0x2  zf_device_tft180.o [48]
    .data            inited   0x2802'bf76     0x2  zf_device_tft180.o [48]
    .data            inited   0x2802'bf78     0x2  zf_device_tft180.o [48]
    .data            inited   0x2802'bf7a     0x2  zf_device_tft180.o [48]
    .data            inited   0x2802'bf7c     0x2  zf_driver_delay.o [49]
    .data            inited   0x2802'bf7e     0x1  zf_common_debug.o [46]
    .data            inited   0x2802'bf7f     0x1  zf_device_tft180.o [48]
    .data            inited   0x2802'bf80     0x1  zf_driver_delay.o [49]
                            - 0x2802'bf81   0x73d

"P2", part 2 of 3:                         0x9e54
  .bss               zero     0x2802'bf84  0x5820  zf_device_mt9v03x.o [48]
  .bss               zero     0x2803'17a4  0x1608  Camera.o [5]
  .bss               zero     0x2803'2dac  0x1608  Camera.o [5]
  .bss               zero     0x2803'43b4  0x1608  Camera.o [5]
  .bss               zero     0x2803'59bc   0x118  zf_driver_uart.o [49]
  .bss               zero     0x2803'5ad4    0x80  zf_device_gnss.o [48]
  .bss               zero     0x2803'5b54    0x80  zf_device_gnss.o [48]
  .bss               zero     0x2803'5bd4    0x80  zf_device_gnss.o [48]
  .bss               zero     0x2803'5c54    0x70  cy_syslib.o [36]
  .bss               zero     0x2803'5cc4    0x40  zf_common_debug.o [46]
  .bss               zero     0x2803'5d04    0x18  cy_sysclk.o [33]
  .bss               zero     0x2803'5d1c    0x18  cy_syslib.o [36]
  .bss               zero     0x2803'5d34    0x18  zf_common_debug.o [46]
  .bss               zero     0x2803'5d4c    0x18  zf_device_gnss.o [48]
  .bss               zero     0x2803'5d64    0x14  zf_common_debug.o [46]
  .bss               zero     0x2803'5d78    0x10  zf_device_config_mt9v03x.o [54]
  .bss               zero     0x2803'5d88     0x8  heap0.o [50]
  .bss               zero     0x2803'5d90     0x4  cy_syslib.o [36]
  .bss               zero     0x2803'5d94     0x4  system_tviibh4m_cm7.o [22]
  .bss               zero     0x2803'5d98     0x4  system_tviibh4m_cm7.o [22]
  .bss               zero     0x2803'5d9c     0x4  system_tviibh4m_cm7.o [22]
  .bss               zero     0x2803'5da0     0x4  system_tviibh4m_cm7.o [22]
  .bss               zero     0x2803'5da4     0x4  system_tviibh4m_cm7.o [22]
  .bss               zero     0x2803'5da8     0x4  zf_common_clock.o [46]
  .bss               zero     0x2803'5dac     0x4  zf_common_interrupt.o [46]
  .bss               zero     0x2803'5db0     0x4  zf_driver_spi.o [49]
  .bss               zero     0x2803'5db4     0x4  zf_device_config_mt9v03x.o [54]
  .bss               zero     0x2803'5db8     0x4  zf_device_config_mt9v03x.o [54]
  .bss               zero     0x2803'5dbc     0x4  zf_device_config_mt9v03x.o [54]
  .bss               zero     0x2803'5dc0     0x4  zf_device_config_mt9v03x.o [54]
  .bss               zero     0x2803'5dc4     0x4  zf_device_config_mt9v03x.o [54]
  .bss               zero     0x2803'5dc8     0x4  xgetmemchunk.o [50]
  .bss               zero     0x2803'5dcc     0x1  cy_sysclk.o [33]
  .bss               zero     0x2803'5dcd     0x1  zf_common_debug.o [46]
  .bss               zero     0x2803'5dce     0x1  zf_common_debug.o [46]
  .bss               zero     0x2803'5dcf     0x1  zf_common_debug.o [46]
  .bss               zero     0x2803'5dd0     0x1  zf_device_gnss.o [48]
  .bss               zero     0x2803'5dd1     0x1  zf_device_gnss.o [48]
  .bss               zero     0x2803'5dd2     0x1  zf_device_gnss.o [48]
  .bss               zero     0x2803'5dd3     0x1  zf_device_gnss.o [48]
  .bss               zero     0x2803'5dd4     0x1  zf_device_gnss.o [48]
  .bss               zero     0x2803'5dd5     0x1  zf_device_mt9v03x.o [48]
  .bss               zero     0x2803'5dd6     0x1  zf_device_tft180.o [48]
                            - 0x2803'5dd7  0x9e53

"P2", part 3 of 3:                           0x80
  .intvec_ram        uninit   0x2803'5e00    0x80  startup_cm7.o [31]
                            - 0x2803'5e80    0x80

"A1":                                      0x2400
  HEAP_STACK                  0x2807'dc00  0x2400  <Block>
    HEAP                      0x2807'dc00   0x400  <Block>
      HEAP           uninit   0x2807'dc00   0x400  <Block tail>
    CSTACK                    0x2807'e000  0x2000  <Block>
      CSTACK         uninit   0x2807'e000  0x2000  <Block tail>
                            - 0x2808'0000  0x2400

Unused ranges:

         From           To       Size
         ----           --       ----
  0x1008'7193  0x1027'ffff  0x1f'8e6d
  0x2802'0000  0x2802'6023     0x6024
  0x2802'bf81  0x2802'bf83        0x3
  0x2803'5dd8  0x2803'5dff       0x28
  0x2803'5e80  0x2807'dbff   0x4'7d80


*******************************************************************************
*** INIT TABLE
***

          Address      Size
          -------      ----
Zero (__iar_zero_init3)
    1 destination range, total size 0x9e53:
          0x2802'bf84  0x9e53

Copy/lz77 (__iar_lz77_init_single3)
    1 source range, total size 0x63 (5% of destination):
          0x1008'703e    0x63
    1 destination range, total size 0x73d:
          0x2802'b844   0x73d



*******************************************************************************
*** MODULE SUMMARY
***

    Module                      ro code  ro data  rw data  rw data
                                                            (abs)
    ------                      -------  -------  -------  -------
command line/config:
    --------------------------------------------------------------
    Total:

C:\Users\CSH\Desktop\CYT4BB7_Library-master\Example\Motherboard_Demo\Smart_Car CODE\iar\Debug_m7_0\Obj\adc_11722776235721520015.dir: [1]
    --------------------------------------------------------------
    Total:

C:\Users\CSH\Desktop\CYT4BB7_Library-master\Example\Motherboard_Demo\Smart_Car CODE\iar\Debug_m7_0\Obj\audioss_1346650047966882938.dir: [2]
    --------------------------------------------------------------
    Total:

C:\Users\CSH\Desktop\CYT4BB7_Library-master\Example\Motherboard_Demo\Smart_Car CODE\iar\Debug_m7_0\Obj\button_4990804375159372270.dir: [3]
    --------------------------------------------------------------
    Total:

C:\Users\CSH\Desktop\CYT4BB7_Library-master\Example\Motherboard_Demo\Smart_Car CODE\iar\Debug_m7_0\Obj\canfd_1800690984773873875.dir: [4]
    --------------------------------------------------------------
    Total:

C:\Users\CSH\Desktop\CYT4BB7_Library-master\Example\Motherboard_Demo\Smart_Car CODE\iar\Debug_m7_0\Obj\code_17896468042025673432.dir: [5]
    Camera.o                        952            16'920
    --------------------------------------------------------------
    Total:                          952            16'920

C:\Users\CSH\Desktop\CYT4BB7_Library-master\Example\Motherboard_Demo\Smart_Car CODE\iar\Debug_m7_0\Obj\cpu_15938736945165268644.dir: [6]
    --------------------------------------------------------------
    Total:

C:\Users\CSH\Desktop\CYT4BB7_Library-master\Example\Motherboard_Demo\Smart_Car CODE\iar\Debug_m7_0\Obj\crypto_1190170608956581615.dir: [7]
    --------------------------------------------------------------
    Total:

C:\Users\CSH\Desktop\CYT4BB7_Library-master\Example\Motherboard_Demo\Smart_Car CODE\iar\Debug_m7_0\Obj\dma_12106025507578611576.dir: [8]
    --------------------------------------------------------------
    Total:

C:\Users\CSH\Desktop\CYT4BB7_Library-master\Example\Motherboard_Demo\Smart_Car CODE\iar\Debug_m7_0\Obj\eth_phy_18133017486186456677.dir: [9]
    --------------------------------------------------------------
    Total:

C:\Users\CSH\Desktop\CYT4BB7_Library-master\Example\Motherboard_Demo\Smart_Car CODE\iar\Debug_m7_0\Obj\ethernet_6029839089178797009.dir: [10]
    --------------------------------------------------------------
    Total:

C:\Users\CSH\Desktop\CYT4BB7_Library-master\Example\Motherboard_Demo\Smart_Car CODE\iar\Debug_m7_0\Obj\evtgen_3404189088603873129.dir: [11]
    --------------------------------------------------------------
    Total:

C:\Users\CSH\Desktop\CYT4BB7_Library-master\Example\Motherboard_Demo\Smart_Car CODE\iar\Debug_m7_0\Obj\flash_8529866181315662935.dir: [12]
    --------------------------------------------------------------
    Total:

C:\Users\CSH\Desktop\CYT4BB7_Library-master\Example\Motherboard_Demo\Smart_Car CODE\iar\Debug_m7_0\Obj\flash_864493325053435817.dir: [13]
    --------------------------------------------------------------
    Total:

C:\Users\CSH\Desktop\CYT4BB7_Library-master\Example\Motherboard_Demo\Smart_Car CODE\iar\Debug_m7_0\Obj\gpio_3999404635324069351.dir: [14]
    cy_gpio.o                       404
    --------------------------------------------------------------
    Total:                          404

C:\Users\CSH\Desktop\CYT4BB7_Library-master\Example\Motherboard_Demo\Smart_Car CODE\iar\Debug_m7_0\Obj\ipc_10145506163450686023.dir: [15]
    --------------------------------------------------------------
    Total:

C:\Users\CSH\Desktop\CYT4BB7_Library-master\Example\Motherboard_Demo\Smart_Car CODE\iar\Debug_m7_0\Obj\lin_18429031207028094880.dir: [16]
    --------------------------------------------------------------
    Total:

C:\Users\CSH\Desktop\CYT4BB7_Library-master\Example\Motherboard_Demo\Smart_Car CODE\iar\Debug_m7_0\Obj\lvd_6353935867039560245.dir: [17]
    --------------------------------------------------------------
    Total:

C:\Users\CSH\Desktop\CYT4BB7_Library-master\Example\Motherboard_Demo\Smart_Car CODE\iar\Debug_m7_0\Obj\mcwdt_4052485907822033969.dir: [18]
    --------------------------------------------------------------
    Total:

C:\Users\CSH\Desktop\CYT4BB7_Library-master\Example\Motherboard_Demo\Smart_Car CODE\iar\Debug_m7_0\Obj\mpu_5663187252346826382.dir: [19]
    --------------------------------------------------------------
    Total:

C:\Users\CSH\Desktop\CYT4BB7_Library-master\Example\Motherboard_Demo\Smart_Car CODE\iar\Debug_m7_0\Obj\power_14453085144426420577.dir: [20]
    --------------------------------------------------------------
    Total:

C:\Users\CSH\Desktop\CYT4BB7_Library-master\Example\Motherboard_Demo\Smart_Car CODE\iar\Debug_m7_0\Obj\prot_10722960861768657883.dir: [21]
    --------------------------------------------------------------
    Total:

C:\Users\CSH\Desktop\CYT4BB7_Library-master\Example\Motherboard_Demo\Smart_Car CODE\iar\Debug_m7_0\Obj\rev_b_4986922561640112550.dir: [22]
    system_tviibh4m_cm7.o           336      152       20
    --------------------------------------------------------------
    Total:                          336      152       20

C:\Users\CSH\Desktop\CYT4BB7_Library-master\Example\Motherboard_Demo\Smart_Car CODE\iar\Debug_m7_0\Obj\rev_b_6162237342861132223.dir: [23]
    cy_interrupt_map.o              408      126    1'776
    --------------------------------------------------------------
    Total:                          408      126    1'776

C:\Users\CSH\Desktop\CYT4BB7_Library-master\Example\Motherboard_Demo\Smart_Car CODE\iar\Debug_m7_0\Obj\scb_15490842639181808494.dir: [24]
    cy_scb_spi.o                    496       16
    cy_scb_uart.o                   788       40
    --------------------------------------------------------------
    Total:                        1'284       56

C:\Users\CSH\Desktop\CYT4BB7_Library-master\Example\Motherboard_Demo\Smart_Car CODE\iar\Debug_m7_0\Obj\sd_host_2982766354293506895.dir: [25]
    --------------------------------------------------------------
    Total:

C:\Users\CSH\Desktop\CYT4BB7_Library-master\Example\Motherboard_Demo\Smart_Car CODE\iar\Debug_m7_0\Obj\semihosting_143864889731838620.dir: [26]
    --------------------------------------------------------------
    Total:

C:\Users\CSH\Desktop\CYT4BB7_Library-master\Example\Motherboard_Demo\Smart_Car CODE\iar\Debug_m7_0\Obj\smartio_5451710003740070188.dir: [27]
    --------------------------------------------------------------
    Total:

C:\Users\CSH\Desktop\CYT4BB7_Library-master\Example\Motherboard_Demo\Smart_Car CODE\iar\Debug_m7_0\Obj\smif_427648126384146252.dir: [28]
    --------------------------------------------------------------
    Total:

C:\Users\CSH\Desktop\CYT4BB7_Library-master\Example\Motherboard_Demo\Smart_Car CODE\iar\Debug_m7_0\Obj\smif_mem_6470536964353725183.dir: [29]
    --------------------------------------------------------------
    Total:

C:\Users\CSH\Desktop\CYT4BB7_Library-master\Example\Motherboard_Demo\Smart_Car CODE\iar\Debug_m7_0\Obj\srom_13018798572330080582.dir: [30]
    --------------------------------------------------------------
    Total:

C:\Users\CSH\Desktop\CYT4BB7_Library-master\Example\Motherboard_Demo\Smart_Car CODE\iar\Debug_m7_0\Obj\startup_479057977785470282.dir: [31]
    startup.o                       516       24
    startup_cm7.o                   442               128
    --------------------------------------------------------------
    Total:                          958       24      128

C:\Users\CSH\Desktop\CYT4BB7_Library-master\Example\Motherboard_Demo\Smart_Car CODE\iar\Debug_m7_0\Obj\sw_timer_4215635015939382130.dir: [32]
    --------------------------------------------------------------
    Total:

C:\Users\CSH\Desktop\CYT4BB7_Library-master\Example\Motherboard_Demo\Smart_Car CODE\iar\Debug_m7_0\Obj\sysclk_16149231235676103872.dir: [33]
    cy_sysclk.o                   2'280      256       25
    --------------------------------------------------------------
    Total:                        2'280      256       25

C:\Users\CSH\Desktop\CYT4BB7_Library-master\Example\Motherboard_Demo\Smart_Car CODE\iar\Debug_m7_0\Obj\sysflt_12293435975120599261.dir: [34]
    --------------------------------------------------------------
    Total:

C:\Users\CSH\Desktop\CYT4BB7_Library-master\Example\Motherboard_Demo\Smart_Car CODE\iar\Debug_m7_0\Obj\sysint_7435970359207984181.dir: [35]
    cy_sysint.o                     172        8
    --------------------------------------------------------------
    Total:                          172        8

C:\Users\CSH\Desktop\CYT4BB7_Library-master\Example\Motherboard_Demo\Smart_Car CODE\iar\Debug_m7_0\Obj\syslib_16330585751512546975.dir: [36]
    cy_syslib.o                     182               140
    cy_syslib_iar.o                  30
    --------------------------------------------------------------
    Total:                          212               140

C:\Users\CSH\Desktop\CYT4BB7_Library-master\Example\Motherboard_Demo\Smart_Car CODE\iar\Debug_m7_0\Obj\syspm_10887939769544754770.dir: [37]
    --------------------------------------------------------------
    Total:

C:\Users\CSH\Desktop\CYT4BB7_Library-master\Example\Motherboard_Demo\Smart_Car CODE\iar\Debug_m7_0\Obj\sysreghc_17676636058511625587.dir: [38]
    --------------------------------------------------------------
    Total:

C:\Users\CSH\Desktop\CYT4BB7_Library-master\Example\Motherboard_Demo\Smart_Car CODE\iar\Debug_m7_0\Obj\sysreset_14586141425677365288.dir: [39]
    --------------------------------------------------------------
    Total:

C:\Users\CSH\Desktop\CYT4BB7_Library-master\Example\Motherboard_Demo\Smart_Car CODE\iar\Debug_m7_0\Obj\sysrtc_10747768817563771611.dir: [40]
    --------------------------------------------------------------
    Total:

C:\Users\CSH\Desktop\CYT4BB7_Library-master\Example\Motherboard_Demo\Smart_Car CODE\iar\Debug_m7_0\Obj\systick_16016591671695740695.dir: [41]
    --------------------------------------------------------------
    Total:

C:\Users\CSH\Desktop\CYT4BB7_Library-master\Example\Motherboard_Demo\Smart_Car CODE\iar\Debug_m7_0\Obj\syswdt_9118657615806274156.dir: [42]
    --------------------------------------------------------------
    Total:

C:\Users\CSH\Desktop\CYT4BB7_Library-master\Example\Motherboard_Demo\Smart_Car CODE\iar\Debug_m7_0\Obj\tcpwm_422923530147891246.dir: [43]
    cy_tcpwm.o                       12
    cy_tcpwm_counter.o              430       20
    --------------------------------------------------------------
    Total:                          442       20

C:\Users\CSH\Desktop\CYT4BB7_Library-master\Example\Motherboard_Demo\Smart_Car CODE\iar\Debug_m7_0\Obj\trigmux_9729677290734583340.dir: [44]
    --------------------------------------------------------------
    Total:

C:\Users\CSH\Desktop\CYT4BB7_Library-master\Example\Motherboard_Demo\Smart_Car CODE\iar\Debug_m7_0\Obj\user_8514941877209965082.dir: [45]
    cm7_0_isr.o                     364
    main_cm7_0.o                     96
    --------------------------------------------------------------
    Total:                          460

C:\Users\CSH\Desktop\CYT4BB7_Library-master\Example\Motherboard_Demo\Smart_Car CODE\iar\Debug_m7_0\Obj\zf_common_1201165462030747823.dir: [46]
    zf_common_clock.o                28                 4
    zf_common_debug.o             1'056      108      112
    zf_common_fifo.o              1'096      108
    zf_common_font.o                       2'072
    zf_common_interrupt.o           226                 4
    --------------------------------------------------------------
    Total:                        2'406    2'288      120

C:\Users\CSH\Desktop\CYT4BB7_Library-master\Example\Motherboard_Demo\Smart_Car CODE\iar\Debug_m7_0\Obj\zf_components_14936052685886095442.dir: [47]
    --------------------------------------------------------------
    Total:

C:\Users\CSH\Desktop\CYT4BB7_Library-master\Example\Motherboard_Demo\Smart_Car CODE\iar\Debug_m7_0\Obj\zf_device_6570275422786408770.dir: [48]
    zf_device_gnss.o                276               413
    zf_device_mt9v03x.o             816       40   22'561   22'560
    zf_device_tft180.o            2'664      108       10
    zf_device_type.o                  2        1        8
    --------------------------------------------------------------
    Total:                        3'758      149   22'992   22'560

C:\Users\CSH\Desktop\CYT4BB7_Library-master\Example\Motherboard_Demo\Smart_Car CODE\iar\Debug_m7_0\Obj\zf_driver_11922370083829174090.dir: [49]
    zf_driver_delay.o               644        1        3
    zf_driver_gpio.o                380
    zf_driver_pwm.o                  32
    zf_driver_soft_iic.o          1'532      112
    zf_driver_spi.o               2'264      109       20
    zf_driver_uart.o              2'056      110      320
    --------------------------------------------------------------
    Total:                        6'908      332      343

dl7M_tln.a: [50]
    abort.o                           6
    exit.o                            4
    heap0.o                         316                 8
    heaptramp0.o                      4
    sprintf.o                        64
    strncmp.o                        42
    vla_alloc.o                      22
    xgetmemchunk.o                   44                 4
    xprintftiny.o                   316
    xsprout.o                        10
    --------------------------------------------------------------
    Total:                          828                12

m7M_tlv.a: [51]
    fpinit_M.o                       34
    --------------------------------------------------------------
    Total:                           34

rt7M_tl.a: [52]
    ABImemclr4.o                      6
    ABImemcpy.o                     166
    ABImemset.o                     102
    ABImemset48.o                    50
    I64DivMod.o                     560
    I64DivZer.o                       2
    cexit.o                          10
    cmain.o                          30
    cstartup_M.o                     28
    data_init.o                      40
    lz77_init_single.o              126
    strlen.o                         54
    strncpy.o                       112
    zero_init3.o                     56
    --------------------------------------------------------------
    Total:                        1'342

shb_l.a: [53]
    exit.o                           20
    --------------------------------------------------------------
    Total:                           20

zf_device_config.a: [54]
    zf_device_config_mt9v03x.o    2'144                36
    --------------------------------------------------------------
    Total:                        2'144                36

    Gaps                             38        4
    Linker created                            32    9'216
------------------------------------------------------------------
    Grand Total:                 25'386    3'447   51'728   22'560


*******************************************************************************
*** ENTRY LIST
***

Entry                       Address    Size  Type      Object
-----                       -------    ----  ----      ------
.iar.init_table$$Base   0x1008'6e04           --   Gb  - Linker created -
.iar.init_table$$Limit  0x1008'6e24           --   Gb  - Linker created -
?main                   0x1008'6e71          Code  Gb  cmain.o [52]
Aldata                  0x2803'5d88     0x8  Data  Lc  heap0.o [50]
Bin_Image               0x2803'2dac  0x1608  Data  Gb  Camera.o [5]
Bin_Image_Filter        0x1008'5a65    0xce  Code  Gb  Camera.o [5]
BusFault_Handler        0x1008'7009          Code  Wk  startup_cm7.o [31]
CSTACK$$Base            0x2807'e000           --   Gb  - Linker created -
CSTACK$$Limit           0x2808'0000           --   Gb  - Linker created -
CopyVectorTable         0x1008'628d    0x34  Code  Lc  startup.o [31]
CpuUserInt0_Handler     0x1008'646f    0x26  Code  Gb  cy_interrupt_map.o [23]
CpuUserInt10_Handler    0x1008'7025          Code  Wk  startup_cm7.o [31]
CpuUserInt11_Handler    0x1008'7029          Code  Wk  startup_cm7.o [31]
CpuUserInt12_Handler    0x1008'702d          Code  Wk  startup_cm7.o [31]
CpuUserInt13_Handler    0x1008'7031          Code  Wk  startup_cm7.o [31]
CpuUserInt14_Handler    0x1008'7035          Code  Wk  startup_cm7.o [31]
CpuUserInt15_Handler    0x1008'7039          Code  Wk  startup_cm7.o [31]
CpuUserInt1_Handler     0x1008'6495    0x26  Code  Gb  cy_interrupt_map.o [23]
CpuUserInt2_Handler     0x1008'64bb    0x26  Code  Gb  cy_interrupt_map.o [23]
CpuUserInt3_Handler     0x1008'64e1    0x26  Code  Gb  cy_interrupt_map.o [23]
CpuUserInt4_Handler     0x1008'6507    0x26  Code  Gb  cy_interrupt_map.o [23]
CpuUserInt5_Handler     0x1008'652d    0x26  Code  Gb  cy_interrupt_map.o [23]
CpuUserInt6_Handler     0x1008'6553    0x26  Code  Gb  cy_interrupt_map.o [23]
CpuUserInt7_Handler     0x1008'6579    0x26  Code  Gb  cy_interrupt_map.o [23]
CpuUserInt8_Handler     0x1008'701d          Code  Wk  startup_cm7.o [31]
CpuUserInt9_Handler     0x1008'7021          Code  Wk  startup_cm7.o [31]
Cy_DefaultUserHandler   0x1008'646d     0x2  Code  Gb  cy_interrupt_map.o [23]
Cy_GPIO_ClearInterrupt  0x1008'1fe7     0xe  Code  Lc  cy_gpio.o [14]
Cy_GPIO_Clr             0x1008'1889     0xa  Code  Lc  zf_driver_gpio.o [49]
Cy_GPIO_Pin_Init        0x1008'202b    0x72  Code  Gb  cy_gpio.o [14]
Cy_GPIO_Read            0x1008'1875     0xa  Code  Lc  zf_driver_gpio.o [49]
Cy_GPIO_Set             0x1008'187f     0xa  Code  Lc  zf_driver_gpio.o [49]
Cy_GPIO_SetDriveSel     0x1008'1fc9    0x1e  Code  Lc  cy_gpio.o [14]
Cy_GPIO_SetDrivemode    0x1008'1f79    0x1c  Code  Lc  cy_gpio.o [14]
Cy_GPIO_SetDrivemode    0x1008'1893    0x1c  Code  Lc  zf_driver_gpio.o [49]
Cy_GPIO_SetHSIOM        0x1008'1f15    0x4c  Code  Lc  cy_gpio.o [14]
Cy_GPIO_SetInterruptEdge
                        0x1008'200f    0x1c  Code  Lc  cy_gpio.o [14]
Cy_GPIO_SetInterruptMask
                        0x1008'1ff5    0x1a  Code  Lc  cy_gpio.o [14]
Cy_GPIO_SetSlewRate     0x1008'1faf    0x1a  Code  Lc  cy_gpio.o [14]
Cy_GPIO_SetVtrip        0x1008'1f95    0x1a  Code  Lc  cy_gpio.o [14]
Cy_GPIO_Write           0x1008'1f61    0x18  Code  Lc  cy_gpio.o [14]
Cy_RestoreIRQ           0x1008'6449          Code  Gb  startup_cm7.o [31]
Cy_SCB_ClearRxInterrupt
                        0x1008'65ef     0xa  Code  Lc  cm7_0_isr.o [45]
Cy_SCB_ClearTxInterrupt
                        0x1008'65ff     0xa  Code  Lc  cm7_0_isr.o [45]
Cy_SCB_GetFifoSize      0x1008'0b25    0x12  Code  Lc  zf_driver_spi.o [49]
Cy_SCB_GetNumInRxFifo   0x1008'2443     0xa  Code  Lc  zf_driver_uart.o [49]
Cy_SCB_GetNumInTxFifo   0x1008'0aef     0xa  Code  Lc  zf_driver_spi.o [49]
Cy_SCB_GetNumInTxFifo   0x1008'2453     0xa  Code  Lc  zf_driver_uart.o [49]
Cy_SCB_GetRxInterruptMask
                        0x1008'65e9     0x6  Code  Lc  cm7_0_isr.o [45]
Cy_SCB_GetRxInterruptMask
                        0x1008'248f     0x6  Code  Lc  zf_driver_uart.o [49]
Cy_SCB_GetTxInterruptMask
                        0x1008'65f9     0x6  Code  Lc  cm7_0_isr.o [45]
Cy_SCB_GetTxInterruptMask
                        0x1008'249b     0x6  Code  Lc  zf_driver_uart.o [49]
Cy_SCB_GetTxSrValid     0x1008'0af9     0xa  Code  Lc  zf_driver_spi.o [49]
Cy_SCB_GetTxSrValid     0x1008'245d     0xa  Code  Lc  zf_driver_uart.o [49]
Cy_SCB_IsTxComplete     0x1008'0b03    0x22  Code  Lc  zf_driver_spi.o [49]
Cy_SCB_IsTxComplete     0x1008'2467    0x22  Code  Lc  zf_driver_uart.o [49]
Cy_SCB_ReadRxFifo       0x1008'243d     0x6  Code  Lc  zf_driver_uart.o [49]
Cy_SCB_SPI_Enable       0x1008'0b37     0xa  Code  Lc  zf_driver_spi.o [49]
Cy_SCB_SPI_Init         0x1008'20a9   0x1d8  Code  Gb  cy_scb_spi.o [24]
Cy_SCB_SPI_SetActiveSlaveSelect
                        0x1008'0b41     0xc  Code  Lc  zf_driver_spi.o [49]
Cy_SCB_SetRxInterruptMask
                        0x1008'2489     0x6  Code  Lc  zf_driver_uart.o [49]
Cy_SCB_SetTxInterruptMask
                        0x1008'2495     0x6  Code  Lc  zf_driver_uart.o [49]
Cy_SCB_UART_DeInit      0x1008'35d9    0x5c  Code  Gb  cy_scb_uart.o [24]
Cy_SCB_UART_Enable      0x1008'24a1     0xa  Code  Lc  zf_driver_uart.o [49]
Cy_SCB_UART_Init        0x1008'3355   0x284  Code  Gb  cy_scb_uart.o [24]
Cy_SCB_WriteTxFifo      0x1008'0ae9     0x6  Code  Lc  zf_driver_spi.o [49]
Cy_SCB_WriteTxFifo      0x1008'244d     0x6  Code  Lc  zf_driver_uart.o [49]
Cy_SaveIRQ              0x1008'6441          Code  Gb  startup_cm7.o [31]
Cy_SysClk_CheckDividerExisting
                        0x1008'5b95    0x2a  Code  Lc  zf_device_mt9v03x.o [48]
Cy_SysClk_CheckDividerExisting
                        0x1008'19f1    0x2a  Code  Lc  zf_driver_delay.o [49]
Cy_SysClk_CheckDividerExisting
                        0x1008'0b4d    0x2c  Code  Lc  zf_driver_spi.o [49]
Cy_SysClk_CheckDividerExisting
                        0x1008'2299    0x2c  Code  Lc  zf_driver_uart.o [49]
Cy_SysClk_ClkPathGetSource
                        0x1008'3b01    0x54  Code  Gb  cy_sysclk.o [33]
Cy_SysClk_EcoGetStatus  0x1008'398d    0x1a  Code  Lc  cy_sysclk.o [33]
Cy_SysClk_Fast0ClkGetDivider
                        0x1008'3ad5    0x16  Code  Lc  cy_sysclk.o [33]
Cy_SysClk_Fast1ClkGetDivider
                        0x1008'3aeb    0x16  Code  Lc  cy_sysclk.o [33]
Cy_SysClk_FllGetConfiguration
                        0x1008'3b5d    0x7e  Code  Gb  cy_sysclk.o [33]
Cy_SysClk_FllGetLockStatus
                        0x1008'39a7     0xc  Code  Lc  cy_sysclk.o [33]
Cy_SysClk_GetClockGroup
                        0x1008'5c3d     0x8  Code  Lc  zf_device_mt9v03x.o [48]
Cy_SysClk_GetClockGroup
                        0x1008'1a99     0x8  Code  Lc  zf_driver_delay.o [49]
Cy_SysClk_GetClockGroup
                        0x1008'0c31     0x8  Code  Lc  zf_driver_spi.o [49]
Cy_SysClk_GetClockGroup
                        0x1008'237d     0x8  Code  Lc  zf_driver_uart.o [49]
Cy_SysClk_GetCoreFrequency
                        0x1008'4221    0x2a  Code  Gb  cy_sysclk.o [33]
Cy_SysClk_GetEcoFrequency
                        0x1008'3d29    0x32  Code  Gb  cy_sysclk.o [33]
Cy_SysClk_GetExtFrequency
                        0x1008'3d5d    0x1e  Code  Gb  cy_sysclk.o [33]
Cy_SysClk_GetFast0Frequency
                        0x1008'4175    0x56  Code  Gb  cy_sysclk.o [33]
Cy_SysClk_GetFast1Frequency
                        0x1008'41cb    0x56  Code  Gb  cy_sysclk.o [33]
Cy_SysClk_GetFllInputFrequency
                        0x1008'3e7d     0xc  Code  Gb  cy_sysclk.o [33]
Cy_SysClk_GetFllOutputFrequency
                        0x1008'3ea5    0x78  Code  Gb  cy_sysclk.o [33]
Cy_SysClk_GetHfClkFrequency
                        0x1008'40f7    0x7a  Code  Gb  cy_sysclk.o [33]
Cy_SysClk_GetIlo0Frequency
                        0x1008'3d7b    0x32  Code  Gb  cy_sysclk.o [33]
Cy_SysClk_GetIlo1Frequency
                        0x1008'3dad    0x32  Code  Gb  cy_sysclk.o [33]
Cy_SysClk_GetImoFrequency
                        0x1008'3cf7    0x32  Code  Gb  cy_sysclk.o [33]
Cy_SysClk_GetPathFrequency
                        0x1008'40c5    0x32  Code  Gb  cy_sysclk.o [33]
Cy_SysClk_GetPathSourceFrequency
                        0x1008'3e19    0x64  Code  Gb  cy_sysclk.o [33]
Cy_SysClk_GetPll400MNo  0x1008'39f1    0x14  Code  Lc  cy_sysclk.o [33]
Cy_SysClk_GetPllInputFrequency
                        0x1008'3e89    0x1c  Code  Gb  cy_sysclk.o [33]
Cy_SysClk_GetPllNo      0x1008'39b5    0x12  Code  Lc  cy_sysclk.o [33]
Cy_SysClk_GetPllOutputFrequency
                        0x1008'3f21   0x1a0  Code  Gb  cy_sysclk.o [33]
Cy_SysClk_GetWcoFrequency
                        0x1008'3ddf    0x32  Code  Gb  cy_sysclk.o [33]
Cy_SysClk_HfClockGetDivider
                        0x1008'3a93    0x42  Code  Lc  cy_sysclk.o [33]
Cy_SysClk_HfClockGetSource
                        0x1008'3a3f    0x54  Code  Lc  cy_sysclk.o [33]
Cy_SysClk_InitGetFreqParams
                        0x1008'3cdd    0x1a  Code  Gb  cy_sysclk.o [33]
Cy_SysClk_PeriphAssignDivider
                        0x1008'5c45    0x68  Code  Lc  zf_device_mt9v03x.o [48]
Cy_SysClk_PeriphAssignDivider
                        0x1008'1aa1    0x68  Code  Lc  zf_driver_delay.o [49]
Cy_SysClk_PeriphAssignDivider
                        0x1008'0c39    0x6a  Code  Lc  zf_driver_spi.o [49]
Cy_SysClk_PeriphAssignDivider
                        0x1008'2385    0x6a  Code  Lc  zf_driver_uart.o [49]
Cy_SysClk_PeriphEnableDivider
                        0x1008'5cad    0x4c  Code  Lc  zf_device_mt9v03x.o [48]
Cy_SysClk_PeriphEnableDivider
                        0x1008'1b09    0x4c  Code  Lc  zf_driver_delay.o [49]
Cy_SysClk_PeriphEnableDivider
                        0x1008'0ca3    0x4e  Code  Lc  zf_driver_spi.o [49]
Cy_SysClk_PeriphEnableDivider
                        0x1008'23ef    0x4e  Code  Lc  zf_driver_uart.o [49]
Cy_SysClk_PeriphSetDivider
                        0x1008'5bbf    0x7e  Code  Lc  zf_device_mt9v03x.o [48]
Cy_SysClk_PeriphSetDivider
                        0x1008'1a1b    0x7e  Code  Lc  zf_driver_delay.o [49]
Cy_SysClk_PeriphSetFracDivider
                        0x1008'0b79    0xb8  Code  Lc  zf_driver_spi.o [49]
Cy_SysClk_PeriphSetFracDivider
                        0x1008'22c5    0xb8  Code  Lc  zf_driver_uart.o [49]
Cy_SysClk_Pll400MGetConfiguration
                        0x1008'3c49    0x84  Code  Gb  cy_sysclk.o [33]
Cy_SysClk_Pll400MGetLockStatus
                        0x1008'3a05    0x2a  Code  Lc  cy_sysclk.o [33]
Cy_SysClk_PllGetConfiguration
                        0x1008'3bf5    0x48  Code  Gb  cy_sysclk.o [33]
Cy_SysClk_PllGetLockStatus
                        0x1008'39c7    0x28  Code  Lc  cy_sysclk.o [33]
Cy_SysClk_WcoOkay       0x1008'3a31     0xe  Code  Lc  cy_sysclk.o [33]
Cy_SysInt_InitIRQ       0x1008'386d    0x7e  Code  Gb  cy_sysint.o [35]
Cy_SysInt_SetSystemIrqVector
                        0x1008'38eb    0x12  Code  Gb  cy_sysint.o [35]
Cy_SysInt_SystemIrqUserTableRamPointer
                        0x2802'bf30     0x4  Data  Gb  cy_interrupt_map.o [23]
Cy_SysLib_DelayCycles   0x1008'6e51          Code  Gb  cy_syslib_iar.o [36]
Cy_SysLib_EnterCriticalSection
                        0x1008'6e61          Code  Gb  cy_syslib_iar.o [36]
Cy_SysLib_ExitCriticalSection
                        0x1008'6e69          Code  Gb  cy_syslib_iar.o [36]
Cy_SysLib_FaultHandler  0x1008'42e9    0x90  Code  Gb  cy_syslib.o [36]
Cy_SysLib_Halt          0x1008'42e5     0x4  Code  Gb  cy_syslib.o [36]
Cy_SysLib_ProcessingFault
                        0x1008'438d     0x2  Code  Wk  cy_syslib.o [36]
Cy_SysLib_SvcHandler    0x1008'6f79     0xc  Code  Wk  cy_syslib.o [36]
Cy_SystemInitFpuEnable  0x1008'63e1    0x1e  Code  Gb  system_tviibh4m_cm7.o [22]
Cy_SystemIrqUserTable   0x2802'b844   0x6ec  Data  Gb  cy_interrupt_map.o [23]
Cy_Tcpwm_Counter_ClearTC_Intr
                        0x1008'332b    0x10  Code  Gb  cy_tcpwm_counter.o [43]
Cy_Tcpwm_Counter_Enable
                        0x1008'330d     0xa  Code  Gb  cy_tcpwm_counter.o [43]
Cy_Tcpwm_Counter_GetCounter
                        0x1008'331b     0x4  Code  Gb  cy_tcpwm_counter.o [43]
Cy_Tcpwm_Counter_Init   0x1008'318d   0x16c  Code  Gb  cy_tcpwm_counter.o [43]
Cy_Tcpwm_Counter_SetCounter
                        0x1008'3317     0x4  Code  Gb  cy_tcpwm_counter.o [43]
Cy_Tcpwm_Counter_SetTC_IntrMask
                        0x1008'331f     0xc  Code  Gb  cy_tcpwm_counter.o [43]
Cy_Tcpwm_TriggerStart   0x1008'333b     0xc  Code  Gb  cy_tcpwm.o [43]
Cy_u32StartupStackEndAddress
                        0x1008'6940          Data  Gb  startup_cm7.o [31]
Cy_u32StartupStackStartAddress
                        0x1008'693c          Data  Gb  startup_cm7.o [31]
DebugMon_Handler        0x1008'7011          Code  Wk  startup_cm7.o [31]
GetOSTU                 0x1008'57dd   0x1e8  Code  Gb  Camera.o [5]
Get_Bin_Image           0x1008'59c5    0xa0  Code  Gb  Camera.o [5]
Get_Use_Image           0x1008'5b33    0x50  Code  Gb  Camera.o [5]
HEAP$$Base              0x2807'dc00           --   Gb  - Linker created -
HEAP$$Limit             0x2807'e000           --   Gb  - Linker created -
HEAP_STACK$$Base        0x2807'dc00           --   Gb  - Linker created -
HEAP_STACK$$Limit       0x2808'0000           --   Gb  - Linker created -
HardFault_Handler       0x1008'6e25          Code  Wk  startup_cm7.o [31]
Image_Use               0x2803'17a4  0x1608  Data  Gb  Camera.o [5]
InitRamEcc              0x1008'617b   0x100  Code  Lc  startup.o [31]
InitRamEccClearArea     0x1008'627b    0x12  Code  Lc  startup.o [31]
MemManage_Handler       0x1008'7005          Code  Wk  startup_cm7.o [31]
NMI_Handler             0x1008'7001          Code  Wk  startup_cm7.o [31]
PendSV_Handler          0x1008'7015          Code  Wk  startup_cm7.o [31]
Region$$Table$$Base     0x1008'6e04           --   Gb  - Linker created -
Region$$Table$$Limit    0x1008'6e24           --   Gb  - Linker created -
Reset_Handler           0x1008'6895          Code  Wk  startup_cm7.o [31]
SVC_Handler             0x1008'6ec1          Code  Wk  startup_cm7.o [31]
Startup_Init            0x1008'60ed    0x8e  Code  Gb  startup.o [31]
SysTick_Handler         0x1008'7019          Code  Wk  startup_cm7.o [31]
SystemCoreClock         0x2803'5d94     0x4  Data  Gb  system_tviibh4m_cm7.o [22]
SystemCoreClockUpdate   0x1008'634d    0x94  Code  Gb  system_tviibh4m_cm7.o [22]
SystemInit              0x1008'62f1    0x5c  Code  Gb  system_tviibh4m_cm7.o [22]
UsageFault_Handler      0x1008'700d          Code  Wk  startup_cm7.o [31]
_PrintfTiny             0x1008'3681   0x124  Code  Gb  xprintftiny.o [50]
_SProut                 0x1008'1f0b     0xa  Code  Gb  xsprout.o [50]
__NVIC_ClearPendingIRQ  0x1008'6451    0x1c  Code  Lc  cy_interrupt_map.o [23]
__NVIC_ClearPendingIRQ  0x1008'2f7d    0x1c  Code  Lc  zf_common_interrupt.o [46]
__NVIC_EnableIRQ        0x1008'2f61    0x1c  Code  Lc  zf_common_interrupt.o [46]
__NVIC_SetPriority      0x1008'2f99    0x24  Code  Lc  zf_common_interrupt.o [46]
__Vectors               0x1008'0000           --   Gb  startup_cm7.o [31]
__Vectors_End           0x1008'0080          Data  Gb  startup_cm7.o [31]
__Vectors_Size {Abs}           0x80           --   Gb  startup_cm7.o [31]
__aeabi_ldiv0           0x1008'3349          Code  Gb  I64DivZer.o [52]
__aeabi_memclr4         0x1008'334d          Code  Gb  ABImemclr4.o [52]
__aeabi_memcpy          0x1008'37a5          Code  Gb  ABImemcpy.o [52]
__aeabi_memcpy4         0x1008'37c5          Code  Gb  ABImemcpy.o [52]
__aeabi_memcpy8         0x1008'37c5          Code  Gb  ABImemcpy.o [52]
__aeabi_memset          0x1008'1ea5          Code  Gb  ABImemset.o [52]
__aeabi_uldivmod        0x1008'1c75          Code  Gb  I64DivMod.o [52]
__basic_free            0x1008'30f1    0x16  Code  Gb  heap0.o [50]
__basic_free_intern     0x1008'3107    0x74  Code  Lc  heap0.o [50]
__basic_malloc          0x1008'3045    0x18  Code  Gb  heap0.o [50]
__basic_malloc_intern   0x1008'305d    0x94  Code  Lc  heap0.o [50]
__cmain                 0x1008'6e71          Code  Gb  cmain.o [52]
__data_GetMemChunk      0x1008'3919    0x2c  Code  Gb  xgetmemchunk.o [50]
__data_GetMemChunk::start
                        0x2803'5dc8     0x4  Data  Lc  xgetmemchunk.o [50]
__ecc_init_dtcm_end_address {Abs}
                        0x2000'3fff          Data  Gb  <internal module>
__ecc_init_dtcm_start_address {Abs}
                        0x2000'0000          Data  Gb  <internal module>
__ecc_init_itcm_end_address {Abs}
                             0x3fff          Data  Gb  <internal module>
__ecc_init_itcm_start_address {Abs}
                                0x0          Data  Gb  <internal module>
__ecc_init_sram_end_address {Abs}
                        0x2807'ffff          Data  Gb  <internal module>
__ecc_init_sram_start_address {Abs}
                        0x2802'0000          Data  Gb  <internal module>
__exit                  0x1008'3945    0x14  Code  Gb  exit.o [53]
__iar_Memset            0x1008'1ea5          Code  Gb  ABImemset.o [52]
__iar_Memset4_word      0x1008'3959          Code  Gb  ABImemset48.o [52]
__iar_Memset8_word      0x1008'3959          Code  Gb  ABImemset48.o [52]
__iar_Memset_word       0x1008'1ead          Code  Gb  ABImemset.o [52]
__iar_data_init3        0x1008'6db9    0x28  Code  Gb  data_init.o [52]
__iar_init_vfp          0x1008'6de1          Code  Gb  fpinit_M.o [51]
__iar_lz77_init_single3
                        0x1008'17f7    0x7e  Code  Gb  lz77_init_single.o [52]
__iar_program_start     0x1008'6edd          Code  Gb  cstartup_M.o [52]
__iar_vla_alloc2        0x1008'17e1    0x12  Code  Gb  vla_alloc.o [50]
__iar_vla_dealloc2      0x1008'17f3     0x4  Code  Gb  vla_alloc.o [50]
__iar_zero_init3        0x1008'6d59    0x38  Code  Gb  zero_init3.o [52]
__low_level_init        0x1008'6e91          Code  Gb  startup_cm7.o [31]
__ramVectors            0x2803'5e00          Data  Gb  startup_cm7.o [31]
__vector_table          0x1008'0000          Data  Gb  startup_cm7.o [31]
__vector_table_0x1c     0x1008'001c          Data  Gb  startup_cm7.o [31]
_call_main              0x1008'6e7d          Code  Gb  cmain.o [52]
_exit                   0x1008'6e99          Code  Gb  cexit.o [52]
abort                   0x1008'3181     0x6  Code  Gb  abort.o [50]
ascii_font_6x8          0x1008'5ec4   0x228  Data  Gb  zf_common_font.o [46]
ascii_font_8x16         0x1008'51ec   0x5f0  Data  Gb  zf_common_font.o [46]
assert_interrupt_config
                        0x1008'2ff5     0xc  Code  Gb  zf_common_interrupt.o [46]
camera_finish_callback  0x1008'5cf9    0x1e  Code  Gb  zf_device_mt9v03x.o [48]
clock_init              0x1008'6d3d    0x16  Code  Gb  zf_common_clock.o [46]
cs_pin_save             0x2803'5db0     0x4  Data  Gb  zf_driver_spi.o [49]
cy_assertFileName       0x2803'5d1c    0x18  Data  Gb  cy_syslib.o [36]
cy_assertLine           0x2803'5d90     0x4  Data  Gb  cy_syslib.o [36]
cy_delay32kMs           0x2803'5da4     0x4  Data  Gb  system_tviibh4m_cm7.o [22]
cy_delayFreqHz          0x2803'5d98     0x4  Data  Gb  system_tviibh4m_cm7.o [22]
cy_delayFreqKhz         0x2803'5d9c     0x4  Data  Gb  system_tviibh4m_cm7.o [22]
cy_delayFreqMhz         0x2803'5da0     0x4  Data  Gb  system_tviibh4m_cm7.o [22]
cy_faultFrame           0x2803'5c54    0x70  Data  Gb  cy_syslib.o [36]
debug_assert_handler    0x1008'16df    0x3c  Code  Gb  zf_common_debug.o [46]
debug_assert_handler::assert_nest_index
                        0x2803'5dcf     0x1  Data  Lc  zf_common_debug.o [46]
debug_delay             0x1008'13c1    0x36  Code  Lc  zf_common_debug.o [46]
debug_info_init         0x1008'1765    0x18  Code  Gb  zf_common_debug.o [46]
debug_init              0x1008'177d    0x2a  Code  Gb  zf_common_debug.o [46]
debug_interrupr_handler
                        0x1008'16bf    0x20  Code  Gb  zf_common_debug.o [46]
debug_output            0x1008'1403   0x2bc  Code  Lc  zf_common_debug.o [46]
debug_output_info       0x2803'5d64    0x14  Data  Lc  zf_common_debug.o [46]
debug_output_init       0x1008'173b    0x2a  Code  Gb  zf_common_debug.o [46]
debug_output_struct_init
                        0x1008'171b    0x20  Code  Gb  zf_common_debug.o [46]
debug_uart_buffer       0x2803'5cc4    0x40  Data  Gb  zf_common_debug.o [46]
debug_uart_data         0x2803'5dce     0x1  Data  Gb  zf_common_debug.o [46]
debug_uart_fifo         0x2803'5d34    0x18  Data  Gb  zf_common_debug.o [46]
debug_uart_str_output   0x1008'13f7     0xc  Code  Lc  zf_common_debug.o [46]
delay_clk               0x2802'bf7c     0x2  Data  Lc  zf_driver_delay.o [49]
divNumLocator           0x1008'6f84     0x8  Data  Gb  cy_sysclk.o [33]
exit                    0x1008'6e95     0x4  Code  Gb  exit.o [50]
fifo_clear              0x1008'2b4d    0x74  Code  Gb  zf_common_fifo.o [46]
fifo_end_offset         0x1008'2b33    0x1a  Code  Lc  zf_common_fifo.o [46]
fifo_head_offset        0x1008'2b19    0x1a  Code  Lc  zf_common_fifo.o [46]
fifo_init               0x1008'2f23    0x3a  Code  Gb  zf_common_fifo.o [46]
fifo_read_buffer        0x1008'2d83   0x1a0  Code  Gb  zf_common_fifo.o [46]
fifo_used               0x1008'2bc1    0x22  Code  Gb  zf_common_fifo.o [46]
fifo_write_buffer       0x1008'2be3   0x1a0  Code  Gb  zf_common_fifo.o [46]
free                    0x1008'3187     0x4  Code  Gb  heaptramp0.o [50]
get_scb_module          0x1008'25f7    0x44  Code  Gb  zf_driver_uart.o [49]
get_uart_config         0x1008'24ab   0x14c  Code  Lc  zf_driver_uart.o [49]
gnss_flag               0x2803'5dd0     0x1  Data  Gb  zf_device_gnss.o [48]
gnss_gga_state          0x2803'5dd2     0x1  Data  Lc  zf_device_gnss.o [48]
gnss_receiver_fifo      0x2803'5d4c    0x18  Data  Lc  zf_device_gnss.o [48]
gnss_rmc_state          0x2803'5dd3     0x1  Data  Lc  zf_device_gnss.o [48]
gnss_state              0x2803'5dd1     0x1  Data  Lc  zf_device_gnss.o [48]
gnss_ths_state          0x2803'5dd4     0x1  Data  Lc  zf_device_gnss.o [48]
gnss_uart_callback      0x1008'6755    0xe2  Code  Gb  zf_device_gnss.o [48]
gpio_get_level          0x1008'18f3    0x22  Code  Gb  zf_driver_gpio.o [49]
gpio_init               0x1008'1963    0x88  Code  Gb  zf_driver_gpio.o [49]
gpio_set_dir            0x1008'1915    0x4e  Code  Gb  zf_driver_gpio.o [49]
gpio_set_level          0x1008'18af    0x44  Code  Gb  zf_driver_gpio.o [49]
gps_gga_buffer          0x2803'5ad4    0x80  Data  Lc  zf_device_gnss.o [48]
gps_rmc_buffer          0x2803'5b54    0x80  Data  Lc  zf_device_gnss.o [48]
gps_ths_buffer          0x2803'5bd4    0x80  Data  Lc  zf_device_gnss.o [48]
image_01                0x2803'43b4  0x1608  Data  Gb  Camera.o [5]
intFreqInitialized      0x2803'5dcc     0x1  Data  Gb  cy_sysclk.o [33]
internalBaseFreqInfo    0x2803'5d04    0x18  Data  Gb  cy_sysclk.o [33]
interrupt_global_disable
                        0x1008'2fcd    0x14  Code  Gb  zf_common_interrupt.o [46]
interrupt_global_enable
                        0x1008'2fbd    0x10  Code  Gb  zf_common_interrupt.o [46]
interrupt_global_flag   0x2803'5dac     0x4  Data  Lc  zf_common_interrupt.o [46]
interrupt_init          0x1008'300d    0x36  Code  Gb  zf_common_interrupt.o [46]
interrupt_set_priority  0x1008'3001     0xc  Code  Gb  zf_common_interrupt.o [46]
main                    0x1008'6cdd    0x60  Code  Gb  main_cm7_0.o [45]
mt9v03x_auto_exp        0x2803'5dbc     0x4  Data  Lc  zf_device_config_mt9v03x.o [54]
mt9v03x_exp_time        0x2803'5dc0     0x4  Data  Lc  zf_device_config_mt9v03x.o [54]
mt9v03x_finish_flag     0x2803'5dd5     0x1  Data  Gb  zf_device_mt9v03x.o [48]
mt9v03x_h_blank         0x2803'5db8     0x4  Data  Lc  zf_device_config_mt9v03x.o [54]
mt9v03x_iic_inf_struct  0x2803'5d78    0x10  Data  Lc  zf_device_config_mt9v03x.o [54]
mt9v03x_image           0x2802'bf84  0x5820  Data  Gb  zf_device_mt9v03x.o [48]
mt9v03x_image_temp      0x2802'6024  0x5820  Data  Wk  zf_device_mt9v03x.o [48]
mt9v03x_init            0x1008'5e03    0x86  Code  Gb  zf_device_mt9v03x.o [48]
mt9v03x_read_word_sccb  0x1008'444d    0x28  Code  Lc  zf_device_config_mt9v03x.o [54]
mt9v03x_row             0x2803'5dc4     0x4  Data  Lc  zf_device_config_mt9v03x.o [54]
mt9v03x_sccb_check_id   0x1008'4475    0x60  Code  Gb  zf_device_config_mt9v03x.o [54]
mt9v03x_sccb_init       0x1008'5dc7    0x3c  Code  Gb  zf_device_mt9v03x.o [48]
mt9v03x_sccb_set_config
                        0x1008'44d5   0x6fe  Code  Gb  zf_device_config_mt9v03x.o [54]
mt9v03x_trig_init       0x1008'5d17    0xb0  Code  Lc  zf_device_mt9v03x.o [48]
mt9v03x_v_blank         0x2803'5db4     0x4  Data  Lc  zf_device_config_mt9v03x.o [54]
mt9v03x_write_and_check_word_sccb
                        0x1008'43bb    0x92  Code  Lc  zf_device_config_mt9v03x.o [54]
mt9v03x_write_word_sccb
                        0x1008'4391    0x2a  Code  Lc  zf_device_config_mt9v03x.o [54]
out                     0x1008'3669    0x18  Code  Lc  xprintftiny.o [50]
pwm_all_channel_close   0x1008'384d    0x1a  Code  Gb  zf_driver_pwm.o [49]
scb_module              0x2802'bf60    0x14  Data  Gb  zf_driver_uart.o [49]
soft_iic_init           0x1008'5171    0x78  Code  Gb  zf_driver_soft_iic.o [49]
soft_iic_read_data      0x1008'4f9b   0x10e  Code  Lc  zf_driver_soft_iic.o [49]
soft_iic_sccb_read_register
                        0x1008'5105    0x6c  Code  Gb  zf_driver_soft_iic.o [49]
soft_iic_sccb_write_register
                        0x1008'50b5    0x4c  Code  Gb  zf_driver_soft_iic.o [49]
soft_iic_send_ack       0x1008'4d2d    0xc6  Code  Lc  zf_driver_soft_iic.o [49]
soft_iic_send_data      0x1008'4ec3    0xd8  Code  Lc  zf_driver_soft_iic.o [49]
soft_iic_start          0x1008'4bf1    0x9e  Code  Lc  zf_driver_soft_iic.o [49]
soft_iic_stop           0x1008'4c8f    0x9e  Code  Lc  zf_driver_soft_iic.o [49]
soft_iic_wait_ack       0x1008'4df3    0xd0  Code  Lc  zf_driver_soft_iic.o [49]
spi_get_clk_hsiom       0x1008'0dad    0x28  Code  Lc  zf_driver_spi.o [49]
spi_get_clk_pin         0x1008'0cf1    0x28  Code  Lc  zf_driver_spi.o [49]
spi_get_cs_hsiom        0x1008'0e25    0x44  Code  Lc  zf_driver_spi.o [49]
spi_get_cs_pin          0x1008'0d69    0x44  Code  Lc  zf_driver_spi.o [49]
spi_get_miso_hsiom      0x1008'0dfd    0x28  Code  Lc  zf_driver_spi.o [49]
spi_get_miso_pin        0x1008'0d41    0x28  Code  Lc  zf_driver_spi.o [49]
spi_get_mosi_hsiom      0x1008'0dd5    0x28  Code  Lc  zf_driver_spi.o [49]
spi_get_mosi_pin        0x1008'0d19    0x28  Code  Lc  zf_driver_spi.o [49]
spi_init                0x1008'111d   0x28e  Code  Gb  zf_driver_spi.o [49]
spi_module              0x2802'bf3c    0x10  Data  Gb  zf_driver_spi.o [49]
spi_write_16bit_array   0x1008'104f    0xb6  Code  Gb  zf_driver_spi.o [49]
spi_write_8bit          0x1008'0fa5    0xaa  Code  Gb  zf_driver_spi.o [49]
sprintf                 0x1008'2ad9    0x40  Code  Gb  sprintf.o [50]
strlen                  0x1008'2aa1          Code  Gb  strlen.o [52]
strncmp                 0x1008'6869    0x2a  Code  Gb  strncmp.o [50]
strncpy                 0x1008'4275          Code  Gb  strncpy.o [52]
switch_transition_length
                        0x1008'0e69   0x13c  Code  Lc  zf_driver_spi.o [49]
system_clock            0x2803'5da8     0x4  Data  Gb  zf_common_clock.o [46]
system_delay_init       0x1008'1bb3    0xa6  Code  Gb  zf_driver_delay.o [49]
system_delay_ms         0x1008'1b55    0x5e  Code  Gb  zf_driver_delay.o [49]
tft180_bgcolor          0x2802'bf7a     0x2  Data  Lc  zf_device_tft180.o [48]
tft180_clear            0x1008'0269    0x7c  Code  Gb  zf_device_tft180.o [48]
tft180_debug_init       0x1008'01ff    0x68  Code  Lc  zf_device_tft180.o [48]
tft180_display_dir      0x2803'5dd6     0x1  Data  Lc  zf_device_tft180.o [48]
tft180_display_font     0x2802'bf7f     0x1  Data  Lc  zf_device_tft180.o [48]
tft180_height_max       0x2802'bf76     0x2  Data  Gb  zf_device_tft180.o [48]
tft180_init             0x1008'0761   0x35a  Code  Gb  zf_device_tft180.o [48]
tft180_pencolor         0x2802'bf78     0x2  Data  Lc  zf_device_tft180.o [48]
tft180_set_color        0x1008'031f     0xe  Code  Gb  zf_device_tft180.o [48]
tft180_set_dir          0x1008'02e5    0x3a  Code  Gb  zf_device_tft180.o [48]
tft180_set_region       0x1008'009f   0x160  Code  Lc  zf_device_tft180.o [48]
tft180_show_char        0x1008'032d   0x1f4  Code  Gb  zf_device_tft180.o [48]
tft180_show_gray_image  0x1008'05e5   0x15a  Code  Gb  zf_device_tft180.o [48]
tft180_show_string      0x1008'0521    0xaa  Code  Gb  zf_device_tft180.o [48]
tft180_width_max        0x2802'bf74     0x2  Data  Gb  zf_device_tft180.o [48]
tft180_write_index      0x1008'0081    0x1e  Code  Lc  zf_device_tft180.o [48]
timer_ch                0x2802'bf80     0x1  Data  Lc  zf_driver_delay.o [49]
type_default_callback   0x1008'703d     0x2  Code  Lc  zf_device_type.o [48]
uart0_isr               0x1008'6609    0x40  Code  Gb  cm7_0_isr.o [45]
uart1_isr               0x1008'6649    0x42  Code  Gb  cm7_0_isr.o [45]
uart2_isr               0x1008'668b    0x40  Code  Gb  cm7_0_isr.o [45]
uart3_isr               0x1008'66cb    0x3c  Code  Gb  cm7_0_isr.o [45]
uart4_isr               0x1008'6707    0x42  Code  Gb  cm7_0_isr.o [45]
uart_context            0x2803'59bc   0x118  Data  Gb  zf_driver_uart.o [49]
uart_init               0x1008'28cb   0x190  Code  Gb  zf_driver_uart.o [49]
uart_isr_func           0x2802'bf4c    0x14  Data  Gb  zf_driver_uart.o [49]
uart_query_byte         0x1008'267f    0x32  Code  Gb  zf_driver_uart.o [49]
uart_receiver_handler   0x2802'bf38     0x4  Data  Gb  zf_device_type.o [48]
uart_rx_interrupt       0x1008'27cd    0xfe  Code  Gb  zf_driver_uart.o [49]
uart_tx_interrupt       0x1008'26b1   0x11c  Code  Gb  zf_driver_uart.o [49]
uart_write_byte         0x1008'263b    0x28  Code  Gb  zf_driver_uart.o [49]
uart_write_string       0x1008'2663    0x1c  Code  Gb  zf_driver_uart.o [49]
wireless_module_uart_handler
                        0x2802'bf34     0x4  Data  Gb  zf_device_type.o [48]
zf_debug_assert_enable  0x2802'bf7e     0x1  Data  Lc  zf_common_debug.o [46]
zf_debug_init_flag      0x2803'5dcd     0x1  Data  Lc  zf_common_debug.o [46]


[1] = C:\Users\CSH\Desktop\CYT4BB7_Library-master\Example\Motherboard_Demo\Smart_Car CODE\iar\Debug_m7_0\Obj\adc_11722776235721520015.dir
[2] = C:\Users\CSH\Desktop\CYT4BB7_Library-master\Example\Motherboard_Demo\Smart_Car CODE\iar\Debug_m7_0\Obj\audioss_1346650047966882938.dir
[3] = C:\Users\CSH\Desktop\CYT4BB7_Library-master\Example\Motherboard_Demo\Smart_Car CODE\iar\Debug_m7_0\Obj\button_4990804375159372270.dir
[4] = C:\Users\CSH\Desktop\CYT4BB7_Library-master\Example\Motherboard_Demo\Smart_Car CODE\iar\Debug_m7_0\Obj\canfd_1800690984773873875.dir
[5] = C:\Users\CSH\Desktop\CYT4BB7_Library-master\Example\Motherboard_Demo\Smart_Car CODE\iar\Debug_m7_0\Obj\code_17896468042025673432.dir
[6] = C:\Users\CSH\Desktop\CYT4BB7_Library-master\Example\Motherboard_Demo\Smart_Car CODE\iar\Debug_m7_0\Obj\cpu_15938736945165268644.dir
[7] = C:\Users\CSH\Desktop\CYT4BB7_Library-master\Example\Motherboard_Demo\Smart_Car CODE\iar\Debug_m7_0\Obj\crypto_1190170608956581615.dir
[8] = C:\Users\CSH\Desktop\CYT4BB7_Library-master\Example\Motherboard_Demo\Smart_Car CODE\iar\Debug_m7_0\Obj\dma_12106025507578611576.dir
[9] = C:\Users\CSH\Desktop\CYT4BB7_Library-master\Example\Motherboard_Demo\Smart_Car CODE\iar\Debug_m7_0\Obj\eth_phy_18133017486186456677.dir
[10] = C:\Users\CSH\Desktop\CYT4BB7_Library-master\Example\Motherboard_Demo\Smart_Car CODE\iar\Debug_m7_0\Obj\ethernet_6029839089178797009.dir
[11] = C:\Users\CSH\Desktop\CYT4BB7_Library-master\Example\Motherboard_Demo\Smart_Car CODE\iar\Debug_m7_0\Obj\evtgen_3404189088603873129.dir
[12] = C:\Users\CSH\Desktop\CYT4BB7_Library-master\Example\Motherboard_Demo\Smart_Car CODE\iar\Debug_m7_0\Obj\flash_8529866181315662935.dir
[13] = C:\Users\CSH\Desktop\CYT4BB7_Library-master\Example\Motherboard_Demo\Smart_Car CODE\iar\Debug_m7_0\Obj\flash_864493325053435817.dir
[14] = C:\Users\CSH\Desktop\CYT4BB7_Library-master\Example\Motherboard_Demo\Smart_Car CODE\iar\Debug_m7_0\Obj\gpio_3999404635324069351.dir
[15] = C:\Users\CSH\Desktop\CYT4BB7_Library-master\Example\Motherboard_Demo\Smart_Car CODE\iar\Debug_m7_0\Obj\ipc_10145506163450686023.dir
[16] = C:\Users\CSH\Desktop\CYT4BB7_Library-master\Example\Motherboard_Demo\Smart_Car CODE\iar\Debug_m7_0\Obj\lin_18429031207028094880.dir
[17] = C:\Users\CSH\Desktop\CYT4BB7_Library-master\Example\Motherboard_Demo\Smart_Car CODE\iar\Debug_m7_0\Obj\lvd_6353935867039560245.dir
[18] = C:\Users\CSH\Desktop\CYT4BB7_Library-master\Example\Motherboard_Demo\Smart_Car CODE\iar\Debug_m7_0\Obj\mcwdt_4052485907822033969.dir
[19] = C:\Users\CSH\Desktop\CYT4BB7_Library-master\Example\Motherboard_Demo\Smart_Car CODE\iar\Debug_m7_0\Obj\mpu_5663187252346826382.dir
[20] = C:\Users\CSH\Desktop\CYT4BB7_Library-master\Example\Motherboard_Demo\Smart_Car CODE\iar\Debug_m7_0\Obj\power_14453085144426420577.dir
[21] = C:\Users\CSH\Desktop\CYT4BB7_Library-master\Example\Motherboard_Demo\Smart_Car CODE\iar\Debug_m7_0\Obj\prot_10722960861768657883.dir
[22] = C:\Users\CSH\Desktop\CYT4BB7_Library-master\Example\Motherboard_Demo\Smart_Car CODE\iar\Debug_m7_0\Obj\rev_b_4986922561640112550.dir
[23] = C:\Users\CSH\Desktop\CYT4BB7_Library-master\Example\Motherboard_Demo\Smart_Car CODE\iar\Debug_m7_0\Obj\rev_b_6162237342861132223.dir
[24] = C:\Users\CSH\Desktop\CYT4BB7_Library-master\Example\Motherboard_Demo\Smart_Car CODE\iar\Debug_m7_0\Obj\scb_15490842639181808494.dir
[25] = C:\Users\CSH\Desktop\CYT4BB7_Library-master\Example\Motherboard_Demo\Smart_Car CODE\iar\Debug_m7_0\Obj\sd_host_2982766354293506895.dir
[26] = C:\Users\CSH\Desktop\CYT4BB7_Library-master\Example\Motherboard_Demo\Smart_Car CODE\iar\Debug_m7_0\Obj\semihosting_143864889731838620.dir
[27] = C:\Users\CSH\Desktop\CYT4BB7_Library-master\Example\Motherboard_Demo\Smart_Car CODE\iar\Debug_m7_0\Obj\smartio_5451710003740070188.dir
[28] = C:\Users\CSH\Desktop\CYT4BB7_Library-master\Example\Motherboard_Demo\Smart_Car CODE\iar\Debug_m7_0\Obj\smif_427648126384146252.dir
[29] = C:\Users\CSH\Desktop\CYT4BB7_Library-master\Example\Motherboard_Demo\Smart_Car CODE\iar\Debug_m7_0\Obj\smif_mem_6470536964353725183.dir
[30] = C:\Users\CSH\Desktop\CYT4BB7_Library-master\Example\Motherboard_Demo\Smart_Car CODE\iar\Debug_m7_0\Obj\srom_13018798572330080582.dir
[31] = C:\Users\CSH\Desktop\CYT4BB7_Library-master\Example\Motherboard_Demo\Smart_Car CODE\iar\Debug_m7_0\Obj\startup_479057977785470282.dir
[32] = C:\Users\CSH\Desktop\CYT4BB7_Library-master\Example\Motherboard_Demo\Smart_Car CODE\iar\Debug_m7_0\Obj\sw_timer_4215635015939382130.dir
[33] = C:\Users\CSH\Desktop\CYT4BB7_Library-master\Example\Motherboard_Demo\Smart_Car CODE\iar\Debug_m7_0\Obj\sysclk_16149231235676103872.dir
[34] = C:\Users\CSH\Desktop\CYT4BB7_Library-master\Example\Motherboard_Demo\Smart_Car CODE\iar\Debug_m7_0\Obj\sysflt_12293435975120599261.dir
[35] = C:\Users\CSH\Desktop\CYT4BB7_Library-master\Example\Motherboard_Demo\Smart_Car CODE\iar\Debug_m7_0\Obj\sysint_7435970359207984181.dir
[36] = C:\Users\CSH\Desktop\CYT4BB7_Library-master\Example\Motherboard_Demo\Smart_Car CODE\iar\Debug_m7_0\Obj\syslib_16330585751512546975.dir
[37] = C:\Users\CSH\Desktop\CYT4BB7_Library-master\Example\Motherboard_Demo\Smart_Car CODE\iar\Debug_m7_0\Obj\syspm_10887939769544754770.dir
[38] = C:\Users\CSH\Desktop\CYT4BB7_Library-master\Example\Motherboard_Demo\Smart_Car CODE\iar\Debug_m7_0\Obj\sysreghc_17676636058511625587.dir
[39] = C:\Users\CSH\Desktop\CYT4BB7_Library-master\Example\Motherboard_Demo\Smart_Car CODE\iar\Debug_m7_0\Obj\sysreset_14586141425677365288.dir
[40] = C:\Users\CSH\Desktop\CYT4BB7_Library-master\Example\Motherboard_Demo\Smart_Car CODE\iar\Debug_m7_0\Obj\sysrtc_10747768817563771611.dir
[41] = C:\Users\CSH\Desktop\CYT4BB7_Library-master\Example\Motherboard_Demo\Smart_Car CODE\iar\Debug_m7_0\Obj\systick_16016591671695740695.dir
[42] = C:\Users\CSH\Desktop\CYT4BB7_Library-master\Example\Motherboard_Demo\Smart_Car CODE\iar\Debug_m7_0\Obj\syswdt_9118657615806274156.dir
[43] = C:\Users\CSH\Desktop\CYT4BB7_Library-master\Example\Motherboard_Demo\Smart_Car CODE\iar\Debug_m7_0\Obj\tcpwm_422923530147891246.dir
[44] = C:\Users\CSH\Desktop\CYT4BB7_Library-master\Example\Motherboard_Demo\Smart_Car CODE\iar\Debug_m7_0\Obj\trigmux_9729677290734583340.dir
[45] = C:\Users\CSH\Desktop\CYT4BB7_Library-master\Example\Motherboard_Demo\Smart_Car CODE\iar\Debug_m7_0\Obj\user_8514941877209965082.dir
[46] = C:\Users\CSH\Desktop\CYT4BB7_Library-master\Example\Motherboard_Demo\Smart_Car CODE\iar\Debug_m7_0\Obj\zf_common_1201165462030747823.dir
[47] = C:\Users\CSH\Desktop\CYT4BB7_Library-master\Example\Motherboard_Demo\Smart_Car CODE\iar\Debug_m7_0\Obj\zf_components_14936052685886095442.dir
[48] = C:\Users\CSH\Desktop\CYT4BB7_Library-master\Example\Motherboard_Demo\Smart_Car CODE\iar\Debug_m7_0\Obj\zf_device_6570275422786408770.dir
[49] = C:\Users\CSH\Desktop\CYT4BB7_Library-master\Example\Motherboard_Demo\Smart_Car CODE\iar\Debug_m7_0\Obj\zf_driver_11922370083829174090.dir
[50] = dl7M_tln.a
[51] = m7M_tlv.a
[52] = rt7M_tl.a
[53] = shb_l.a
[54] = zf_device_config.a

  25'386 bytes of readonly  code memory
   3'447 bytes of readonly  data memory
  51'728 bytes of readwrite data memory (+ 22'560 absolute)

Errors: none
Warnings: none
