###############################################################################
#
# IAR ELF Linker V9.40.1.364/W64 for ARM                  13/May/2025  20:41:20
# Copyright 2007-2023 IAR Systems AB.
#
#    Output file  =
#        C:\Users\jty\Desktop\CYT4BB7_Library-master\CYT4BB7_Library-master\Example\Coreboard_Demo\Car00\iar\Debug_m7_0\Exe\cyt4bb7_cm_7_0.out
#    Map file     =
#        C:\Users\jty\Desktop\CYT4BB7_Library-master\CYT4BB7_Library-master\Example\Coreboard_Demo\Car00\iar\Debug_m7_0\List\cyt4bb7_cm_7_0.map
#    Command line =
#        -f
#        C:\Users\jty\Desktop\CYT4BB7_Library-master\CYT4BB7_Library-master\Example\Coreboard_Demo\Car00\iar\Debug_m7_0\Exe\cyt4bb7_cm_7_0.out.rsp
#        (C:\Users\jty\Desktop\CYT4BB7_Library-master\CYT4BB7_Library-master\Example\Coreboard_Demo\Car00\iar\Debug_m7_0\Obj\code_17896468042025673432.dir\Camera.o
#        C:\Users\jty\Desktop\CYT4BB7_Library-master\CYT4BB7_Library-master\Example\Coreboard_Demo\Car00\iar\Debug_m7_0\Obj\user_8514941877209965082.dir\cm7_0_isr.o
#        C:\Users\jty\Desktop\CYT4BB7_Library-master\CYT4BB7_Library-master\Example\Coreboard_Demo\Car00\iar\Debug_m7_0\Obj\code_17896468042025673432.dir\control.o
#        C:\Users\jty\Desktop\CYT4BB7_Library-master\CYT4BB7_Library-master\Example\Coreboard_Demo\Car00\iar\Debug_m7_0\Obj\adc_11722776235721520015.dir\cy_adc.o
#        C:\Users\jty\Desktop\CYT4BB7_Library-master\CYT4BB7_Library-master\Example\Coreboard_Demo\Car00\iar\Debug_m7_0\Obj\button_4990804375159372270.dir\cy_button.o
#        C:\Users\jty\Desktop\CYT4BB7_Library-master\CYT4BB7_Library-master\Example\Coreboard_Demo\Car00\iar\Debug_m7_0\Obj\canfd_1800690984773873875.dir\cy_canfd.o
#        C:\Users\jty\Desktop\CYT4BB7_Library-master\CYT4BB7_Library-master\Example\Coreboard_Demo\Car00\iar\Debug_m7_0\Obj\cpu_15938736945165268644.dir\cy_cpu.o
#        C:\Users\jty\Desktop\CYT4BB7_Library-master\CYT4BB7_Library-master\Example\Coreboard_Demo\Car00\iar\Debug_m7_0\Obj\crypto_1190170608956581615.dir\cy_crypto_config.o
#        C:\Users\jty\Desktop\CYT4BB7_Library-master\CYT4BB7_Library-master\Example\Coreboard_Demo\Car00\iar\Debug_m7_0\Obj\eth_phy_18133017486186456677.dir\cy_dp83867.o
#        C:\Users\jty\Desktop\CYT4BB7_Library-master\CYT4BB7_Library-master\Example\Coreboard_Demo\Car00\iar\Debug_m7_0\Obj\ethernet_6029839089178797009.dir\cy_ethif.o
#        C:\Users\jty\Desktop\CYT4BB7_Library-master\CYT4BB7_Library-master\Example\Coreboard_Demo\Car00\iar\Debug_m7_0\Obj\evtgen_3404189088603873129.dir\cy_evtgen.o
#        C:\Users\jty\Desktop\CYT4BB7_Library-master\CYT4BB7_Library-master\Example\Coreboard_Demo\Car00\iar\Debug_m7_0\Obj\flash_8529866181315662935.dir\cy_flash.o
#        C:\Users\jty\Desktop\CYT4BB7_Library-master\CYT4BB7_Library-master\Example\Coreboard_Demo\Car00\iar\Debug_m7_0\Obj\gpio_3999404635324069351.dir\cy_gpio.o
#        C:\Users\jty\Desktop\CYT4BB7_Library-master\CYT4BB7_Library-master\Example\Coreboard_Demo\Car00\iar\Debug_m7_0\Obj\audioss_1346650047966882938.dir\cy_i2s.o
#        C:\Users\jty\Desktop\CYT4BB7_Library-master\CYT4BB7_Library-master\Example\Coreboard_Demo\Car00\iar\Debug_m7_0\Obj\rev_b_6162237342861132223.dir\cy_interrupt_map.o
#        C:\Users\jty\Desktop\CYT4BB7_Library-master\CYT4BB7_Library-master\Example\Coreboard_Demo\Car00\iar\Debug_m7_0\Obj\ipc_10145506163450686023.dir\cy_ipc_drv.o
#        C:\Users\jty\Desktop\CYT4BB7_Library-master\CYT4BB7_Library-master\Example\Coreboard_Demo\Car00\iar\Debug_m7_0\Obj\ipc_10145506163450686023.dir\cy_ipc_pipe.o
#        C:\Users\jty\Desktop\CYT4BB7_Library-master\CYT4BB7_Library-master\Example\Coreboard_Demo\Car00\iar\Debug_m7_0\Obj\ipc_10145506163450686023.dir\cy_ipc_sema.o
#        C:\Users\jty\Desktop\CYT4BB7_Library-master\CYT4BB7_Library-master\Example\Coreboard_Demo\Car00\iar\Debug_m7_0\Obj\lin_18429031207028094880.dir\cy_lin.o
#        C:\Users\jty\Desktop\CYT4BB7_Library-master\CYT4BB7_Library-master\Example\Coreboard_Demo\Car00\iar\Debug_m7_0\Obj\lvd_6353935867039560245.dir\cy_lvd.o
#        C:\Users\jty\Desktop\CYT4BB7_Library-master\CYT4BB7_Library-master\Example\Coreboard_Demo\Car00\iar\Debug_m7_0\Obj\mcwdt_4052485907822033969.dir\cy_mcwdt.o
#        C:\Users\jty\Desktop\CYT4BB7_Library-master\CYT4BB7_Library-master\Example\Coreboard_Demo\Car00\iar\Debug_m7_0\Obj\dma_12106025507578611576.dir\cy_mdma.o
#        C:\Users\jty\Desktop\CYT4BB7_Library-master\CYT4BB7_Library-master\Example\Coreboard_Demo\Car00\iar\Debug_m7_0\Obj\mpu_5663187252346826382.dir\cy_mpu.o
#        C:\Users\jty\Desktop\CYT4BB7_Library-master\CYT4BB7_Library-master\Example\Coreboard_Demo\Car00\iar\Debug_m7_0\Obj\flash_864493325053435817.dir\cy_mw_flash.o
#        C:\Users\jty\Desktop\CYT4BB7_Library-master\CYT4BB7_Library-master\Example\Coreboard_Demo\Car00\iar\Debug_m7_0\Obj\dma_12106025507578611576.dir\cy_pdma.o
#        C:\Users\jty\Desktop\CYT4BB7_Library-master\CYT4BB7_Library-master\Example\Coreboard_Demo\Car00\iar\Debug_m7_0\Obj\power_14453085144426420577.dir\cy_power.o
#        C:\Users\jty\Desktop\CYT4BB7_Library-master\CYT4BB7_Library-master\Example\Coreboard_Demo\Car00\iar\Debug_m7_0\Obj\prot_10722960861768657883.dir\cy_prot.o
#        C:\Users\jty\Desktop\CYT4BB7_Library-master\CYT4BB7_Library-master\Example\Coreboard_Demo\Car00\iar\Debug_m7_0\Obj\scb_15490842639181808494.dir\cy_scb_common.o
#        C:\Users\jty\Desktop\CYT4BB7_Library-master\CYT4BB7_Library-master\Example\Coreboard_Demo\Car00\iar\Debug_m7_0\Obj\scb_15490842639181808494.dir\cy_scb_ezi2c.o
#        C:\Users\jty\Desktop\CYT4BB7_Library-master\CYT4BB7_Library-master\Example\Coreboard_Demo\Car00\iar\Debug_m7_0\Obj\scb_15490842639181808494.dir\cy_scb_i2c.o
#        C:\Users\jty\Desktop\CYT4BB7_Library-master\CYT4BB7_Library-master\Example\Coreboard_Demo\Car00\iar\Debug_m7_0\Obj\scb_15490842639181808494.dir\cy_scb_spi.o
#        C:\Users\jty\Desktop\CYT4BB7_Library-master\CYT4BB7_Library-master\Example\Coreboard_Demo\Car00\iar\Debug_m7_0\Obj\scb_15490842639181808494.dir\cy_scb_uart.o
#        C:\Users\jty\Desktop\CYT4BB7_Library-master\CYT4BB7_Library-master\Example\Coreboard_Demo\Car00\iar\Debug_m7_0\Obj\sd_host_2982766354293506895.dir\cy_sd_host.o
#        C:\Users\jty\Desktop\CYT4BB7_Library-master\CYT4BB7_Library-master\Example\Coreboard_Demo\Car00\iar\Debug_m7_0\Obj\semihosting_143864889731838620.dir\cy_semihosting.o
#        C:\Users\jty\Desktop\CYT4BB7_Library-master\CYT4BB7_Library-master\Example\Coreboard_Demo\Car00\iar\Debug_m7_0\Obj\smartio_5451710003740070188.dir\cy_smartio.o
#        C:\Users\jty\Desktop\CYT4BB7_Library-master\CYT4BB7_Library-master\Example\Coreboard_Demo\Car00\iar\Debug_m7_0\Obj\smif_427648126384146252.dir\cy_smif.o
#        C:\Users\jty\Desktop\CYT4BB7_Library-master\CYT4BB7_Library-master\Example\Coreboard_Demo\Car00\iar\Debug_m7_0\Obj\smif_mem_6470536964353725183.dir\cy_smif_device_common.o
#        C:\Users\jty\Desktop\CYT4BB7_Library-master\CYT4BB7_Library-master\Example\Coreboard_Demo\Car00\iar\Debug_m7_0\Obj\smif_mem_6470536964353725183.dir\cy_smif_hb_flash.o
#        C:\Users\jty\Desktop\CYT4BB7_Library-master\CYT4BB7_Library-master\Example\Coreboard_Demo\Car00\iar\Debug_m7_0\Obj\smif_427648126384146252.dir\cy_smif_memslot.o
#        C:\Users\jty\Desktop\CYT4BB7_Library-master\CYT4BB7_Library-master\Example\Coreboard_Demo\Car00\iar\Debug_m7_0\Obj\smif_mem_6470536964353725183.dir\cy_smif_s25fl.o
#        C:\Users\jty\Desktop\CYT4BB7_Library-master\CYT4BB7_Library-master\Example\Coreboard_Demo\Car00\iar\Debug_m7_0\Obj\smif_mem_6470536964353725183.dir\cy_smif_s25fs.o
#        C:\Users\jty\Desktop\CYT4BB7_Library-master\CYT4BB7_Library-master\Example\Coreboard_Demo\Car00\iar\Debug_m7_0\Obj\smif_mem_6470536964353725183.dir\cy_smif_semp.o
#        C:\Users\jty\Desktop\CYT4BB7_Library-master\CYT4BB7_Library-master\Example\Coreboard_Demo\Car00\iar\Debug_m7_0\Obj\smif_427648126384146252.dir\cy_smif_ver_specific.o
#        C:\Users\jty\Desktop\CYT4BB7_Library-master\CYT4BB7_Library-master\Example\Coreboard_Demo\Car00\iar\Debug_m7_0\Obj\srom_13018798572330080582.dir\cy_srom.o
#        C:\Users\jty\Desktop\CYT4BB7_Library-master\CYT4BB7_Library-master\Example\Coreboard_Demo\Car00\iar\Debug_m7_0\Obj\sw_timer_4215635015939382130.dir\cy_sw_tmr.o
#        C:\Users\jty\Desktop\CYT4BB7_Library-master\CYT4BB7_Library-master\Example\Coreboard_Demo\Car00\iar\Debug_m7_0\Obj\sysclk_16149231235676103872.dir\cy_sysclk.o
#        C:\Users\jty\Desktop\CYT4BB7_Library-master\CYT4BB7_Library-master\Example\Coreboard_Demo\Car00\iar\Debug_m7_0\Obj\sysflt_12293435975120599261.dir\cy_sysflt.o
#        C:\Users\jty\Desktop\CYT4BB7_Library-master\CYT4BB7_Library-master\Example\Coreboard_Demo\Car00\iar\Debug_m7_0\Obj\sysint_7435970359207984181.dir\cy_sysint.o
#        C:\Users\jty\Desktop\CYT4BB7_Library-master\CYT4BB7_Library-master\Example\Coreboard_Demo\Car00\iar\Debug_m7_0\Obj\syslib_16330585751512546975.dir\cy_syslib.o
#        C:\Users\jty\Desktop\CYT4BB7_Library-master\CYT4BB7_Library-master\Example\Coreboard_Demo\Car00\iar\Debug_m7_0\Obj\syslib_16330585751512546975.dir\cy_syslib_iar.o
#        C:\Users\jty\Desktop\CYT4BB7_Library-master\CYT4BB7_Library-master\Example\Coreboard_Demo\Car00\iar\Debug_m7_0\Obj\syspm_10887939769544754770.dir\cy_syspm.o
#        C:\Users\jty\Desktop\CYT4BB7_Library-master\CYT4BB7_Library-master\Example\Coreboard_Demo\Car00\iar\Debug_m7_0\Obj\sysreghc_17676636058511625587.dir\cy_sysreghc.o
#        C:\Users\jty\Desktop\CYT4BB7_Library-master\CYT4BB7_Library-master\Example\Coreboard_Demo\Car00\iar\Debug_m7_0\Obj\sysreset_14586141425677365288.dir\cy_sysreset.o
#        C:\Users\jty\Desktop\CYT4BB7_Library-master\CYT4BB7_Library-master\Example\Coreboard_Demo\Car00\iar\Debug_m7_0\Obj\sysrtc_10747768817563771611.dir\cy_sysrtc.o
#        C:\Users\jty\Desktop\CYT4BB7_Library-master\CYT4BB7_Library-master\Example\Coreboard_Demo\Car00\iar\Debug_m7_0\Obj\systick_16016591671695740695.dir\cy_systick.o
#        C:\Users\jty\Desktop\CYT4BB7_Library-master\CYT4BB7_Library-master\Example\Coreboard_Demo\Car00\iar\Debug_m7_0\Obj\syswdt_9118657615806274156.dir\cy_syswdt.o
#        C:\Users\jty\Desktop\CYT4BB7_Library-master\CYT4BB7_Library-master\Example\Coreboard_Demo\Car00\iar\Debug_m7_0\Obj\tcpwm_422923530147891246.dir\cy_tcpwm.o
#        C:\Users\jty\Desktop\CYT4BB7_Library-master\CYT4BB7_Library-master\Example\Coreboard_Demo\Car00\iar\Debug_m7_0\Obj\tcpwm_422923530147891246.dir\cy_tcpwm_counter.o
#        C:\Users\jty\Desktop\CYT4BB7_Library-master\CYT4BB7_Library-master\Example\Coreboard_Demo\Car00\iar\Debug_m7_0\Obj\tcpwm_422923530147891246.dir\cy_tcpwm_pwm.o
#        C:\Users\jty\Desktop\CYT4BB7_Library-master\CYT4BB7_Library-master\Example\Coreboard_Demo\Car00\iar\Debug_m7_0\Obj\tcpwm_422923530147891246.dir\cy_tcpwm_quaddec.o
#        C:\Users\jty\Desktop\CYT4BB7_Library-master\CYT4BB7_Library-master\Example\Coreboard_Demo\Car00\iar\Debug_m7_0\Obj\tcpwm_422923530147891246.dir\cy_tcpwm_sr.o
#        C:\Users\jty\Desktop\CYT4BB7_Library-master\CYT4BB7_Library-master\Example\Coreboard_Demo\Car00\iar\Debug_m7_0\Obj\trigmux_9729677290734583340.dir\cy_trigmux.o
#        C:\Users\jty\Desktop\CYT4BB7_Library-master\CYT4BB7_Library-master\Example\Coreboard_Demo\Car00\iar\Debug_m7_0\Obj\ethernet_6029839089178797009.dir\edd.o
#        C:\Users\jty\Desktop\CYT4BB7_Library-master\CYT4BB7_Library-master\Example\Coreboard_Demo\Car00\iar\Debug_m7_0\Obj\ethernet_6029839089178797009.dir\edd_rx.o
#        C:\Users\jty\Desktop\CYT4BB7_Library-master\CYT4BB7_Library-master\Example\Coreboard_Demo\Car00\iar\Debug_m7_0\Obj\ethernet_6029839089178797009.dir\edd_tx.o
#        C:\Users\jty\Desktop\CYT4BB7_Library-master\CYT4BB7_Library-master\Example\Coreboard_Demo\Car00\iar\Debug_m7_0\Obj\code_17896468042025673432.dir\Follow_Line.o
#        C:\Users\jty\Desktop\CYT4BB7_Library-master\CYT4BB7_Library-master\Example\Coreboard_Demo\Car00\iar\Debug_m7_0\Obj\code_17896468042025673432.dir\GET_ANGLE.o
#        C:\Users\jty\Desktop\CYT4BB7_Library-master\CYT4BB7_Library-master\Example\Coreboard_Demo\Car00\iar\Debug_m7_0\Obj\user_8514941877209965082.dir\main_cm7_0.o
#        C:\Users\jty\Desktop\CYT4BB7_Library-master\CYT4BB7_Library-master\Example\Coreboard_Demo\Car00\iar\Debug_m7_0\Obj\code_17896468042025673432.dir\motor.o
#        C:\Users\jty\Desktop\CYT4BB7_Library-master\CYT4BB7_Library-master\Example\Coreboard_Demo\Car00\iar\Debug_m7_0\Obj\zf_components_14936052685886095442.dir\seekfree_assistant.o
#        C:\Users\jty\Desktop\CYT4BB7_Library-master\CYT4BB7_Library-master\Example\Coreboard_Demo\Car00\iar\Debug_m7_0\Obj\zf_components_14936052685886095442.dir\seekfree_assistant_interface.o
#        C:\Users\jty\Desktop\CYT4BB7_Library-master\CYT4BB7_Library-master\Example\Coreboard_Demo\Car00\iar\Debug_m7_0\Obj\startup_479057977785470282.dir\startup.o
#        C:\Users\jty\Desktop\CYT4BB7_Library-master\CYT4BB7_Library-master\Example\Coreboard_Demo\Car00\iar\Debug_m7_0\Obj\startup_479057977785470282.dir\startup_cm7.o
#        C:\Users\jty\Desktop\CYT4BB7_Library-master\CYT4BB7_Library-master\Example\Coreboard_Demo\Car00\iar\Debug_m7_0\Obj\rev_b_4986922561640112550.dir\system_tviibh4m_cm7.o
#        C:\Users\jty\Desktop\CYT4BB7_Library-master\CYT4BB7_Library-master\Example\Coreboard_Demo\Car00\iar\Debug_m7_0\Obj\zf_common_1201165462030747823.dir\zf_common_clock.o
#        C:\Users\jty\Desktop\CYT4BB7_Library-master\CYT4BB7_Library-master\Example\Coreboard_Demo\Car00\iar\Debug_m7_0\Obj\zf_common_1201165462030747823.dir\zf_common_debug.o
#        C:\Users\jty\Desktop\CYT4BB7_Library-master\CYT4BB7_Library-master\Example\Coreboard_Demo\Car00\iar\Debug_m7_0\Obj\zf_common_1201165462030747823.dir\zf_common_fifo.o
#        C:\Users\jty\Desktop\CYT4BB7_Library-master\CYT4BB7_Library-master\Example\Coreboard_Demo\Car00\iar\Debug_m7_0\Obj\zf_common_1201165462030747823.dir\zf_common_font.o
#        C:\Users\jty\Desktop\CYT4BB7_Library-master\CYT4BB7_Library-master\Example\Coreboard_Demo\Car00\iar\Debug_m7_0\Obj\zf_common_1201165462030747823.dir\zf_common_function.o
#        C:\Users\jty\Desktop\CYT4BB7_Library-master\CYT4BB7_Library-master\Example\Coreboard_Demo\Car00\iar\Debug_m7_0\Obj\zf_common_1201165462030747823.dir\zf_common_interrupt.o
#        C:\Users\jty\Desktop\CYT4BB7_Library-master\CYT4BB7_Library-master\Example\Coreboard_Demo\Car00\iar\Debug_m7_0\Obj\zf_device_6570275422786408770.dir\zf_device_ble6a20.o
#        C:\Users\jty\Desktop\CYT4BB7_Library-master\CYT4BB7_Library-master\Example\Coreboard_Demo\Car00\iar\Debug_m7_0\Obj\zf_device_6570275422786408770.dir\zf_device_dl1a.o
#        C:\Users\jty\Desktop\CYT4BB7_Library-master\CYT4BB7_Library-master\Example\Coreboard_Demo\Car00\iar\Debug_m7_0\Obj\zf_device_6570275422786408770.dir\zf_device_dl1b.o
#        C:\Users\jty\Desktop\CYT4BB7_Library-master\CYT4BB7_Library-master\Example\Coreboard_Demo\Car00\iar\Debug_m7_0\Obj\zf_device_6570275422786408770.dir\zf_device_gnss.o
#        C:\Users\jty\Desktop\CYT4BB7_Library-master\CYT4BB7_Library-master\Example\Coreboard_Demo\Car00\iar\Debug_m7_0\Obj\zf_device_6570275422786408770.dir\zf_device_icm20602.o
#        C:\Users\jty\Desktop\CYT4BB7_Library-master\CYT4BB7_Library-master\Example\Coreboard_Demo\Car00\iar\Debug_m7_0\Obj\zf_device_6570275422786408770.dir\zf_device_imu660ra.o
#        C:\Users\jty\Desktop\CYT4BB7_Library-master\CYT4BB7_Library-master\Example\Coreboard_Demo\Car00\iar\Debug_m7_0\Obj\zf_device_6570275422786408770.dir\zf_device_imu963ra.o
#        C:\Users\jty\Desktop\CYT4BB7_Library-master\CYT4BB7_Library-master\Example\Coreboard_Demo\Car00\iar\Debug_m7_0\Obj\zf_device_6570275422786408770.dir\zf_device_ips114.o
#        C:\Users\jty\Desktop\CYT4BB7_Library-master\CYT4BB7_Library-master\Example\Coreboard_Demo\Car00\iar\Debug_m7_0\Obj\zf_device_6570275422786408770.dir\zf_device_ips200.o
#        C:\Users\jty\Desktop\CYT4BB7_Library-master\CYT4BB7_Library-master\Example\Coreboard_Demo\Car00\iar\Debug_m7_0\Obj\zf_device_6570275422786408770.dir\zf_device_key.o
#        C:\Users\jty\Desktop\CYT4BB7_Library-master\CYT4BB7_Library-master\Example\Coreboard_Demo\Car00\iar\Debug_m7_0\Obj\zf_device_6570275422786408770.dir\zf_device_menc15a.o
#        C:\Users\jty\Desktop\CYT4BB7_Library-master\CYT4BB7_Library-master\Example\Coreboard_Demo\Car00\iar\Debug_m7_0\Obj\zf_device_6570275422786408770.dir\zf_device_mt9v03x.o
#        C:\Users\jty\Desktop\CYT4BB7_Library-master\CYT4BB7_Library-master\Example\Coreboard_Demo\Car00\iar\Debug_m7_0\Obj\zf_device_6570275422786408770.dir\zf_device_oled.o
#        C:\Users\jty\Desktop\CYT4BB7_Library-master\CYT4BB7_Library-master\Example\Coreboard_Demo\Car00\iar\Debug_m7_0\Obj\zf_device_6570275422786408770.dir\zf_device_tft180.o
#        C:\Users\jty\Desktop\CYT4BB7_Library-master\CYT4BB7_Library-master\Example\Coreboard_Demo\Car00\iar\Debug_m7_0\Obj\zf_device_6570275422786408770.dir\zf_device_tsl1401.o
#        C:\Users\jty\Desktop\CYT4BB7_Library-master\CYT4BB7_Library-master\Example\Coreboard_Demo\Car00\iar\Debug_m7_0\Obj\zf_device_6570275422786408770.dir\zf_device_type.o
#        C:\Users\jty\Desktop\CYT4BB7_Library-master\CYT4BB7_Library-master\Example\Coreboard_Demo\Car00\iar\Debug_m7_0\Obj\zf_device_6570275422786408770.dir\zf_device_uart_receiver.o
#        C:\Users\jty\Desktop\CYT4BB7_Library-master\CYT4BB7_Library-master\Example\Coreboard_Demo\Car00\iar\Debug_m7_0\Obj\zf_device_6570275422786408770.dir\zf_device_wifi_spi.o
#        C:\Users\jty\Desktop\CYT4BB7_Library-master\CYT4BB7_Library-master\Example\Coreboard_Demo\Car00\iar\Debug_m7_0\Obj\zf_device_6570275422786408770.dir\zf_device_wifi_uart.o
#        C:\Users\jty\Desktop\CYT4BB7_Library-master\CYT4BB7_Library-master\Example\Coreboard_Demo\Car00\iar\Debug_m7_0\Obj\zf_device_6570275422786408770.dir\zf_device_wireless_uart.o
#        C:\Users\jty\Desktop\CYT4BB7_Library-master\CYT4BB7_Library-master\Example\Coreboard_Demo\Car00\iar\Debug_m7_0\Obj\zf_driver_11922370083829174090.dir\zf_driver_adc.o
#        C:\Users\jty\Desktop\CYT4BB7_Library-master\CYT4BB7_Library-master\Example\Coreboard_Demo\Car00\iar\Debug_m7_0\Obj\zf_driver_11922370083829174090.dir\zf_driver_delay.o
#        C:\Users\jty\Desktop\CYT4BB7_Library-master\CYT4BB7_Library-master\Example\Coreboard_Demo\Car00\iar\Debug_m7_0\Obj\zf_driver_11922370083829174090.dir\zf_driver_dma.o
#        C:\Users\jty\Desktop\CYT4BB7_Library-master\CYT4BB7_Library-master\Example\Coreboard_Demo\Car00\iar\Debug_m7_0\Obj\zf_driver_11922370083829174090.dir\zf_driver_encoder.o
#        C:\Users\jty\Desktop\CYT4BB7_Library-master\CYT4BB7_Library-master\Example\Coreboard_Demo\Car00\iar\Debug_m7_0\Obj\zf_driver_11922370083829174090.dir\zf_driver_exti.o
#        C:\Users\jty\Desktop\CYT4BB7_Library-master\CYT4BB7_Library-master\Example\Coreboard_Demo\Car00\iar\Debug_m7_0\Obj\zf_driver_11922370083829174090.dir\zf_driver_flash.o
#        C:\Users\jty\Desktop\CYT4BB7_Library-master\CYT4BB7_Library-master\Example\Coreboard_Demo\Car00\iar\Debug_m7_0\Obj\zf_driver_11922370083829174090.dir\zf_driver_gpio.o
#        C:\Users\jty\Desktop\CYT4BB7_Library-master\CYT4BB7_Library-master\Example\Coreboard_Demo\Car00\iar\Debug_m7_0\Obj\zf_driver_11922370083829174090.dir\zf_driver_ipc.o
#        C:\Users\jty\Desktop\CYT4BB7_Library-master\CYT4BB7_Library-master\Example\Coreboard_Demo\Car00\iar\Debug_m7_0\Obj\zf_driver_11922370083829174090.dir\zf_driver_pit.o
#        C:\Users\jty\Desktop\CYT4BB7_Library-master\CYT4BB7_Library-master\Example\Coreboard_Demo\Car00\iar\Debug_m7_0\Obj\zf_driver_11922370083829174090.dir\zf_driver_pwm.o
#        C:\Users\jty\Desktop\CYT4BB7_Library-master\CYT4BB7_Library-master\Example\Coreboard_Demo\Car00\iar\Debug_m7_0\Obj\zf_driver_11922370083829174090.dir\zf_driver_soft_iic.o
#        C:\Users\jty\Desktop\CYT4BB7_Library-master\CYT4BB7_Library-master\Example\Coreboard_Demo\Car00\iar\Debug_m7_0\Obj\zf_driver_11922370083829174090.dir\zf_driver_soft_spi.o
#        C:\Users\jty\Desktop\CYT4BB7_Library-master\CYT4BB7_Library-master\Example\Coreboard_Demo\Car00\iar\Debug_m7_0\Obj\zf_driver_11922370083829174090.dir\zf_driver_spi.o
#        C:\Users\jty\Desktop\CYT4BB7_Library-master\CYT4BB7_Library-master\Example\Coreboard_Demo\Car00\iar\Debug_m7_0\Obj\zf_driver_11922370083829174090.dir\zf_driver_timer.o
#        C:\Users\jty\Desktop\CYT4BB7_Library-master\CYT4BB7_Library-master\Example\Coreboard_Demo\Car00\iar\Debug_m7_0\Obj\zf_driver_11922370083829174090.dir\zf_driver_uart.o
#        --no_out_extension -o
#        C:\Users\jty\Desktop\CYT4BB7_Library-master\CYT4BB7_Library-master\Example\Coreboard_Demo\Car00\iar\Debug_m7_0\Exe\cyt4bb7_cm_7_0.out
#        --config_def _CORE_cm7_0_=0 --config_def _LINK_flash_=0 --map
#        C:\Users\jty\Desktop\CYT4BB7_Library-master\CYT4BB7_Library-master\Example\Coreboard_Demo\Car00\iar\Debug_m7_0\List\cyt4bb7_cm_7_0.map
#        --config
#        C:\Users\jty\Desktop\CYT4BB7_Library-master\CYT4BB7_Library-master\Example\Coreboard_Demo\Car00\iar\project_config\..\icf\linker_directives_tviibh.icf
#        --semihosting
#        C:\Users\jty\Desktop\CYT4BB7_Library-master\CYT4BB7_Library-master\Example\Coreboard_Demo\Car00\iar\project_config\..\..\..\libraries\sdk\tviibh4m\src\drivers\crypto\libs\libcrypto_server_cm0plus_iar.a
#        C:\Users\jty\Desktop\CYT4BB7_Library-master\CYT4BB7_Library-master\Example\Coreboard_Demo\Car00\iar\project_config\..\..\..\libraries\zf_device\zf_device_config.a
#        C:\Users\jty\Desktop\CYT4BB7_Library-master\CYT4BB7_Library-master\Example\Coreboard_Demo\Car00\iar\project_config\..\..\..\libraries\sdk\common\hdr\cmsis\dsp\iar_cortexM7lf_math.a
#        --entry __iar_program_start --vfe --text_out locale --cpu=Cortex-M7
#        --fpu=VFPv5_d16) --dependencies=n
#        C:\Users\jty\Desktop\CYT4BB7_Library-master\CYT4BB7_Library-master\Example\Coreboard_Demo\Car00\iar\Debug_m7_0\Exe\cyt4bb7_cm_7_0.out.iar_deps
#
###############################################################################

*******************************************************************************
*** RUNTIME MODEL ATTRIBUTES
***

CppFlavor       = *
__CPP_Runtime   = 1
__SystemLibrary = DLib
__dlib_version  = 6


*******************************************************************************
*** HEAP SELECTION
***

The basic heap was selected because --advanced_heap
was not specified and the application did not appear to
be primarily optimized for speed.


*******************************************************************************
*** PLACEMENT SUMMARY
***

"A0":  place at start of [from 0x1008'0000 to 0x1027'ffff] { section .intvec };
"P1":  place in [from 0x1008'0000 to 0x1027'ffff] { ro };
"P2":  place in [from 0x2802'0000 to 0x2807'ffff] { rw };
define block HEAP with size = 1K, alignment = 8 { };
define block CSTACK with size = 8K, alignment = 8 { };
define block HEAP_STACK { block HEAP, last block CSTACK };
"A1":  place at end of [from 0x2802'0000 to 0x2807'ffff] { block HEAP_STACK };
do not initialize { section .intvec_ram };
initialize by copy { rw };

No sections matched the following patterns:

  ro section .sflash_app_prot  in "P6"
  ro section .sflash_nar       in "P4"
  ro section .sflash_pkey      in "P5"
  ro section .sflash_toc2      in "P7"
  ro section .sflash_uf_rows   in "P3"
  ro section .work_flash       in "P8"
  section .global_ram_data     in "P9"


  Section            Kind         Address    Size  Object
  -------            ----         -------    ----  ------
"A0":                                        0x80
  .intvec            ro code  0x1008'0000    0x80  startup_cm7.o [31]
                            - 0x1008'0080    0x80

"P1":                                      0xdd7c
  .rodata            const    0x1008'0080  0x2000  zf_device_config.o [54]
  .text              ro code  0x1008'2080  0x135c  GET_ANGLE.o [5]
  .text              ro code  0x1008'33dc   0x1a4  tan32.o [51]
  .text              ro code  0x1008'3580   0x1d0  cos_sin32.o [51]
  .text              ro code  0x1008'3750   0x16c  zf_device_imu963ra.o [48]
  .text              ro code  0x1008'38bc   0x284  zf_driver_delay.o [49]
  .text              ro code  0x1008'3b40   0x258  zf_device_imu660ra.o [48]
  .text              ro code  0x1008'3d98    0x6a  atan2f.o [51]
  .text              ro code  0x1008'3e02    0x7e  lz77_init_single.o [52]
  .text              ro code  0x1008'3e80    0x5c  asinf.o [51]
  .text              ro code  0x1008'3edc    0x1e  sqrtf.o [51]
  .text              ro code  0x1008'3efa     0xa  xsprout.o [50]
  .text              ro code  0x1008'3f04   0xd34  zf_driver_spi.o [49]
  .text              ro code  0x1008'4c38   0x1ae  cy_tcpwm_counter.o [43]
  .text              ro code  0x1008'4de8    0x66  ABImemset.o [52]
  .text              ro code  0x1008'4e4e     0xc  cy_tcpwm.o [43]
  .text              ro code  0x1008'4e5c   0x17c  zf_driver_gpio.o [49]
  .text              ro code  0x1008'4fd8   0x444  zf_common_debug.o [46]
  .text              ro code  0x1008'541c    0xa4  xatanf.o [51]
  .text              ro code  0x1008'54c0   0x230  I64DivMod.o [52]
  .text              ro code  0x1008'56f0   0x194  cy_gpio.o [14]
  .text              ro code  0x1008'5884   0x1f0  cy_scb_spi.o [24]
  .text              ro code  0x1008'5a74   0x808  zf_driver_uart.o [49]
  .text              ro code  0x1008'627c    0x36  strlen.o [52]
  .text              ro code  0x1008'62b4    0x40  sprintf.o [50]
  .text              ro code  0x1008'62f4   0x448  zf_common_fifo.o [46]
  .text              ro code  0x1008'673c    0xe2  zf_common_interrupt.o [46]
  .text              ro code  0x1008'6820     0x2  I64DivZer.o [52]
  .text              ro code  0x1008'6824     0x6  ABImemclr4.o [52]
  .text              ro code  0x1008'682c   0x314  cy_scb_uart.o [24]
  .text              ro code  0x1008'6b40   0x13c  xprintftiny.o [50]
  .text              ro code  0x1008'6c7c    0xa6  ABImemcpy.o [52]
  .text              ro code  0x1008'6d24   0xe18  zf_driver_pwm.o [49]
  .text              ro code  0x1008'7b3c    0xac  cy_sysint.o [35]
  .text              ro code  0x1008'7be8    0x32  ABImemset48.o [52]
  .text              ro code  0x1008'7c1c   0x20a  cy_tcpwm_pwm.o [43]
  .text              ro code  0x1008'7e28   0xdc8  zf_device_tft180.o [48]
  .text              ro code  0x1008'8bf0   0x290  zf_common_function.o [46]
  .text              ro code  0x1008'8e80   0x8e8  cy_sysclk.o [33]
  .text              ro code  0x1008'9768    0x70  strncpy.o [52]
  .text              ro code  0x1008'97d8    0xa8  cy_syslib.o [36]
  .text              ro code  0x1008'9880     0x2  cy_syslib.o [36]
  .text              ro code  0x1008'9884   0x860  zf_device_config_mt9v03x.o [54]
  .text              ro code  0x1008'a0e4   0x5fc  zf_driver_soft_iic.o [49]
  .text              ro code  0x1008'a6e0   0x70e  Camera.o [5]
  .rodata            const    0x1008'adf0   0x5f0  zf_common_font.o [46]
  .text              ro code  0x1008'b3e0   0x414  zf_driver_encoder.o [49]
  .text              ro code  0x1008'b7f4     0x8  cy_tcpwm_quaddec.o [43]
  .text              ro code  0x1008'b7fc   0x398  zf_driver_pit.o [49]
  .text              ro code  0x1008'bb94   0x390  main_cm7_0.o [45]
  .text              ro code  0x1008'bf24    0x1c  zf_common_clock.o [46]
  .text              ro code  0x1008'bf40   0x330  zf_device_mt9v03x.o [48]
  .text              ro code  0x1008'c270   0x194  control.o [5]
  .text              ro code  0x1008'c404    0x9c  motor.o [5]
  .text              ro code  0x1008'c4a0   0x230  Follow_Line.o [5]
  .text              ro code  0x1008'c6d0   0x150  system_tviibh4m_cm7.o [22]
  .text              ro code  0x1008'c820     0x8  startup_cm7.o [31]
  .text              ro code  0x1008'c828     0x6  startup_cm7.o [31]
  .rodata            const    0x1008'c830   0x228  zf_common_font.o [46]
  .text              ro code  0x1008'ca58   0x204  startup.o [31]
  .text              ro code  0x1008'cc5c   0x1f0  cm7_0_isr.o [45]
  .text              ro code  0x1008'ce4c    0x7c  zf_device_tsl1401.o [48]
  .text              ro code  0x1008'cec8   0x114  zf_device_gnss.o [48]
  .text              ro code  0x1008'cfdc    0x74  zf_driver_adc.o [49]
  .text              ro code  0x1008'd050    0x2a  strncmp.o [50]
  .text              ro code  0x1008'd07c   0x198  cy_interrupt_map.o [23]
  .text              ro code  0x1008'd214    0xb0  startup_cm7.o [31]
  .rodata            const    0x1008'd2c4    0x94  system_tviibh4m_cm7.o [22]
  .rodata            const    0x1008'd358    0x90  cy_sysclk.o [33]
  .rodata            const    0x1008'd3e8    0x90  cy_sysclk.o [33]
  .rodata            const    0x1008'd478    0x84  zf_common_function.o [46]
  .rodata            const    0x1008'd4fc    0x84  zf_device_imu660ra.o [48]
  .rodata            const    0x1008'd580    0x84  zf_device_tft180.o [48]
  .rodata            const    0x1008'd604    0x84  zf_driver_encoder.o [49]
  .rodata            const    0x1008'd688    0x84  zf_driver_soft_iic.o [49]
  .rodata            const    0x1008'd70c    0x80  zf_common_fifo.o [46]
  .rodata            const    0x1008'd78c    0x80  zf_driver_pwm.o [49]
  .rodata            const    0x1008'd80c    0x80  zf_driver_spi.o [49]
  .rodata            const    0x1008'd88c    0x80  zf_driver_uart.o [49]
  .text              ro code  0x1008'd90c    0x38  zero_init3.o [52]
  .rodata            const    0x1008'd944    0x28  zf_device_mt9v03x.o [48]
  .text              ro code  0x1008'd96c    0x28  data_init.o [52]
  .text              ro code  0x1008'd994    0x22  fpinit_M.o [51]
  .iar.init_table    const    0x1008'd9b8    0x20  - Linker created -
  .text              ro code  0x1008'd9d8    0x20  startup_cm7.o [31]
  .text              ro code  0x1008'da00    0x1e  cy_syslib_iar.o [36]
  .text              ro code  0x1008'da20    0x1e  cmain.o [52]
  .text              ro code  0x1008'da40     0x4  startup_cm7.o [31]
  .text              ro code  0x1008'da44     0x4  exit.o [50]
  .text              ro code  0x1008'da48     0xa  cexit.o [52]
  .text              ro code  0x1008'da54    0x14  exit.o [53]
  .rodata            const    0x1008'da68    0x1c  zf_common_debug.o [46]
  .rodata            const    0x1008'da84    0x1c  zf_device_imu660ra.o [48]
  .text              ro code  0x1008'daa0    0x1c  startup_cm7.o [31]
  .text              ro code  0x1008'dabc    0x1c  cstartup_M.o [52]
  .rodata            const    0x1008'dad8    0x18  startup.o [31]
  .rodata            const    0x1008'daf0    0x18  system_tviibh4m_cm7.o [22]
  .rodata            const    0x1008'db08    0x18  zf_common_debug.o [46]
  .rodata            const    0x1008'db20    0x18  zf_device_imu660ra.o [48]
  .rodata            const    0x1008'db38    0x10  zf_common_debug.o [46]
  .rodata            const    0x1008'db48    0x10  zf_common_debug.o [46]
  .rodata            const    0x1008'db58     0xc  zf_common_debug.o [46]
  .rodata            const    0x1008'db64     0xc  zf_common_debug.o [46]
  .rodata            const    0x1008'db70     0xc  zf_common_debug.o [46]
  .text              ro code  0x1008'db7c     0xc  cy_syslib.o [36]
  .rodata            const    0x1008'db88     0x8  cy_sysclk.o [33]
  .rodata            const    0x1008'db90     0x4  cy_interrupt_map.o [23]
  .rodata            const    0x1008'db94     0x4  cy_interrupt_map.o [23]
  .rodata            const    0x1008'db98     0x4  cy_interrupt_map.o [23]
  .rodata            const    0x1008'db9c     0x4  cy_interrupt_map.o [23]
  .rodata            const    0x1008'dba0     0x4  cy_interrupt_map.o [23]
  .rodata            const    0x1008'dba4     0x4  cy_interrupt_map.o [23]
  .rodata            const    0x1008'dba8     0x4  cy_interrupt_map.o [23]
  .rodata            const    0x1008'dbac     0x4  cy_interrupt_map.o [23]
  .rodata            const    0x1008'dbb0     0x4  cy_scb_spi.o [24]
  .rodata            const    0x1008'dbb4     0x4  cy_scb_spi.o [24]
  .rodata            const    0x1008'dbb8     0x4  cy_scb_spi.o [24]
  .rodata            const    0x1008'dbbc     0x4  cy_scb_spi.o [24]
  .rodata            const    0x1008'dbc0     0x4  cy_scb_uart.o [24]
  .rodata            const    0x1008'dbc4     0x4  cy_scb_uart.o [24]
  .rodata            const    0x1008'dbc8     0x4  cy_scb_uart.o [24]
  .rodata            const    0x1008'dbcc     0x4  cy_scb_uart.o [24]
  .rodata            const    0x1008'dbd0     0x4  cy_scb_uart.o [24]
  .rodata            const    0x1008'dbd4     0x4  cy_scb_uart.o [24]
  .rodata            const    0x1008'dbd8     0x4  cy_scb_uart.o [24]
  .rodata            const    0x1008'dbdc     0x4  cy_scb_uart.o [24]
  .rodata            const    0x1008'dbe0     0x4  cy_scb_uart.o [24]
  .rodata            const    0x1008'dbe4     0x4  cy_scb_uart.o [24]
  .rodata            const    0x1008'dbe8     0x4  cy_sysint.o [35]
  .rodata            const    0x1008'dbec     0x4  cy_sysint.o [35]
  .rodata            const    0x1008'dbf0     0x4  cy_tcpwm_counter.o [43]
  .rodata            const    0x1008'dbf4     0x4  cy_tcpwm_counter.o [43]
  .rodata            const    0x1008'dbf8     0x4  cy_tcpwm_counter.o [43]
  .rodata            const    0x1008'dbfc     0x4  cy_tcpwm_counter.o [43]
  .rodata            const    0x1008'dc00     0x4  cy_tcpwm_counter.o [43]
  .rodata            const    0x1008'dc04     0x4  cy_tcpwm_pwm.o [43]
  .rodata            const    0x1008'dc08     0x4  cy_tcpwm_pwm.o [43]
  .rodata            const    0x1008'dc0c     0x4  cy_tcpwm_pwm.o [43]
  .rodata            const    0x1008'dc10     0x4  cy_tcpwm_pwm.o [43]
  .rodata            const    0x1008'dc14     0x4  cy_tcpwm_pwm.o [43]
  .rodata            const    0x1008'dc18     0x4  cy_tcpwm_pwm.o [43]
  .rodata            const    0x1008'dc1c     0x4  cy_tcpwm_pwm.o [43]
  .text              ro code  0x1008'dc20     0x4  startup_cm7.o [31]
  .text              ro code  0x1008'dc24     0x4  startup_cm7.o [31]
  .text              ro code  0x1008'dc28     0x4  startup_cm7.o [31]
  .text              ro code  0x1008'dc2c     0x4  startup_cm7.o [31]
  .text              ro code  0x1008'dc30     0x4  startup_cm7.o [31]
  .text              ro code  0x1008'dc34     0x4  startup_cm7.o [31]
  .text              ro code  0x1008'dc38     0x4  startup_cm7.o [31]
  .text              ro code  0x1008'dc3c     0x4  startup_cm7.o [31]
  .text              ro code  0x1008'dc40     0x4  startup_cm7.o [31]
  .text              ro code  0x1008'dc44     0x4  startup_cm7.o [31]
  .text              ro code  0x1008'dc48     0x4  startup_cm7.o [31]
  .text              ro code  0x1008'dc4c     0x4  startup_cm7.o [31]
  .text              ro code  0x1008'dc50     0x4  startup_cm7.o [31]
  .text              ro code  0x1008'dc54     0x4  startup_cm7.o [31]
  .text              ro code  0x1008'dc58     0x4  startup_cm7.o [31]
  .text              ro code  0x1008'dc5c     0x2  zf_device_type.o [48]
  .rodata            const    0x1008'dc5e     0x0  zero_init3.o [52]
  .rodata            const    0x1008'dc5e     0x0  lz77_init_single.o [52]
  Initializer bytes  const    0x1008'dc5e    0xeb  <for P2-1>
                            - 0x1008'dd49  0xdcc9

Absolute sections:                         0x5820
  .noinit            uninit   0x2802'6024  0x5820  zf_device_mt9v03x.o [48]
                            - 0x2802'b844  0x5820

"P2", part 1 of 3:                          0x7ed
  P2-1                        0x2802'b848   0x7ed  <Init block>
    .data            inited   0x2802'b848     0x8  GET_ANGLE.o [5]
    .data            inited   0x2802'b850     0x4  Camera.o [5]
    .data            inited   0x2802'b854     0x4  control.o [5]
    .data            inited   0x2802'b858     0x4  control.o [5]
    .data            inited   0x2802'b85c     0x4  control.o [5]
    .data            inited   0x2802'b860   0x6ec  cy_interrupt_map.o [23]
    .data            inited   0x2802'bf4c     0x4  cy_interrupt_map.o [23]
    .data            inited   0x2802'bf50     0x4  Follow_Line.o [5]
    .data            inited   0x2802'bf54    0x20  GET_ANGLE.o [5]
    .data            inited   0x2802'bf74     0x8  zf_device_imu660ra.o [48]
    .data            inited   0x2802'bf7c     0xc  zf_device_imu963ra.o [48]
    .data            inited   0x2802'bf88     0x4  zf_device_type.o [48]
    .data            inited   0x2802'bf8c     0x4  zf_device_type.o [48]
    .data            inited   0x2802'bf90     0xc  zf_driver_adc.o [49]
    .data            inited   0x2802'bf9c     0x8  zf_driver_encoder.o [49]
    .data            inited   0x2802'bfa4    0x10  zf_driver_encoder.o [49]
    .data            inited   0x2802'bfb4    0x3c  zf_driver_pit.o [49]
    .data            inited   0x2802'bff0    0x10  zf_driver_spi.o [49]
    .data            inited   0x2802'c000    0x14  zf_driver_uart.o [49]
    .data            inited   0x2802'c014    0x14  zf_driver_uart.o [49]
    .data            inited   0x2802'c028     0x2  zf_device_tft180.o [48]
    .data            inited   0x2802'c02a     0x2  zf_device_tft180.o [48]
    .data            inited   0x2802'c02c     0x2  zf_device_tft180.o [48]
    .data            inited   0x2802'c02e     0x2  zf_device_tft180.o [48]
    .data            inited   0x2802'c030     0x2  zf_driver_delay.o [49]
    .data            inited   0x2802'c032     0x1  zf_common_debug.o [46]
    .data            inited   0x2802'c033     0x1  zf_device_tft180.o [48]
    .data            inited   0x2802'c034     0x1  zf_driver_delay.o [49]
                            - 0x2802'c035   0x7ed

"P2", part 2 of 3:                         0xa750
  .bss               zero     0x2802'c038  0x5820  zf_device_mt9v03x.o [48]
  .bss               zero     0x2803'1858  0x1608  Camera.o [5]
  .bss               zero     0x2803'2e60  0x1608  Camera.o [5]
  .bss               zero     0x2803'4468  0x1608  Camera.o [5]
  .bss               zero     0x2803'5a70   0x200  zf_device_tsl1401.o [48]
  .bss               zero     0x2803'5c70   0x178  Camera.o [5]
  .bss               zero     0x2803'5de8   0x118  zf_driver_uart.o [49]
  .bss               zero     0x2803'5f00    0x94  GET_ANGLE.o [5]
  .bss               zero     0x2803'5f94    0x80  zf_device_gnss.o [48]
  .bss               zero     0x2803'6014    0x80  zf_device_gnss.o [48]
  .bss               zero     0x2803'6094    0x80  zf_device_gnss.o [48]
  .bss               zero     0x2803'6114    0x78  Camera.o [5]
  .bss               zero     0x2803'618c    0x78  Camera.o [5]
  .bss               zero     0x2803'6204    0x78  Camera.o [5]
  .bss               zero     0x2803'627c    0x78  Camera.o [5]
  .bss               zero     0x2803'62f4    0x78  Camera.o [5]
  .bss               zero     0x2803'636c    0x78  Camera.o [5]
  .bss               zero     0x2803'63e4    0x70  cy_syslib.o [36]
  .bss               zero     0x2803'6454    0x48  GET_ANGLE.o [5]
  .bss               zero     0x2803'649c    0x48  GET_ANGLE.o [5]
  .bss               zero     0x2803'64e4    0x48  zf_driver_adc.o [49]
  .bss               zero     0x2803'652c    0x40  zf_common_debug.o [46]
  .bss               zero     0x2803'656c    0x28  control.o [5]
  .bss               zero     0x2803'6594    0x28  control.o [5]
  .bss               zero     0x2803'65bc    0x28  control.o [5]
  .bss               zero     0x2803'65e4    0x18  cy_sysclk.o [33]
  .bss               zero     0x2803'65fc    0x18  cy_syslib.o [36]
  .bss               zero     0x2803'6614    0x18  GET_ANGLE.o [5]
  .bss               zero     0x2803'662c    0x18  GET_ANGLE.o [5]
  .bss               zero     0x2803'6644    0x18  zf_common_debug.o [46]
  .bss               zero     0x2803'665c    0x18  zf_device_gnss.o [48]
  .bss               zero     0x2803'6674    0x14  zf_common_debug.o [46]
  .bss               zero     0x2803'6688    0x10  GET_ANGLE.o [5]
  .bss               zero     0x2803'6698    0x10  zf_device_config_mt9v03x.o [54]
  .bss               zero     0x2803'66a8     0xc  Camera.o [5]
  .bss               zero     0x2803'66b4     0x8  motor.o [5]
  .bss               zero     0x2803'66bc     0x4  Camera.o [5]
  .bss               zero     0x2803'66c0     0x4  Camera.o [5]
  .bss               zero     0x2803'66c4     0x4  Camera.o [5]
  .bss               zero     0x2803'66c8     0x4  Camera.o [5]
  .bss               zero     0x2803'66cc     0x4  Camera.o [5]
  .bss               zero     0x2803'66d0     0x4  Camera.o [5]
  .bss               zero     0x2803'66d4     0x4  control.o [5]
  .bss               zero     0x2803'66d8     0x4  control.o [5]
  .bss               zero     0x2803'66dc     0x4  control.o [5]
  .bss               zero     0x2803'66e0     0x4  control.o [5]
  .bss               zero     0x2803'66e4     0x4  control.o [5]
  .bss               zero     0x2803'66e8     0x4  cy_syslib.o [36]
  .bss               zero     0x2803'66ec     0x4  Follow_Line.o [5]
  .bss               zero     0x2803'66f0     0x4  Follow_Line.o [5]
  .bss               zero     0x2803'66f4     0x4  Follow_Line.o [5]
  .bss               zero     0x2803'66f8     0x4  Follow_Line.o [5]
  .bss               zero     0x2803'66fc     0x4  Follow_Line.o [5]
  .bss               zero     0x2803'6700     0x4  Follow_Line.o [5]
  .bss               zero     0x2803'6704     0x4  Follow_Line.o [5]
  .bss               zero     0x2803'6708     0x4  Follow_Line.o [5]
  .bss               zero     0x2803'670c     0x4  Follow_Line.o [5]
  .bss               zero     0x2803'6710     0x4  GET_ANGLE.o [5]
  .bss               zero     0x2803'6714     0x4  main_cm7_0.o [45]
  .bss               zero     0x2803'6718     0x4  system_tviibh4m_cm7.o [22]
  .bss               zero     0x2803'671c     0x4  system_tviibh4m_cm7.o [22]
  .bss               zero     0x2803'6720     0x4  system_tviibh4m_cm7.o [22]
  .bss               zero     0x2803'6724     0x4  system_tviibh4m_cm7.o [22]
  .bss               zero     0x2803'6728     0x4  system_tviibh4m_cm7.o [22]
  .bss               zero     0x2803'672c     0x4  zf_common_clock.o [46]
  .bss               zero     0x2803'6730     0x4  zf_common_interrupt.o [46]
  .bss               zero     0x2803'6734     0x4  zf_driver_encoder.o [49]
  .bss               zero     0x2803'6738     0x4  zf_driver_spi.o [49]
  .bss               zero     0x2803'673c     0x4  zf_device_config_mt9v03x.o [54]
  .bss               zero     0x2803'6740     0x4  zf_device_config_mt9v03x.o [54]
  .bss               zero     0x2803'6744     0x4  zf_device_config_mt9v03x.o [54]
  .bss               zero     0x2803'6748     0x4  zf_device_config_mt9v03x.o [54]
  .bss               zero     0x2803'674c     0x4  zf_device_config_mt9v03x.o [54]
  .bss               zero     0x2803'6750     0x2  Camera.o [5]
  .bss               zero     0x2803'6752     0x2  Camera.o [5]
  .bss               zero     0x2803'6754     0x2  Camera.o [5]
  .bss               zero     0x2803'6756     0x2  control.o [5]
  .bss               zero     0x2803'6758     0x2  control.o [5]
  .bss               zero     0x2803'675a     0x2  zf_device_imu660ra.o [48]
  .bss               zero     0x2803'675c     0x2  zf_device_imu660ra.o [48]
  .bss               zero     0x2803'675e     0x2  zf_device_imu660ra.o [48]
  .bss               zero     0x2803'6760     0x2  zf_device_imu660ra.o [48]
  .bss               zero     0x2803'6762     0x2  zf_device_imu660ra.o [48]
  .bss               zero     0x2803'6764     0x2  zf_device_imu660ra.o [48]
  .bss               zero     0x2803'6766     0x2  zf_device_imu963ra.o [48]
  .bss               zero     0x2803'6768     0x2  zf_device_imu963ra.o [48]
  .bss               zero     0x2803'676a     0x2  zf_device_imu963ra.o [48]
  .bss               zero     0x2803'676c     0x2  zf_device_imu963ra.o [48]
  .bss               zero     0x2803'676e     0x2  zf_device_imu963ra.o [48]
  .bss               zero     0x2803'6770     0x2  zf_device_imu963ra.o [48]
  .bss               zero     0x2803'6772     0x2  zf_device_imu963ra.o [48]
  .bss               zero     0x2803'6774     0x2  zf_device_imu963ra.o [48]
  .bss               zero     0x2803'6776     0x2  zf_device_imu963ra.o [48]
  .bss               zero     0x2803'6778     0x1  Camera.o [5]
  .bss               zero     0x2803'6779     0x1  Camera.o [5]
  .bss               zero     0x2803'677a     0x1  cy_sysclk.o [33]
  .bss               zero     0x2803'677b     0x1  zf_common_debug.o [46]
  .bss               zero     0x2803'677c     0x1  zf_common_debug.o [46]
  .bss               zero     0x2803'677d     0x1  zf_common_debug.o [46]
  .bss               zero     0x2803'677e     0x1  zf_device_gnss.o [48]
  .bss               zero     0x2803'677f     0x1  zf_device_gnss.o [48]
  .bss               zero     0x2803'6780     0x1  zf_device_gnss.o [48]
  .bss               zero     0x2803'6781     0x1  zf_device_gnss.o [48]
  .bss               zero     0x2803'6782     0x1  zf_device_gnss.o [48]
  .bss               zero     0x2803'6783     0x1  zf_device_mt9v03x.o [48]
  .bss               zero     0x2803'6784     0x1  zf_device_tft180.o [48]
  .bss               zero     0x2803'6785     0x1  zf_device_tsl1401.o [48]
  .bss               zero     0x2803'6786     0x1  zf_device_tsl1401.o [48]
                            - 0x2803'6787  0xa74f

"P2", part 3 of 3:                           0x80
  .intvec_ram        uninit   0x2803'6800    0x80  startup_cm7.o [31]
                            - 0x2803'6880    0x80

"A1":                                      0x2000
  HEAP_STACK                  0x2807'e000  0x2000  <Block>
    CSTACK                    0x2807'e000  0x2000  <Block>
      CSTACK         uninit   0x2807'e000  0x2000  <Block tail>
                            - 0x2808'0000  0x2000

Unused ranges:

         From           To       Size
         ----           --       ----
  0x1008'ddfc  0x1027'ffff  0x1f'2204
  0x2802'0000  0x2802'6023     0x6024
  0x2802'b844  0x2802'b847        0x4
  0x2802'c035  0x2802'c037        0x3
  0x2803'6788  0x2803'67ff       0x78
  0x2803'6880  0x2807'dfff   0x4'7780


*******************************************************************************
*** INIT TABLE
***

          Address      Size
          -------      ----
Zero (__iar_zero_init3)
    1 destination range, total size 0xa74f:
          0x2802'c038  0xa74f

Copy/lz77 (__iar_lz77_init_single3)
    1 source range, total size 0xeb (11% of destination):
          0x1008'dc5e    0xeb
    1 destination range, total size 0x7ed:
          0x2802'b848   0x7ed



*******************************************************************************
*** MODULE SUMMARY
***

    Module                      ro code  ro data  rw data  rw data
                                                            (abs)
    ------                      -------  -------  -------  -------
command line/config:
    --------------------------------------------------------------
    Total:

C:\Users\jty\Desktop\CYT4BB7_Library-master\CYT4BB7_Library-master\Example\Coreboard_Demo\Car00\iar\Debug_m7_0\Obj\adc_11722776235721520015.dir: [1]
    --------------------------------------------------------------
    Total:

C:\Users\jty\Desktop\CYT4BB7_Library-master\CYT4BB7_Library-master\Example\Coreboard_Demo\Car00\iar\Debug_m7_0\Obj\audioss_1346650047966882938.dir: [2]
    --------------------------------------------------------------
    Total:

C:\Users\jty\Desktop\CYT4BB7_Library-master\CYT4BB7_Library-master\Example\Coreboard_Demo\Car00\iar\Debug_m7_0\Obj\button_4990804375159372270.dir: [3]
    --------------------------------------------------------------
    Total:

C:\Users\jty\Desktop\CYT4BB7_Library-master\CYT4BB7_Library-master\Example\Coreboard_Demo\Car00\iar\Debug_m7_0\Obj\canfd_1800690984773873875.dir: [4]
    --------------------------------------------------------------
    Total:

C:\Users\jty\Desktop\CYT4BB7_Library-master\CYT4BB7_Library-master\Example\Coreboard_Demo\Car00\iar\Debug_m7_0\Obj\code_17896468042025673432.dir: [5]
    Camera.o                      1'806        1   18'064
    Follow_Line.o                   560                40
    GET_ANGLE.o                   4'956        4      400
    control.o                       404        1      156
    motor.o                         156                 8
    --------------------------------------------------------------
    Total:                        7'882        6   18'668

C:\Users\jty\Desktop\CYT4BB7_Library-master\CYT4BB7_Library-master\Example\Coreboard_Demo\Car00\iar\Debug_m7_0\Obj\cpu_15938736945165268644.dir: [6]
    --------------------------------------------------------------
    Total:

C:\Users\jty\Desktop\CYT4BB7_Library-master\CYT4BB7_Library-master\Example\Coreboard_Demo\Car00\iar\Debug_m7_0\Obj\crypto_1190170608956581615.dir: [7]
    --------------------------------------------------------------
    Total:

C:\Users\jty\Desktop\CYT4BB7_Library-master\CYT4BB7_Library-master\Example\Coreboard_Demo\Car00\iar\Debug_m7_0\Obj\dma_12106025507578611576.dir: [8]
    --------------------------------------------------------------
    Total:

C:\Users\jty\Desktop\CYT4BB7_Library-master\CYT4BB7_Library-master\Example\Coreboard_Demo\Car00\iar\Debug_m7_0\Obj\eth_phy_18133017486186456677.dir: [9]
    --------------------------------------------------------------
    Total:

C:\Users\jty\Desktop\CYT4BB7_Library-master\CYT4BB7_Library-master\Example\Coreboard_Demo\Car00\iar\Debug_m7_0\Obj\ethernet_6029839089178797009.dir: [10]
    --------------------------------------------------------------
    Total:

C:\Users\jty\Desktop\CYT4BB7_Library-master\CYT4BB7_Library-master\Example\Coreboard_Demo\Car00\iar\Debug_m7_0\Obj\evtgen_3404189088603873129.dir: [11]
    --------------------------------------------------------------
    Total:

C:\Users\jty\Desktop\CYT4BB7_Library-master\CYT4BB7_Library-master\Example\Coreboard_Demo\Car00\iar\Debug_m7_0\Obj\flash_8529866181315662935.dir: [12]
    --------------------------------------------------------------
    Total:

C:\Users\jty\Desktop\CYT4BB7_Library-master\CYT4BB7_Library-master\Example\Coreboard_Demo\Car00\iar\Debug_m7_0\Obj\flash_864493325053435817.dir: [13]
    --------------------------------------------------------------
    Total:

C:\Users\jty\Desktop\CYT4BB7_Library-master\CYT4BB7_Library-master\Example\Coreboard_Demo\Car00\iar\Debug_m7_0\Obj\gpio_3999404635324069351.dir: [14]
    cy_gpio.o                       404
    --------------------------------------------------------------
    Total:                          404

C:\Users\jty\Desktop\CYT4BB7_Library-master\CYT4BB7_Library-master\Example\Coreboard_Demo\Car00\iar\Debug_m7_0\Obj\ipc_10145506163450686023.dir: [15]
    --------------------------------------------------------------
    Total:

C:\Users\jty\Desktop\CYT4BB7_Library-master\CYT4BB7_Library-master\Example\Coreboard_Demo\Car00\iar\Debug_m7_0\Obj\lin_18429031207028094880.dir: [16]
    --------------------------------------------------------------
    Total:

C:\Users\jty\Desktop\CYT4BB7_Library-master\CYT4BB7_Library-master\Example\Coreboard_Demo\Car00\iar\Debug_m7_0\Obj\lvd_6353935867039560245.dir: [17]
    --------------------------------------------------------------
    Total:

C:\Users\jty\Desktop\CYT4BB7_Library-master\CYT4BB7_Library-master\Example\Coreboard_Demo\Car00\iar\Debug_m7_0\Obj\mcwdt_4052485907822033969.dir: [18]
    --------------------------------------------------------------
    Total:

C:\Users\jty\Desktop\CYT4BB7_Library-master\CYT4BB7_Library-master\Example\Coreboard_Demo\Car00\iar\Debug_m7_0\Obj\mpu_5663187252346826382.dir: [19]
    --------------------------------------------------------------
    Total:

C:\Users\jty\Desktop\CYT4BB7_Library-master\CYT4BB7_Library-master\Example\Coreboard_Demo\Car00\iar\Debug_m7_0\Obj\power_14453085144426420577.dir: [20]
    --------------------------------------------------------------
    Total:

C:\Users\jty\Desktop\CYT4BB7_Library-master\CYT4BB7_Library-master\Example\Coreboard_Demo\Car00\iar\Debug_m7_0\Obj\prot_10722960861768657883.dir: [21]
    --------------------------------------------------------------
    Total:

C:\Users\jty\Desktop\CYT4BB7_Library-master\CYT4BB7_Library-master\Example\Coreboard_Demo\Car00\iar\Debug_m7_0\Obj\rev_b_4986922561640112550.dir: [22]
    system_tviibh4m_cm7.o           336      172       20
    --------------------------------------------------------------
    Total:                          336      172       20

C:\Users\jty\Desktop\CYT4BB7_Library-master\CYT4BB7_Library-master\Example\Coreboard_Demo\Car00\iar\Debug_m7_0\Obj\rev_b_6162237342861132223.dir: [23]
    cy_interrupt_map.o              408      238    1'776
    --------------------------------------------------------------
    Total:                          408      238    1'776

C:\Users\jty\Desktop\CYT4BB7_Library-master\CYT4BB7_Library-master\Example\Coreboard_Demo\Car00\iar\Debug_m7_0\Obj\scb_15490842639181808494.dir: [24]
    cy_scb_spi.o                    496       16
    cy_scb_uart.o                   788       40
    --------------------------------------------------------------
    Total:                        1'284       56

C:\Users\jty\Desktop\CYT4BB7_Library-master\CYT4BB7_Library-master\Example\Coreboard_Demo\Car00\iar\Debug_m7_0\Obj\sd_host_2982766354293506895.dir: [25]
    --------------------------------------------------------------
    Total:

C:\Users\jty\Desktop\CYT4BB7_Library-master\CYT4BB7_Library-master\Example\Coreboard_Demo\Car00\iar\Debug_m7_0\Obj\semihosting_143864889731838620.dir: [26]
    --------------------------------------------------------------
    Total:

C:\Users\jty\Desktop\CYT4BB7_Library-master\CYT4BB7_Library-master\Example\Coreboard_Demo\Car00\iar\Debug_m7_0\Obj\smartio_5451710003740070188.dir: [27]
    --------------------------------------------------------------
    Total:

C:\Users\jty\Desktop\CYT4BB7_Library-master\CYT4BB7_Library-master\Example\Coreboard_Demo\Car00\iar\Debug_m7_0\Obj\smif_427648126384146252.dir: [28]
    --------------------------------------------------------------
    Total:

C:\Users\jty\Desktop\CYT4BB7_Library-master\CYT4BB7_Library-master\Example\Coreboard_Demo\Car00\iar\Debug_m7_0\Obj\smif_mem_6470536964353725183.dir: [29]
    --------------------------------------------------------------
    Total:

C:\Users\jty\Desktop\CYT4BB7_Library-master\CYT4BB7_Library-master\Example\Coreboard_Demo\Car00\iar\Debug_m7_0\Obj\srom_13018798572330080582.dir: [30]
    --------------------------------------------------------------
    Total:

C:\Users\jty\Desktop\CYT4BB7_Library-master\CYT4BB7_Library-master\Example\Coreboard_Demo\Car00\iar\Debug_m7_0\Obj\startup_479057977785470282.dir: [31]
    startup.o                       516       24
    startup_cm7.o                   442               128
    --------------------------------------------------------------
    Total:                          958       24      128

C:\Users\jty\Desktop\CYT4BB7_Library-master\CYT4BB7_Library-master\Example\Coreboard_Demo\Car00\iar\Debug_m7_0\Obj\sw_timer_4215635015939382130.dir: [32]
    --------------------------------------------------------------
    Total:

C:\Users\jty\Desktop\CYT4BB7_Library-master\CYT4BB7_Library-master\Example\Coreboard_Demo\Car00\iar\Debug_m7_0\Obj\sysclk_16149231235676103872.dir: [33]
    cy_sysclk.o                   2'280      296       25
    --------------------------------------------------------------
    Total:                        2'280      296       25

C:\Users\jty\Desktop\CYT4BB7_Library-master\CYT4BB7_Library-master\Example\Coreboard_Demo\Car00\iar\Debug_m7_0\Obj\sysflt_12293435975120599261.dir: [34]
    --------------------------------------------------------------
    Total:

C:\Users\jty\Desktop\CYT4BB7_Library-master\CYT4BB7_Library-master\Example\Coreboard_Demo\Car00\iar\Debug_m7_0\Obj\sysint_7435970359207984181.dir: [35]
    cy_sysint.o                     172        8
    --------------------------------------------------------------
    Total:                          172        8

C:\Users\jty\Desktop\CYT4BB7_Library-master\CYT4BB7_Library-master\Example\Coreboard_Demo\Car00\iar\Debug_m7_0\Obj\syslib_16330585751512546975.dir: [36]
    cy_syslib.o                     182               140
    cy_syslib_iar.o                  30
    --------------------------------------------------------------
    Total:                          212               140

C:\Users\jty\Desktop\CYT4BB7_Library-master\CYT4BB7_Library-master\Example\Coreboard_Demo\Car00\iar\Debug_m7_0\Obj\syspm_10887939769544754770.dir: [37]
    --------------------------------------------------------------
    Total:

C:\Users\jty\Desktop\CYT4BB7_Library-master\CYT4BB7_Library-master\Example\Coreboard_Demo\Car00\iar\Debug_m7_0\Obj\sysreghc_17676636058511625587.dir: [38]
    --------------------------------------------------------------
    Total:

C:\Users\jty\Desktop\CYT4BB7_Library-master\CYT4BB7_Library-master\Example\Coreboard_Demo\Car00\iar\Debug_m7_0\Obj\sysreset_14586141425677365288.dir: [39]
    --------------------------------------------------------------
    Total:

C:\Users\jty\Desktop\CYT4BB7_Library-master\CYT4BB7_Library-master\Example\Coreboard_Demo\Car00\iar\Debug_m7_0\Obj\sysrtc_10747768817563771611.dir: [40]
    --------------------------------------------------------------
    Total:

C:\Users\jty\Desktop\CYT4BB7_Library-master\CYT4BB7_Library-master\Example\Coreboard_Demo\Car00\iar\Debug_m7_0\Obj\systick_16016591671695740695.dir: [41]
    --------------------------------------------------------------
    Total:

C:\Users\jty\Desktop\CYT4BB7_Library-master\CYT4BB7_Library-master\Example\Coreboard_Demo\Car00\iar\Debug_m7_0\Obj\syswdt_9118657615806274156.dir: [42]
    --------------------------------------------------------------
    Total:

C:\Users\jty\Desktop\CYT4BB7_Library-master\CYT4BB7_Library-master\Example\Coreboard_Demo\Car00\iar\Debug_m7_0\Obj\tcpwm_422923530147891246.dir: [43]
    cy_tcpwm.o                       12
    cy_tcpwm_counter.o              430       20
    cy_tcpwm_pwm.o                  522       28
    cy_tcpwm_quaddec.o                8
    --------------------------------------------------------------
    Total:                          972       48

C:\Users\jty\Desktop\CYT4BB7_Library-master\CYT4BB7_Library-master\Example\Coreboard_Demo\Car00\iar\Debug_m7_0\Obj\trigmux_9729677290734583340.dir: [44]
    --------------------------------------------------------------
    Total:

C:\Users\jty\Desktop\CYT4BB7_Library-master\CYT4BB7_Library-master\Example\Coreboard_Demo\Car00\iar\Debug_m7_0\Obj\user_8514941877209965082.dir: [45]
    cm7_0_isr.o                     496
    main_cm7_0.o                    912                 4
    --------------------------------------------------------------
    Total:                        1'408                 4

C:\Users\jty\Desktop\CYT4BB7_Library-master\CYT4BB7_Library-master\Example\Coreboard_Demo\Car00\iar\Debug_m7_0\Obj\zf_common_1201165462030747823.dir: [46]
    zf_common_clock.o                28                 4
    zf_common_debug.o             1'092      120      112
    zf_common_fifo.o              1'096      128
    zf_common_font.o                       2'072
    zf_common_function.o            656      132
    zf_common_interrupt.o           226                 4
    --------------------------------------------------------------
    Total:                        3'098    2'452      120

C:\Users\jty\Desktop\CYT4BB7_Library-master\CYT4BB7_Library-master\Example\Coreboard_Demo\Car00\iar\Debug_m7_0\Obj\zf_components_14936052685886095442.dir: [47]
    --------------------------------------------------------------
    Total:

C:\Users\jty\Desktop\CYT4BB7_Library-master\CYT4BB7_Library-master\Example\Coreboard_Demo\Car00\iar\Debug_m7_0\Obj\zf_device_6570275422786408770.dir: [48]
    zf_device_gnss.o                276               413
    zf_device_imu660ra.o            600      185       20
    zf_device_imu963ra.o            364        1       30
    zf_device_mt9v03x.o             816       40   22'561   22'560
    zf_device_tft180.o            3'528      133       10
    zf_device_tsl1401.o             124               514
    zf_device_type.o                  2        1        8
    --------------------------------------------------------------
    Total:                        5'710      360   23'556   22'560

C:\Users\jty\Desktop\CYT4BB7_Library-master\CYT4BB7_Library-master\Example\Coreboard_Demo\Car00\iar\Debug_m7_0\Obj\zf_driver_11922370083829174090.dir: [49]
    zf_driver_adc.o                 116        2       84
    zf_driver_delay.o               644        1        3
    zf_driver_encoder.o           1'044      135       28
    zf_driver_gpio.o                380
    zf_driver_pit.o                 920        7       60
    zf_driver_pwm.o               3'608      128
    zf_driver_soft_iic.o          1'532      132
    zf_driver_spi.o               3'380      129       20
    zf_driver_uart.o              2'056      133      320
    --------------------------------------------------------------
    Total:                       13'680      667      515

dl7M_tln.a: [50]
    exit.o                            4
    sprintf.o                        64
    strncmp.o                        42
    xprintftiny.o                   316
    xsprout.o                        10
    --------------------------------------------------------------
    Total:                          436

m7M_tlv.a: [51]
    asinf.o                          92
    atan2f.o                        106
    cos_sin32.o                     464
    fpinit_M.o                       34
    sqrtf.o                          30
    tan32.o                         420
    xatanf.o                        164
    --------------------------------------------------------------
    Total:                        1'310

rt7M_tl.a: [52]
    ABImemclr4.o                      6
    ABImemcpy.o                     166
    ABImemset.o                     102
    ABImemset48.o                    50
    I64DivMod.o                     560
    I64DivZer.o                       2
    cexit.o                          10
    cmain.o                          30
    cstartup_M.o                     28
    data_init.o                      40
    lz77_init_single.o              126
    strlen.o                         54
    strncpy.o                       112
    zero_init3.o                     56
    --------------------------------------------------------------
    Total:                        1'342

shb_l.a: [53]
    exit.o                           20
    --------------------------------------------------------------
    Total:                           20

zf_device_config.a: [54]
    zf_device_config.o                     8'192
    zf_device_config_mt9v03x.o    2'144                36
    --------------------------------------------------------------
    Total:                        2'144    8'192       36

    Gaps                             36        6
    Linker created                            32    8'192
------------------------------------------------------------------
    Grand Total:                 44'092   12'557   53'180   22'560


*******************************************************************************
*** ENTRY LIST
***

Entry                       Address    Size  Type      Object
-----                       -------    ----  ----      ------
.iar.init_table$$Base   0x1008'd9b8           --   Gb  - Linker created -
.iar.init_table$$Limit  0x1008'd9d8           --   Gb  - Linker created -
?main                   0x1008'da21          Code  Gb  cmain.o [52]
Accel_Parameter         0x2803'6614    0x18  Data  Gb  GET_ANGLE.o [5]
BETA                    0x2802'b848     0x8  Data  Gb  GET_ANGLE.o [5]
Bin_Image               0x2803'2e60  0x1608  Data  Gb  Camera.o [5]
Bin_Image_Filter        0x1008'a975    0xd0  Code  Gb  Camera.o [5]
Both_Lost_Time          0x2803'66d0     0x4  Data  Gb  Camera.o [5]
Boundry_Start_Left      0x2803'66c8     0x4  Data  Gb  Camera.o [5]
Boundry_Start_Right     0x2803'66c4     0x4  Data  Gb  Camera.o [5]
BusFault_Handler        0x1008'dc29          Code  Wk  startup_cm7.o [31]
CSTACK$$Base            0x2807'e000           --   Gb  - Linker created -
CSTACK$$Limit           0x2808'0000           --   Gb  - Linker created -
CopyVectorTable         0x1008'cbf9    0x34  Code  Lc  startup.o [31]
CpuUserInt0_Handler     0x1008'd09b    0x26  Code  Gb  cy_interrupt_map.o [23]
CpuUserInt10_Handler    0x1008'dc45          Code  Wk  startup_cm7.o [31]
CpuUserInt11_Handler    0x1008'dc49          Code  Wk  startup_cm7.o [31]
CpuUserInt12_Handler    0x1008'dc4d          Code  Wk  startup_cm7.o [31]
CpuUserInt13_Handler    0x1008'dc51          Code  Wk  startup_cm7.o [31]
CpuUserInt14_Handler    0x1008'dc55          Code  Wk  startup_cm7.o [31]
CpuUserInt15_Handler    0x1008'dc59          Code  Wk  startup_cm7.o [31]
CpuUserInt1_Handler     0x1008'd0c1    0x26  Code  Gb  cy_interrupt_map.o [23]
CpuUserInt2_Handler     0x1008'd0e7    0x26  Code  Gb  cy_interrupt_map.o [23]
CpuUserInt3_Handler     0x1008'd10d    0x26  Code  Gb  cy_interrupt_map.o [23]
CpuUserInt4_Handler     0x1008'd133    0x26  Code  Gb  cy_interrupt_map.o [23]
CpuUserInt5_Handler     0x1008'd159    0x26  Code  Gb  cy_interrupt_map.o [23]
CpuUserInt6_Handler     0x1008'd17f    0x26  Code  Gb  cy_interrupt_map.o [23]
CpuUserInt7_Handler     0x1008'd1a5    0x26  Code  Gb  cy_interrupt_map.o [23]
CpuUserInt8_Handler     0x1008'dc3d          Code  Wk  startup_cm7.o [31]
CpuUserInt9_Handler     0x1008'dc41          Code  Wk  startup_cm7.o [31]
Cy_DefaultUserHandler   0x1008'd099     0x2  Code  Gb  cy_interrupt_map.o [23]
Cy_GPIO_ClearInterrupt  0x1008'57c3     0xe  Code  Lc  cy_gpio.o [14]
Cy_GPIO_Clr             0x1008'4e71     0xa  Code  Lc  zf_driver_gpio.o [49]
Cy_GPIO_Pin_Init        0x1008'5807    0x72  Code  Gb  cy_gpio.o [14]
Cy_GPIO_Read            0x1008'4e5d     0xa  Code  Lc  zf_driver_gpio.o [49]
Cy_GPIO_Set             0x1008'4e67     0xa  Code  Lc  zf_driver_gpio.o [49]
Cy_GPIO_SetDriveSel     0x1008'57a5    0x1e  Code  Lc  cy_gpio.o [14]
Cy_GPIO_SetDrivemode    0x1008'5755    0x1c  Code  Lc  cy_gpio.o [14]
Cy_GPIO_SetDrivemode    0x1008'4e7b    0x1c  Code  Lc  zf_driver_gpio.o [49]
Cy_GPIO_SetHSIOM        0x1008'56f1    0x4c  Code  Lc  cy_gpio.o [14]
Cy_GPIO_SetInterruptEdge
                        0x1008'57eb    0x1c  Code  Lc  cy_gpio.o [14]
Cy_GPIO_SetInterruptMask
                        0x1008'57d1    0x1a  Code  Lc  cy_gpio.o [14]
Cy_GPIO_SetSlewRate     0x1008'578b    0x1a  Code  Lc  cy_gpio.o [14]
Cy_GPIO_SetVtrip        0x1008'5771    0x1a  Code  Lc  cy_gpio.o [14]
Cy_GPIO_Write           0x1008'573d    0x18  Code  Lc  cy_gpio.o [14]
Cy_RestoreIRQ           0x1008'c829          Code  Gb  startup_cm7.o [31]
Cy_SCB_ClearRxFifo      0x1008'3f0f    0x1e  Code  Lc  zf_driver_spi.o [49]
Cy_SCB_ClearRxInterrupt
                        0x1008'cc63     0xa  Code  Lc  cm7_0_isr.o [45]
Cy_SCB_ClearTxInterrupt
                        0x1008'cc73     0xa  Code  Lc  cm7_0_isr.o [45]
Cy_SCB_GetFifoSize      0x1008'3f69    0x12  Code  Lc  zf_driver_spi.o [49]
Cy_SCB_GetNumInRxFifo   0x1008'3f05     0xa  Code  Lc  zf_driver_spi.o [49]
Cy_SCB_GetNumInRxFifo   0x1008'5c1f     0xa  Code  Lc  zf_driver_uart.o [49]
Cy_SCB_GetNumInTxFifo   0x1008'3f33     0xa  Code  Lc  zf_driver_spi.o [49]
Cy_SCB_GetNumInTxFifo   0x1008'5c2f     0xa  Code  Lc  zf_driver_uart.o [49]
Cy_SCB_GetRxInterruptMask
                        0x1008'cc5d     0x6  Code  Lc  cm7_0_isr.o [45]
Cy_SCB_GetRxInterruptMask
                        0x1008'5c6b     0x6  Code  Lc  zf_driver_uart.o [49]
Cy_SCB_GetTxInterruptMask
                        0x1008'cc6d     0x6  Code  Lc  cm7_0_isr.o [45]
Cy_SCB_GetTxInterruptMask
                        0x1008'5c77     0x6  Code  Lc  zf_driver_uart.o [49]
Cy_SCB_GetTxSrValid     0x1008'3f3d     0xa  Code  Lc  zf_driver_spi.o [49]
Cy_SCB_GetTxSrValid     0x1008'5c39     0xa  Code  Lc  zf_driver_uart.o [49]
Cy_SCB_IsTxComplete     0x1008'3f47    0x22  Code  Lc  zf_driver_spi.o [49]
Cy_SCB_IsTxComplete     0x1008'5c43    0x22  Code  Lc  zf_driver_uart.o [49]
Cy_SCB_ReadRxFifo       0x1008'5c19     0x6  Code  Lc  zf_driver_uart.o [49]
Cy_SCB_SPI_ClearRxFifo  0x1008'3f99     0x8  Code  Lc  zf_driver_spi.o [49]
Cy_SCB_SPI_Enable       0x1008'3f7b     0xa  Code  Lc  zf_driver_spi.o [49]
Cy_SCB_SPI_GetNumInRxFifo
                        0x1008'3f91     0x8  Code  Lc  zf_driver_spi.o [49]
Cy_SCB_SPI_Init         0x1008'5885   0x1d8  Code  Gb  cy_scb_spi.o [24]
Cy_SCB_SPI_SetActiveSlaveSelect
                        0x1008'3f85     0xc  Code  Lc  zf_driver_spi.o [49]
Cy_SCB_SetRxInterruptMask
                        0x1008'5c65     0x6  Code  Lc  zf_driver_uart.o [49]
Cy_SCB_SetTxInterruptMask
                        0x1008'5c71     0x6  Code  Lc  zf_driver_uart.o [49]
Cy_SCB_UART_DeInit      0x1008'6ab1    0x5c  Code  Gb  cy_scb_uart.o [24]
Cy_SCB_UART_Enable      0x1008'5c7d     0xa  Code  Lc  zf_driver_uart.o [49]
Cy_SCB_UART_Init        0x1008'682d   0x284  Code  Gb  cy_scb_uart.o [24]
Cy_SCB_WriteTxFifo      0x1008'3f2d     0x6  Code  Lc  zf_driver_spi.o [49]
Cy_SCB_WriteTxFifo      0x1008'5c29     0x6  Code  Lc  zf_driver_uart.o [49]
Cy_SaveIRQ              0x1008'c821          Code  Gb  startup_cm7.o [31]
Cy_SysClk_CheckDividerExisting
                        0x1008'bf41    0x2a  Code  Lc  zf_device_mt9v03x.o [48]
Cy_SysClk_CheckDividerExisting
                        0x1008'38bd    0x2a  Code  Lc  zf_driver_delay.o [49]
Cy_SysClk_CheckDividerExisting
                        0x1008'b3e1    0x2c  Code  Lc  zf_driver_encoder.o [49]
Cy_SysClk_CheckDividerExisting
                        0x1008'b7fd    0x2c  Code  Lc  zf_driver_pit.o [49]
Cy_SysClk_CheckDividerExisting
                        0x1008'6d25    0x2c  Code  Lc  zf_driver_pwm.o [49]
Cy_SysClk_CheckDividerExisting
                        0x1008'3fa1    0x2c  Code  Lc  zf_driver_spi.o [49]
Cy_SysClk_CheckDividerExisting
                        0x1008'5a75    0x2c  Code  Lc  zf_driver_uart.o [49]
Cy_SysClk_ClkPathGetSource
                        0x1008'8ff5    0x54  Code  Gb  cy_sysclk.o [33]
Cy_SysClk_EcoGetStatus  0x1008'8e81    0x1a  Code  Lc  cy_sysclk.o [33]
Cy_SysClk_Fast0ClkGetDivider
                        0x1008'8fc9    0x16  Code  Lc  cy_sysclk.o [33]
Cy_SysClk_Fast1ClkGetDivider
                        0x1008'8fdf    0x16  Code  Lc  cy_sysclk.o [33]
Cy_SysClk_FllGetConfiguration
                        0x1008'9051    0x7e  Code  Gb  cy_sysclk.o [33]
Cy_SysClk_FllGetLockStatus
                        0x1008'8e9b     0xc  Code  Lc  cy_sysclk.o [33]
Cy_SysClk_GetClockGroup
                        0x1008'bfe9     0x8  Code  Lc  zf_device_mt9v03x.o [48]
Cy_SysClk_GetClockGroup
                        0x1008'3965     0x8  Code  Lc  zf_driver_delay.o [49]
Cy_SysClk_GetClockGroup
                        0x1008'b48f     0x8  Code  Lc  zf_driver_encoder.o [49]
Cy_SysClk_GetClockGroup
                        0x1008'b8ab     0x8  Code  Lc  zf_driver_pit.o [49]
Cy_SysClk_GetClockGroup
                        0x1008'6dd3     0x8  Code  Lc  zf_driver_pwm.o [49]
Cy_SysClk_GetClockGroup
                        0x1008'4085     0x8  Code  Lc  zf_driver_spi.o [49]
Cy_SysClk_GetClockGroup
                        0x1008'5b59     0x8  Code  Lc  zf_driver_uart.o [49]
Cy_SysClk_GetCoreFrequency
                        0x1008'9715    0x2a  Code  Gb  cy_sysclk.o [33]
Cy_SysClk_GetEcoFrequency
                        0x1008'921d    0x32  Code  Gb  cy_sysclk.o [33]
Cy_SysClk_GetExtFrequency
                        0x1008'9251    0x1e  Code  Gb  cy_sysclk.o [33]
Cy_SysClk_GetFast0Frequency
                        0x1008'9669    0x56  Code  Gb  cy_sysclk.o [33]
Cy_SysClk_GetFast1Frequency
                        0x1008'96bf    0x56  Code  Gb  cy_sysclk.o [33]
Cy_SysClk_GetFllInputFrequency
                        0x1008'9371     0xc  Code  Gb  cy_sysclk.o [33]
Cy_SysClk_GetFllOutputFrequency
                        0x1008'9399    0x78  Code  Gb  cy_sysclk.o [33]
Cy_SysClk_GetHfClkFrequency
                        0x1008'95eb    0x7a  Code  Gb  cy_sysclk.o [33]
Cy_SysClk_GetIlo0Frequency
                        0x1008'926f    0x32  Code  Gb  cy_sysclk.o [33]
Cy_SysClk_GetIlo1Frequency
                        0x1008'92a1    0x32  Code  Gb  cy_sysclk.o [33]
Cy_SysClk_GetImoFrequency
                        0x1008'91eb    0x32  Code  Gb  cy_sysclk.o [33]
Cy_SysClk_GetPathFrequency
                        0x1008'95b9    0x32  Code  Gb  cy_sysclk.o [33]
Cy_SysClk_GetPathSourceFrequency
                        0x1008'930d    0x64  Code  Gb  cy_sysclk.o [33]
Cy_SysClk_GetPll400MNo  0x1008'8ee5    0x14  Code  Lc  cy_sysclk.o [33]
Cy_SysClk_GetPllInputFrequency
                        0x1008'937d    0x1c  Code  Gb  cy_sysclk.o [33]
Cy_SysClk_GetPllNo      0x1008'8ea9    0x12  Code  Lc  cy_sysclk.o [33]
Cy_SysClk_GetPllOutputFrequency
                        0x1008'9415   0x1a0  Code  Gb  cy_sysclk.o [33]
Cy_SysClk_GetWcoFrequency
                        0x1008'92d3    0x32  Code  Gb  cy_sysclk.o [33]
Cy_SysClk_HfClockGetDivider
                        0x1008'8f87    0x42  Code  Lc  cy_sysclk.o [33]
Cy_SysClk_HfClockGetSource
                        0x1008'8f33    0x54  Code  Lc  cy_sysclk.o [33]
Cy_SysClk_InitGetFreqParams
                        0x1008'91d1    0x1a  Code  Gb  cy_sysclk.o [33]
Cy_SysClk_PeriphAssignDivider
                        0x1008'bff1    0x68  Code  Lc  zf_device_mt9v03x.o [48]
Cy_SysClk_PeriphAssignDivider
                        0x1008'396d    0x68  Code  Lc  zf_driver_delay.o [49]
Cy_SysClk_PeriphAssignDivider
                        0x1008'b497    0x6a  Code  Lc  zf_driver_encoder.o [49]
Cy_SysClk_PeriphAssignDivider
                        0x1008'b8b3    0x68  Code  Lc  zf_driver_pit.o [49]
Cy_SysClk_PeriphAssignDivider
                        0x1008'6ddb    0x6a  Code  Lc  zf_driver_pwm.o [49]
Cy_SysClk_PeriphAssignDivider
                        0x1008'408d    0x6a  Code  Lc  zf_driver_spi.o [49]
Cy_SysClk_PeriphAssignDivider
                        0x1008'5b61    0x6a  Code  Lc  zf_driver_uart.o [49]
Cy_SysClk_PeriphEnableDivider
                        0x1008'c059    0x4c  Code  Lc  zf_device_mt9v03x.o [48]
Cy_SysClk_PeriphEnableDivider
                        0x1008'39d5    0x4c  Code  Lc  zf_driver_delay.o [49]
Cy_SysClk_PeriphEnableDivider
                        0x1008'b501    0x4e  Code  Lc  zf_driver_encoder.o [49]
Cy_SysClk_PeriphEnableDivider
                        0x1008'b91b    0x4c  Code  Lc  zf_driver_pit.o [49]
Cy_SysClk_PeriphEnableDivider
                        0x1008'6e45    0x4e  Code  Lc  zf_driver_pwm.o [49]
Cy_SysClk_PeriphEnableDivider
                        0x1008'40f7    0x4e  Code  Lc  zf_driver_spi.o [49]
Cy_SysClk_PeriphEnableDivider
                        0x1008'5bcb    0x4e  Code  Lc  zf_driver_uart.o [49]
Cy_SysClk_PeriphSetDivider
                        0x1008'bf6b    0x7e  Code  Lc  zf_device_mt9v03x.o [48]
Cy_SysClk_PeriphSetDivider
                        0x1008'38e7    0x7e  Code  Lc  zf_driver_delay.o [49]
Cy_SysClk_PeriphSetDivider
                        0x1008'b40d    0x82  Code  Lc  zf_driver_encoder.o [49]
Cy_SysClk_PeriphSetDivider
                        0x1008'b829    0x82  Code  Lc  zf_driver_pit.o [49]
Cy_SysClk_PeriphSetDivider
                        0x1008'6d51    0x82  Code  Lc  zf_driver_pwm.o [49]
Cy_SysClk_PeriphSetFracDivider
                        0x1008'3fcd    0xb8  Code  Lc  zf_driver_spi.o [49]
Cy_SysClk_PeriphSetFracDivider
                        0x1008'5aa1    0xb8  Code  Lc  zf_driver_uart.o [49]
Cy_SysClk_Pll400MGetConfiguration
                        0x1008'913d    0x84  Code  Gb  cy_sysclk.o [33]
Cy_SysClk_Pll400MGetLockStatus
                        0x1008'8ef9    0x2a  Code  Lc  cy_sysclk.o [33]
Cy_SysClk_PllGetConfiguration
                        0x1008'90e9    0x48  Code  Gb  cy_sysclk.o [33]
Cy_SysClk_PllGetLockStatus
                        0x1008'8ebb    0x28  Code  Lc  cy_sysclk.o [33]
Cy_SysClk_WcoOkay       0x1008'8f25     0xe  Code  Lc  cy_sysclk.o [33]
Cy_SysInt_InitIRQ       0x1008'7b3d    0x7e  Code  Gb  cy_sysint.o [35]
Cy_SysInt_SetSystemIrqVector
                        0x1008'7bbb    0x12  Code  Gb  cy_sysint.o [35]
Cy_SysInt_SystemIrqUserTableRamPointer
                        0x2802'bf4c     0x4  Data  Gb  cy_interrupt_map.o [23]
Cy_SysLib_DelayCycles   0x1008'da01          Code  Gb  cy_syslib_iar.o [36]
Cy_SysLib_EnterCriticalSection
                        0x1008'da11          Code  Gb  cy_syslib_iar.o [36]
Cy_SysLib_ExitCriticalSection
                        0x1008'da19          Code  Gb  cy_syslib_iar.o [36]
Cy_SysLib_FaultHandler  0x1008'97dd    0x90  Code  Gb  cy_syslib.o [36]
Cy_SysLib_Halt          0x1008'97d9     0x4  Code  Gb  cy_syslib.o [36]
Cy_SysLib_ProcessingFault
                        0x1008'9881     0x2  Code  Wk  cy_syslib.o [36]
Cy_SysLib_SvcHandler    0x1008'db7d     0xc  Code  Wk  cy_syslib.o [36]
Cy_SystemInitFpuEnable  0x1008'c7c1    0x1e  Code  Gb  system_tviibh4m_cm7.o [22]
Cy_SystemIrqUserTable   0x2802'b860   0x6ec  Data  Gb  cy_interrupt_map.o [23]
Cy_Tcpwm_Counter_ClearTC_Intr
                        0x1008'4dd7    0x10  Code  Gb  cy_tcpwm_counter.o [43]
Cy_Tcpwm_Counter_Enable
                        0x1008'4db9     0xa  Code  Gb  cy_tcpwm_counter.o [43]
Cy_Tcpwm_Counter_GetCounter
                        0x1008'4dc7     0x4  Code  Gb  cy_tcpwm_counter.o [43]
Cy_Tcpwm_Counter_Init   0x1008'4c39   0x16c  Code  Gb  cy_tcpwm_counter.o [43]
Cy_Tcpwm_Counter_SetCounter
                        0x1008'4dc3     0x4  Code  Gb  cy_tcpwm_counter.o [43]
Cy_Tcpwm_Counter_SetTC_IntrMask
                        0x1008'4dcb     0xc  Code  Gb  cy_tcpwm_counter.o [43]
Cy_Tcpwm_Pwm_Enable     0x1008'7e1d     0xa  Code  Gb  cy_tcpwm_pwm.o [43]
Cy_Tcpwm_Pwm_Init       0x1008'7c1d   0x1e4  Code  Gb  cy_tcpwm_pwm.o [43]
Cy_Tcpwm_QuadDec_GetCounter
                        0x1008'b7f9     0x4  Code  Gb  cy_tcpwm_quaddec.o [43]
Cy_Tcpwm_QuadDec_SetCounter
                        0x1008'b7f5     0x4  Code  Gb  cy_tcpwm_quaddec.o [43]
Cy_Tcpwm_TriggerStart   0x1008'4e4f     0xc  Code  Gb  cy_tcpwm.o [43]
Cy_u32StartupStackEndAddress
                        0x1008'd2c0          Data  Gb  startup_cm7.o [31]
Cy_u32StartupStackStartAddress
                        0x1008'd2bc          Data  Gb  startup_cm7.o [31]
DebugMon_Handler        0x1008'dc31          Code  Wk  startup_cm7.o [31]
Element_Judge           0x1008'aded     0x2  Code  Gb  Camera.o [5]
Error_Angle             0x2803'6688    0x10  Data  Gb  GET_ANGLE.o [5]
Follow_Err              0x2803'66ec     0x4  Data  Gb  Follow_Line.o [5]
Follow_Err_Sum          0x2803'66f4     0x4  Data  Gb  Follow_Line.o [5]
Follow_Ki               0x2803'66f8     0x4  Data  Gb  Follow_Line.o [5]
Follow_Kp               0x2802'bf50     0x4  Data  Gb  Follow_Line.o [5]
Follow_LastErr          0x2803'66f0     0x4  Data  Gb  Follow_Line.o [5]
GetOSTU                 0x1008'a6e1   0x1e8  Code  Gb  Camera.o [5]
Get_Bin_Image           0x1008'a8c9    0xac  Code  Gb  Camera.o [5]
Get_Follow_Err          0x1008'c4a1    0x48  Code  Gb  Follow_Line.o [5]
Get_New_Angle           0x1008'333d    0x30  Code  Gb  GET_ANGLE.o [5]
Get_Use_Image           0x1008'aa45    0x54  Code  Gb  Camera.o [5]
Get_encoder             0x1008'c45d    0x40  Code  Gb  motor.o [5]
Gyro_Parameter          0x2803'662c    0x18  Data  Gb  GET_ANGLE.o [5]
HEAP_STACK$$Base        0x2807'e000           --   Gb  - Linker created -
HEAP_STACK$$Limit       0x2808'0000           --   Gb  - Linker created -
HardFault_Handler       0x1008'd9d9          Code  Wk  startup_cm7.o [31]
IMU                     0x2803'5f00    0x94  Data  Gb  GET_ANGLE.o [5]
[...]
imu963ra_read_acc_gyro_register
                        0x1008'3773    0x26  Code  Lc  zf_device_imu963ra.o [48]
imu963ra_read_acc_gyro_registers
                        0x1008'3799    0x26  Code  Lc  zf_device_imu963ra.o [48]
imu963ra_transition_factor
                        0x2802'bf7c     0xc  Data  Gb  zf_device_imu963ra.o [48]
imu963ra_write_acc_gyro_register
                        0x1008'3751    0x22  Code  Lc  zf_device_imu963ra.o [48]
intFreqInitialized      0x2803'677a     0x1  Data  Gb  cy_sysclk.o [33]
internalBaseFreqInfo    0x2803'65e4    0x18  Data  Gb  cy_sysclk.o [33]
interrupt_global_disable
                        0x1008'67a9    0x14  Code  Gb  zf_common_interrupt.o [46]
interrupt_global_enable
                        0x1008'6799    0x10  Code  Gb  zf_common_interrupt.o [46]
interrupt_global_flag   0x2803'6730     0x4  Data  Lc  zf_common_interrupt.o [46]
interrupt_init          0x1008'67e9    0x36  Code  Gb  zf_common_interrupt.o [46]
interrupt_set_priority  0x1008'67dd     0xc  Code  Gb  zf_common_interrupt.o [46]
invSqrt                 0x1008'26a7    0x18  Code  Gb  GET_ANGLE.o [5]
l_line_x                0x2803'6204    0x78  Data  Gb  Camera.o [5]
l_line_x_l              0x2803'62f4    0x78  Data  Gb  Camera.o [5]
l_lose_value            0x2803'6778     0x1  Data  Gb  Camera.o [5]
left_out                0x2803'6758     0x2  Data  Gb  control.o [5]
longest_White_Column    0x2803'66cc     0x4  Data  Gb  Camera.o [5]
longest_White_Column_site
                        0x2803'6754     0x2  Data  Gb  Camera.o [5]
main                    0x1008'bb95   0x210  Code  Gb  main_cm7_0.o [45]
mt9v03x_auto_exp        0x2803'6744     0x4  Data  Lc  zf_device_config_mt9v03x.o [54]
mt9v03x_exp_time        0x2803'6748     0x4  Data  Lc  zf_device_config_mt9v03x.o [54]
mt9v03x_finish_flag     0x2803'6783     0x1  Data  Gb  zf_device_mt9v03x.o [48]
mt9v03x_h_blank         0x2803'6740     0x4  Data  Lc  zf_device_config_mt9v03x.o [54]
mt9v03x_iic_inf_struct  0x2803'6698    0x10  Data  Lc  zf_device_config_mt9v03x.o [54]
mt9v03x_image           0x2802'c038  0x5820  Data  Gb  zf_device_mt9v03x.o [48]
mt9v03x_image_temp      0x2802'6024  0x5820  Data  Wk  zf_device_mt9v03x.o [48]
mt9v03x_init            0x1008'c1af    0x86  Code  Gb  zf_device_mt9v03x.o [48]
mt9v03x_read_word_sccb  0x1008'9941    0x28  Code  Lc  zf_device_config_mt9v03x.o [54]
mt9v03x_row             0x2803'674c     0x4  Data  Lc  zf_device_config_mt9v03x.o [54]
mt9v03x_sccb_check_id   0x1008'9969    0x60  Code  Gb  zf_device_config_mt9v03x.o [54]
mt9v03x_sccb_init       0x1008'c173    0x3c  Code  Gb  zf_device_mt9v03x.o [48]
mt9v03x_sccb_set_config
                        0x1008'99c9   0x6fe  Code  Gb  zf_device_config_mt9v03x.o [54]
mt9v03x_trig_init       0x1008'c0c3    0xb0  Code  Lc  zf_device_mt9v03x.o [48]
mt9v03x_v_blank         0x2803'673c     0x4  Data  Lc  zf_device_config_mt9v03x.o [54]
mt9v03x_write_and_check_word_sccb
                        0x1008'98af    0x92  Code  Lc  zf_device_config_mt9v03x.o [54]
mt9v03x_write_word_sccb
                        0x1008'9885    0x2a  Code  Lc  zf_device_config_mt9v03x.o [54]
out                     0x1008'6b41    0x18  Code  Lc  xprintftiny.o [50]
pit0_ch0_isr            0x1008'bda5    0x54  Code  Gb  main_cm7_0.o [45]
pit0_ch10_isr           0x1008'cc87     0xa  Code  Gb  cm7_0_isr.o [45]
pit0_ch11_isr           0x1008'cc91     0xa  Code  Gb  cm7_0_isr.o [45]
pit0_ch12_isr           0x1008'cc9b     0xa  Code  Gb  cm7_0_isr.o [45]
pit0_ch13_isr           0x1008'cca5     0xa  Code  Gb  cm7_0_isr.o [45]
pit0_ch14_isr           0x1008'ccaf     0xa  Code  Gb  cm7_0_isr.o [45]
pit0_ch15_isr           0x1008'ccb9     0xa  Code  Gb  cm7_0_isr.o [45]
pit0_ch16_isr           0x1008'ccc3     0xa  Code  Gb  cm7_0_isr.o [45]
pit0_ch17_isr           0x1008'cccd     0xa  Code  Gb  cm7_0_isr.o [45]
pit0_ch18_isr           0x1008'ccd7     0xa  Code  Gb  cm7_0_isr.o [45]
pit0_ch19_isr           0x1008'cce1     0xa  Code  Gb  cm7_0_isr.o [45]
pit0_ch1_isr            0x1008'bdfd    0xbc  Code  Gb  main_cm7_0.o [45]
pit0_ch20_isr           0x1008'cceb     0xa  Code  Gb  cm7_0_isr.o [45]
pit0_ch21_isr           0x1008'ccf5     0xe  Code  Gb  cm7_0_isr.o [45]
pit0_ch2_isr            0x1008'cc7d     0xa  Code  Gb  cm7_0_isr.o [45]
pit_init                0x1008'b991   0x1ee  Code  Gb  zf_driver_pit.o [49]
pit_isr_flag_clear      0x1008'b967    0x2a  Code  Gb  zf_driver_pit.o [49]
pit_isr_func            0x2802'bfb4    0x3c  Data  Gb  zf_driver_pit.o [49]
position_PID            0x1008'c281    0xce  Code  Gb  control.o [5]
pwm_all_channel_close   0x1008'78d5    0x1a  Code  Gb  zf_driver_pwm.o [49]
pwm_init                0x1008'7949   0x1e4  Code  Gb  zf_driver_pwm.o [49]
pwm_set_duty            0x1008'78ef    0x5a  Code  Gb  zf_driver_pwm.o [49]
q                       0x2802'bf54    0x20  Data  Gb  GET_ANGLE.o [5]
r_line_x                0x2803'627c    0x78  Data  Gb  Camera.o [5]
r_line_x_l              0x2803'636c    0x78  Data  Gb  Camera.o [5]
r_lose_value            0x2803'6779     0x1  Data  Gb  Camera.o [5]
restrict_the_BETA       0x1008'26c1    0x28  Code  Gb  GET_ANGLE.o [5]
right_out               0x2803'6756     0x2  Data  Gb  control.o [5]
road_type               0x2803'66a8     0xc  Data  Gb  Camera.o [5]
sar_adc                 0x2802'bf90     0xc  Data  Lc  zf_driver_adc.o [49]
scb_module              0x2802'c014    0x14  Data  Gb  zf_driver_uart.o [49]
search_line_end         0x2802'b850     0x4  Data  Gb  Camera.o [5]
soft_iic_init           0x1008'a665    0x78  Code  Gb  zf_driver_soft_iic.o [49]
soft_iic_read_data      0x1008'a48f   0x10e  Code  Lc  zf_driver_soft_iic.o [49]
soft_iic_sccb_read_register
                        0x1008'a5f9    0x6c  Code  Gb  zf_driver_soft_iic.o [49]
soft_iic_sccb_write_register
                        0x1008'a5a9    0x4c  Code  Gb  zf_driver_soft_iic.o [49]
soft_iic_send_ack       0x1008'a221    0xc6  Code  Lc  zf_driver_soft_iic.o [49]
soft_iic_send_data      0x1008'a3b7    0xd8  Code  Lc  zf_driver_soft_iic.o [49]
soft_iic_start          0x1008'a0e5    0x9e  Code  Lc  zf_driver_soft_iic.o [49]
soft_iic_stop           0x1008'a183    0x9e  Code  Lc  zf_driver_soft_iic.o [49]
soft_iic_wait_ack       0x1008'a2e7    0xd0  Code  Lc  zf_driver_soft_iic.o [49]
spi_get_clk_hsiom       0x1008'4201    0x28  Code  Lc  zf_driver_spi.o [49]
spi_get_clk_pin         0x1008'4145    0x28  Code  Lc  zf_driver_spi.o [49]
spi_get_cs_hsiom        0x1008'4279    0x44  Code  Lc  zf_driver_spi.o [49]
spi_get_cs_pin          0x1008'41bd    0x44  Code  Lc  zf_driver_spi.o [49]
spi_get_miso_hsiom      0x1008'4251    0x28  Code  Lc  zf_driver_spi.o [49]
spi_get_miso_pin        0x1008'4195    0x28  Code  Lc  zf_driver_spi.o [49]
spi_get_mosi_hsiom      0x1008'4229    0x28  Code  Lc  zf_driver_spi.o [49]
spi_get_mosi_pin        0x1008'416d    0x28  Code  Lc  zf_driver_spi.o [49]
spi_init                0x1008'4995   0x28e  Code  Gb  zf_driver_spi.o [49]
spi_module              0x2802'bff0    0x10  Data  Gb  zf_driver_spi.o [49]
spi_read_8bit_register  0x1008'47d1    0xd0  Code  Gb  zf_driver_spi.o [49]
spi_read_8bit_registers
                        0x1008'48a1    0xe2  Code  Gb  zf_driver_spi.o [49]
spi_write_16bit         0x1008'44a3    0xaa  Code  Gb  zf_driver_spi.o [49]
spi_write_16bit_array   0x1008'454d    0xb6  Code  Gb  zf_driver_spi.o [49]
spi_write_8bit          0x1008'43f9    0xaa  Code  Gb  zf_driver_spi.o [49]
spi_write_8bit_register
                        0x1008'4603    0xde  Code  Gb  zf_driver_spi.o [49]
spi_write_8bit_registers
                        0x1008'46e1    0xe8  Code  Gb  zf_driver_spi.o [49]
sprintf                 0x1008'62b5    0x40  Code  Gb  sprintf.o [50]
sqrtf                   0x1008'3edd          Code  Gb  sqrtf.o [51]
strlen                  0x1008'627d          Code  Gb  strlen.o [52]
strncmp                 0x1008'd051    0x2a  Code  Gb  strncmp.o [50]
strncpy                 0x1008'9769          Code  Gb  strncpy.o [52]
switch_transition_length
                        0x1008'42bd   0x13c  Code  Lc  zf_driver_spi.o [49]
system_clock            0x2803'672c     0x4  Data  Gb  zf_common_clock.o [46]
system_delay_init       0x1008'3a7f    0xa6  Code  Gb  zf_driver_delay.o [49]
system_delay_ms         0x1008'3a21    0x5e  Code  Gb  zf_driver_delay.o [49]
tanf                    0x1008'33dd   0x1a4  Code  Gb  tan32.o [51]
tft180_bgcolor          0x2802'c02e     0x2  Data  Lc  zf_device_tft180.o [48]
tft180_clear            0x1008'8011    0x72  Code  Gb  zf_device_tft180.o [48]
tft180_debug_init       0x1008'7fa7    0x68  Code  Lc  zf_device_tft180.o [48]
tft180_display_dir      0x2803'6784     0x1  Data  Lc  zf_device_tft180.o [48]
tft180_display_font     0x2802'c033     0x1  Data  Lc  zf_device_tft180.o [48]
tft180_draw_point       0x1008'80cb    0x7c  Code  Gb  zf_device_tft180.o [48]
tft180_height_max       0x2802'c02a     0x2  Data  Gb  zf_device_tft180.o [48]
tft180_init             0x1008'8869   0x35a  Code  Gb  zf_device_tft180.o [48]
tft180_pencolor         0x2802'c02c     0x2  Data  Lc  zf_device_tft180.o [48]
tft180_set_color        0x1008'80bd     0xe  Code  Gb  zf_device_tft180.o [48]
tft180_set_dir          0x1008'8083    0x3a  Code  Gb  zf_device_tft180.o [48]
tft180_set_region       0x1008'7e47   0x160  Code  Lc  zf_device_tft180.o [48]
tft180_show_char        0x1008'8147   0x1f4  Code  Gb  zf_device_tft180.o [48]
tft180_show_float       0x1008'85a1   0x13e  Code  Gb  zf_device_tft180.o [48]
tft180_show_gray_image  0x1008'86f9   0x150  Code  Gb  zf_device_tft180.o [48]
tft180_show_int         0x1008'83e7    0xde  Code  Gb  zf_device_tft180.o [48]
tft180_show_string      0x1008'833d    0xaa  Code  Gb  zf_device_tft180.o [48]
tft180_show_uint        0x1008'84c5    0xdc  Code  Gb  zf_device_tft180.o [48]
tft180_width_max        0x2802'c028     0x2  Data  Gb  zf_device_tft180.o [48]
tft180_write_index      0x1008'7e29    0x1e  Code  Lc  zf_device_tft180.o [48]
timer_ch                0x2802'c034     0x1  Data  Lc  zf_driver_delay.o [49]
tsl1401_collect_pit_handler
                        0x1008'ce4d    0x68  Code  Gb  zf_device_tsl1401.o [48]
tsl1401_data            0x2803'5a70   0x200  Data  Gb  zf_device_tsl1401.o [48]
tsl1401_finish_flag     0x2803'6786     0x1  Data  Gb  zf_device_tsl1401.o [48]
tsl1401_init_state      0x2803'6785     0x1  Data  Lc  zf_device_tsl1401.o [48]
turn_kd                 0x2803'66e0     0x4  Data  Gb  control.o [5]
turn_kp                 0x2803'66dc     0x4  Data  Gb  control.o [5]
turn_zhijiao            0x1008'c521   0x14e  Code  Gb  Follow_Line.o [5]
type_default_callback   0x1008'dc5d     0x2  Code  Lc  zf_device_type.o [48]
uart0_isr               0x1008'cd03    0x40  Code  Gb  cm7_0_isr.o [45]
uart1_isr               0x1008'cd43    0x42  Code  Gb  cm7_0_isr.o [45]
uart2_isr               0x1008'cd85    0x40  Code  Gb  cm7_0_isr.o [45]
uart3_isr               0x1008'cdc5    0x3c  Code  Gb  cm7_0_isr.o [45]
uart4_isr               0x1008'ce01    0x42  Code  Gb  cm7_0_isr.o [45]
uart_context            0x2803'5de8   0x118  Data  Gb  zf_driver_uart.o [49]
uart_init               0x1008'60a7   0x190  Code  Gb  zf_driver_uart.o [49]
uart_isr_func           0x2802'c000    0x14  Data  Gb  zf_driver_uart.o [49]
uart_query_byte         0x1008'5e5b    0x32  Code  Gb  zf_driver_uart.o [49]
uart_receiver_handler   0x2802'bf8c     0x4  Data  Gb  zf_device_type.o [48]
uart_rx_interrupt       0x1008'5fa9    0xfe  Code  Gb  zf_driver_uart.o [49]
uart_tx_interrupt       0x1008'5e8d   0x11c  Code  Gb  zf_driver_uart.o [49]
uart_write_byte         0x1008'5e17    0x28  Code  Gb  zf_driver_uart.o [49]
uart_write_string       0x1008'5e3f    0x1c  Code  Gb  zf_driver_uart.o [49]
wireless_module_uart_handler
                        0x2802'bf88     0x4  Data  Gb  zf_device_type.o [48]
zf_debug_assert_enable  0x2802'c032     0x1  Data  Lc  zf_common_debug.o [46]
zf_debug_init_flag      0x2803'677b     0x1  Data  Lc  zf_common_debug.o [46]
zhijiao_left            0x2803'6700     0x4  Data  Gb  Follow_Line.o [5]
zhijiao_right           0x2803'66fc     0x4  Data  Gb  Follow_Line.o [5]


[1] = C:\Users\jty\Desktop\CYT4BB7_Library-master\CYT4BB7_Library-master\Example\Coreboard_Demo\Car00\iar\Debug_m7_0\Obj\adc_11722776235721520015.dir
[2] = C:\Users\jty\Desktop\CYT4BB7_Library-master\CYT4BB7_Library-master\Example\Coreboard_Demo\Car00\iar\Debug_m7_0\Obj\audioss_1346650047966882938.dir
[3] = C:\Users\jty\Desktop\CYT4BB7_Library-master\CYT4BB7_Library-master\Example\Coreboard_Demo\Car00\iar\Debug_m7_0\Obj\button_4990804375159372270.dir
[4] = C:\Users\jty\Desktop\CYT4BB7_Library-master\CYT4BB7_Library-master\Example\Coreboard_Demo\Car00\iar\Debug_m7_0\Obj\canfd_1800690984773873875.dir
[5] = C:\Users\jty\Desktop\CYT4BB7_Library-master\CYT4BB7_Library-master\Example\Coreboard_Demo\Car00\iar\Debug_m7_0\Obj\code_17896468042025673432.dir
[6] = C:\Users\jty\Desktop\CYT4BB7_Library-master\CYT4BB7_Library-master\Example\Coreboard_Demo\Car00\iar\Debug_m7_0\Obj\cpu_15938736945165268644.dir
[7] = C:\Users\jty\Desktop\CYT4BB7_Library-master\CYT4BB7_Library-master\Example\Coreboard_Demo\Car00\iar\Debug_m7_0\Obj\crypto_1190170608956581615.dir
[8] = C:\Users\jty\Desktop\CYT4BB7_Library-master\CYT4BB7_Library-master\Example\Coreboard_Demo\Car00\iar\Debug_m7_0\Obj\dma_12106025507578611576.dir
[9] = C:\Users\jty\Desktop\CYT4BB7_Library-master\CYT4BB7_Library-master\Example\Coreboard_Demo\Car00\iar\Debug_m7_0\Obj\eth_phy_18133017486186456677.dir
[10] = C:\Users\jty\Desktop\CYT4BB7_Library-master\CYT4BB7_Library-master\Example\Coreboard_Demo\Car00\iar\Debug_m7_0\Obj\ethernet_6029839089178797009.dir
[11] = C:\Users\jty\Desktop\CYT4BB7_Library-master\CYT4BB7_Library-master\Example\Coreboard_Demo\Car00\iar\Debug_m7_0\Obj\evtgen_3404189088603873129.dir
[12] = C:\Users\jty\Desktop\CYT4BB7_Library-master\CYT4BB7_Library-master\Example\Coreboard_Demo\Car00\iar\Debug_m7_0\Obj\flash_8529866181315662935.dir
[13] = C:\Users\jty\Desktop\CYT4BB7_Library-master\CYT4BB7_Library-master\Example\Coreboard_Demo\Car00\iar\Debug_m7_0\Obj\flash_864493325053435817.dir
[14] = C:\Users\jty\Desktop\CYT4BB7_Library-master\CYT4BB7_Library-master\Example\Coreboard_Demo\Car00\iar\Debug_m7_0\Obj\gpio_3999404635324069351.dir
[15] = C:\Users\jty\Desktop\CYT4BB7_Library-master\CYT4BB7_Library-master\Example\Coreboard_Demo\Car00\iar\Debug_m7_0\Obj\ipc_10145506163450686023.dir
[16] = C:\Users\jty\Desktop\CYT4BB7_Library-master\CYT4BB7_Library-master\Example\Coreboard_Demo\Car00\iar\Debug_m7_0\Obj\lin_18429031207028094880.dir
[17] = C:\Users\jty\Desktop\CYT4BB7_Library-master\CYT4BB7_Library-master\Example\Coreboard_Demo\Car00\iar\Debug_m7_0\Obj\lvd_6353935867039560245.dir
[18] = C:\Users\jty\Desktop\CYT4BB7_Library-master\CYT4BB7_Library-master\Example\Coreboard_Demo\Car00\iar\Debug_m7_0\Obj\mcwdt_4052485907822033969.dir
[19] = C:\Users\jty\Desktop\CYT4BB7_Library-master\CYT4BB7_Library-master\Example\Coreboard_Demo\Car00\iar\Debug_m7_0\Obj\mpu_5663187252346826382.dir
[20] = C:\Users\jty\Desktop\CYT4BB7_Library-master\CYT4BB7_Library-master\Example\Coreboard_Demo\Car00\iar\Debug_m7_0\Obj\power_14453085144426420577.dir
[21] = C:\Users\jty\Desktop\CYT4BB7_Library-master\CYT4BB7_Library-master\Example\Coreboard_Demo\Car00\iar\Debug_m7_0\Obj\prot_10722960861768657883.dir
[22] = C:\Users\jty\Desktop\CYT4BB7_Library-master\CYT4BB7_Library-master\Example\Coreboard_Demo\Car00\iar\Debug_m7_0\Obj\rev_b_4986922561640112550.dir
[23] = C:\Users\jty\Desktop\CYT4BB7_Library-master\CYT4BB7_Library-master\Example\Coreboard_Demo\Car00\iar\Debug_m7_0\Obj\rev_b_6162237342861132223.dir
[24] = C:\Users\jty\Desktop\CYT4BB7_Library-master\CYT4BB7_Library-master\Example\Coreboard_Demo\Car00\iar\Debug_m7_0\Obj\scb_15490842639181808494.dir
[25] = C:\Users\jty\Desktop\CYT4BB7_Library-master\CYT4BB7_Library-master\Example\Coreboard_Demo\Car00\iar\Debug_m7_0\Obj\sd_host_2982766354293506895.dir
[26] = C:\Users\jty\Desktop\CYT4BB7_Library-master\CYT4BB7_Library-master\Example\Coreboard_Demo\Car00\iar\Debug_m7_0\Obj\semihosting_143864889731838620.dir
[27] = C:\Users\jty\Desktop\CYT4BB7_Library-master\CYT4BB7_Library-master\Example\Coreboard_Demo\Car00\iar\Debug_m7_0\Obj\smartio_5451710003740070188.dir
[28] = C:\Users\jty\Desktop\CYT4BB7_Library-master\CYT4BB7_Library-master\Example\Coreboard_Demo\Car00\iar\Debug_m7_0\Obj\smif_427648126384146252.dir
[29] = C:\Users\jty\Desktop\CYT4BB7_Library-master\CYT4BB7_Library-master\Example\Coreboard_Demo\Car00\iar\Debug_m7_0\Obj\smif_mem_6470536964353725183.dir
[30] = C:\Users\jty\Desktop\CYT4BB7_Library-master\CYT4BB7_Library-master\Example\Coreboard_Demo\Car00\iar\Debug_m7_0\Obj\srom_13018798572330080582.dir
[31] = C:\Users\jty\Desktop\CYT4BB7_Library-master\CYT4BB7_Library-master\Example\Coreboard_Demo\Car00\iar\Debug_m7_0\Obj\startup_479057977785470282.dir
[32] = C:\Users\jty\Desktop\CYT4BB7_Library-master\CYT4BB7_Library-master\Example\Coreboard_Demo\Car00\iar\Debug_m7_0\Obj\sw_timer_4215635015939382130.dir
[33] = C:\Users\jty\Desktop\CYT4BB7_Library-master\CYT4BB7_Library-master\Example\Coreboard_Demo\Car00\iar\Debug_m7_0\Obj\sysclk_16149231235676103872.dir
[34] = C:\Users\jty\Desktop\CYT4BB7_Library-master\CYT4BB7_Library-master\Example\Coreboard_Demo\Car00\iar\Debug_m7_0\Obj\sysflt_12293435975120599261.dir
[35] = C:\Users\jty\Desktop\CYT4BB7_Library-master\CYT4BB7_Library-master\Example\Coreboard_Demo\Car00\iar\Debug_m7_0\Obj\sysint_7435970359207984181.dir
[36] = C:\Users\jty\Desktop\CYT4BB7_Library-master\CYT4BB7_Library-master\Example\Coreboard_Demo\Car00\iar\Debug_m7_0\Obj\syslib_16330585751512546975.dir
[37] = C:\Users\jty\Desktop\CYT4BB7_Library-master\CYT4BB7_Library-master\Example\Coreboard_Demo\Car00\iar\Debug_m7_0\Obj\syspm_10887939769544754770.dir
[38] = C:\Users\jty\Desktop\CYT4BB7_Library-master\CYT4BB7_Library-master\Example\Coreboard_Demo\Car00\iar\Debug_m7_0\Obj\sysreghc_17676636058511625587.dir
[39] = C:\Users\jty\Desktop\CYT4BB7_Library-master\CYT4BB7_Library-master\Example\Coreboard_Demo\Car00\iar\Debug_m7_0\Obj\sysreset_14586141425677365288.dir
[40] = C:\Users\jty\Desktop\CYT4BB7_Library-master\CYT4BB7_Library-master\Example\Coreboard_Demo\Car00\iar\Debug_m7_0\Obj\sysrtc_10747768817563771611.dir
[41] = C:\Users\jty\Desktop\CYT4BB7_Library-master\CYT4BB7_Library-master\Example\Coreboard_Demo\Car00\iar\Debug_m7_0\Obj\systick_16016591671695740695.dir
[42] = C:\Users\jty\Desktop\CYT4BB7_Library-master\CYT4BB7_Library-master\Example\Coreboard_Demo\Car00\iar\Debug_m7_0\Obj\syswdt_9118657615806274156.dir
[43] = C:\Users\jty\Desktop\CYT4BB7_Library-master\CYT4BB7_Library-master\Example\Coreboard_Demo\Car00\iar\Debug_m7_0\Obj\tcpwm_422923530147891246.dir
[44] = C:\Users\jty\Desktop\CYT4BB7_Library-master\CYT4BB7_Library-master\Example\Coreboard_Demo\Car00\iar\Debug_m7_0\Obj\trigmux_9729677290734583340.dir
[45] = C:\Users\jty\Desktop\CYT4BB7_Library-master\CYT4BB7_Library-master\Example\Coreboard_Demo\Car00\iar\Debug_m7_0\Obj\user_8514941877209965082.dir
[46] = C:\Users\jty\Desktop\CYT4BB7_Library-master\CYT4BB7_Library-master\Example\Coreboard_Demo\Car00\iar\Debug_m7_0\Obj\zf_common_1201165462030747823.dir
[47] = C:\Users\jty\Desktop\CYT4BB7_Library-master\CYT4BB7_Library-master\Example\Coreboard_Demo\Car00\iar\Debug_m7_0\Obj\zf_components_14936052685886095442.dir
[48] = C:\Users\jty\Desktop\CYT4BB7_Library-master\CYT4BB7_Library-master\Example\Coreboard_Demo\Car00\iar\Debug_m7_0\Obj\zf_device_6570275422786408770.dir
[49] = C:\Users\jty\Desktop\CYT4BB7_Library-master\CYT4BB7_Library-master\Example\Coreboard_Demo\Car00\iar\Debug_m7_0\Obj\zf_driver_11922370083829174090.dir
[50] = dl7M_tln.a
[51] = m7M_tlv.a
[52] = rt7M_tl.a
[53] = shb_l.a
[54] = zf_device_config.a

  44'092 bytes of readonly  code memory
  12'557 bytes of readonly  data memory
  53'180 bytes of readwrite data memory (+ 22'560 absolute)

Errors: none
Warnings: none
